******************************************************************************
                  TI ARM Linker PC v16.9.4                     
******************************************************************************
>> Linked Sat Dec 09 04:30:56 2017

OUTPUT FILE NAME:   <basic_display_v2.out>
ENTRY POINT SYMBOL: "_c_int00"  address: 00004a9d


MEMORY CONFIGURATION

         name            origin    length      used     unused   attr    fill
----------------------  --------  ---------  --------  --------  ----  --------
  MAIN                  00000000   00040000  00005990  0003a670  R  X
  INFO                  00200000   00004000  00000000  00004000  R  X
  SRAM_CODE             01000000   00010000  000003e6  0000fc1a  RW X
  SRAM_DATA             20000000   00010000  000003e6  0000fc1a  RW  


SEGMENT ALLOCATION MAP

run origin  load origin   length   init length attrs members
----------  ----------- ---------- ----------- ----- -------
00000000    00000000    00005990   00005990    r-x
  00000000    00000000    000000e4   000000e4    r-- .intvecs
  000000e4    000000e4    00004cb4   00004cb4    r-x .text
  00004d98    00004d98    00000b80   00000b80    r-- .const
  00005918    00005918    00000078   00000078    r-- .cinit
20000000    20000000    000001e8   00000000    rw-
  20000000    20000000    000000e4   00000000    rw- .vtable
  200000e4    200000e4    000000aa   00000000    rw- .bss
  20000190    20000190    00000058   00000000    rw- .data
2000fe00    2000fe00    00000200   00000000    rw-
  2000fe00    2000fe00    00000200   00000000    rw- .stack


SECTION ALLOCATION MAP

 output                                  attributes/
section   page    origin      length       input sections
--------  ----  ----------  ----------   ----------------
.intvecs   0    00000000    000000e4     
                  00000000    000000e4     startup_msp432p401r_ccs.obj (.intvecs:retain)

.binit     0    00000000    00000000     

.text      0    000000e4    00004cb4     
                  000000e4    0000113e     rtsv7M4_T_le_v4SPD16_eabi.lib : _printfi.obj (.text)
                  00001222    00000002                                   : mpu_init.obj (.text)
                  00001224    000008a4     spi.obj (.text)
                  00001ac8    00000678     Crystalfontz128x128_ST7735.obj (.text)
                  00002140    00000630     string.obj (.text)
                  00002770    00000490     line.obj (.text)
                  00002c00    00000480     gpio.obj (.text)
                  00003080    000003f0     interrupt.obj (.text)
                  00003470    0000032c     system_msp432p401r.obj (.text)
                  0000379c    00000266     context.obj (.text)
                  00003a02    00000002     rtsv7M4_T_le_v4SPD16_eabi.lib : startup.obj (.text)
                  00003a04    0000021c     main.obj (.text)
                  00003c20    000001f4     rtsv7M4_T_le_v4SPD16_eabi.lib : ull_div_t2.obj (.text)
                  00003e14    000001b6                                   : fd_add_t2.obj (.text)
                  00003fca    00000002     --HOLE-- [fill = 0]
                  00003fcc    00000138     ConfigureRTC.obj (.text)
                  00004104    00000136     rtsv7M4_T_le_v4SPD16_eabi.lib : fd_div_t2.obj (.text)
                  0000423a    00000134     display.obj (.text)
                  0000436e    000000fc     rtsv7M4_T_le_v4SPD16_eabi.lib : fd_mul_t2.obj (.text)
                  0000446a    00000002     --HOLE-- [fill = 0]
                  0000446c    000000fc                                   : s_scalbn.obj (.text)
                  00004568    000000bc     HAL_MSP_EXP432P401R_Crystalfontz128x128_ST7735.obj (.text)
                  00004624    000000b8     Lcd.obj (.text)
                  000046dc    0000009c     rtsv7M4_T_le_v4SPD16_eabi.lib : memcpy_t2.obj (.text)
                  00004778    00000086                                   : fd_cmp_t2.obj (.text:__aeabi_cdcmple)
                  000047fe    00000086                                   : fd_cmp_t2.obj (.text:__aeabi_cdrcmple)
                  00004884    0000007a                                   : memset_t2.obj (.text)
                  000048fe    00000002     --HOLE-- [fill = 0]
                  00004900    00000070                                   : autoinit.obj (.text)
                  00004970    00000068                                   : copy_decompress_lzss.obj (.text:decompress:lzss)
                  000049d8    00000064                                   : s_frexp.obj (.text)
                  00004a3c    00000060                                   : sprintf.obj (.text)
                  00004a9c    00000054                                   : boot.obj (.text)
                  00004af0    00000054                                   : exit.obj (.text)
                  00004b44    00000054                                   : ltoa.obj (.text)
                  00004b98    0000004c                                   : atoi.obj (.text)
                  00004be4    0000004c                                   : cpy_tbl.obj (.text)
                  00004c30    00000048                                   : fd_toi_t2.obj (.text)
                  00004c78    0000003e     cpu.obj (.text)
                  00004cb6    0000002e     rtsv7M4_T_le_v4SPD16_eabi.lib : i_tofd_t2.obj (.text)
                  00004ce4    0000001c                                   : memccpy.obj (.text)
                  00004d00    00000018                                   : args_main.obj (.text)
                  00004d18    00000016                                   : strchr.obj (.text)
                  00004d2e    00000002     --HOLE-- [fill = 0]
                  00004d30    00000014                                   : _lock.obj (.text)
                  00004d44    00000014                                   : s_copysign.obj (.text)
                  00004d58    00000014                                   : strlen.obj (.text)
                  00004d6c    0000000e                                   : copy_decompress_none.obj (.text:decompress:none)
                  00004d7a    0000000e     startup_msp432p401r_ccs.obj (.text)
                  00004d88    0000000c     rtsv7M4_T_le_v4SPD16_eabi.lib : copy_zero_init.obj (.text:decompress:ZI)
                  00004d94    00000004                                   : pre_init.obj (.text)

.const     0    00004d98    00000b80     
                  00004d98    000008ba     fontcm18i.obj (.const:.string:g_pucCm18iData)
                  00005652    00000101     rtsv7M4_T_le_v4SPD16_eabi.lib : ctype.obj (.const:.string:_ctypes_)
                  00005753    00000001     --HOLE-- [fill = 0]
                  00005754    000000c8     fontcm18i.obj (.const:g_sFontCm18i)
                  0000581c    00000050     interrupt.obj (.const:g_pulRegs)
                  0000586c    0000002c     Crystalfontz128x128_ST7735.obj (.const:g_sCrystalfontz128x128)
                  00005898    00000020     interrupt.obj (.const:g_pulPriority)
                  000058b8    0000001c     HAL_MSP_EXP432P401R_Crystalfontz128x128_ST7735.obj (.const:$P$T0$1)
                  000058d4    0000001c     gpio.obj (.const:GPIO_PORT_TO_INT)
                  000058f0    00000008     Crystalfontz128x128_ST7735.obj (.const:$P$T0$1)
                  000058f8    00000008     interrupt.obj (.const:g_pulDisRegs)
                  00005900    00000008     interrupt.obj (.const:g_pulEnRegs)
                  00005908    00000008     interrupt.obj (.const:g_pulPendRegs)
                  00005910    00000008     interrupt.obj (.const:g_pulUnpendRegs)

.cinit     0    00005918    00000078     
                  00005918    00000044     (.cinit..data.load) [load image, compression = lzss]
                  0000595c    0000000c     (__TI_handler_table)
                  00005968    00000008     (.cinit..bss.load) [load image, compression = zero_init]
                  00005970    00000008     (.cinit..vtable.load) [load image, compression = zero_init]
                  00005978    00000018     (__TI_cinit_table)

.init_array 
*          0    00000000    00000000     UNINITIALIZED

.vtable    0    20000000    000000e4     UNINITIALIZED
                  20000000    000000e4     interrupt.obj (.vtable)

.bss       0    200000e4    000000aa     UNINITIALIZED
                  200000e4    0000001c     (.common:g_sContext)
                  20000100    00000014     (.common:days_string_number)
                  20000114    00000014     (.common:hours_string)
                  20000128    00000014     (.common:minutes_string)
                  2000013c    00000014     (.common:months_string)
                  20000150    00000014     (.common:seconds_string)
                  20000164    00000014     (.common:years_string)
                  20000178    00000004     (.common:second)
                  2000017c    00000002     (.common:Lcd_ScreenHeigth)
                  2000017e    00000002     (.common:Lcd_ScreenWidth)
                  20000180    00000002     (.common:Lcd_TouchTrim)
                  20000182    00000002     (.common:year)
                  20000184    00000001     (.common:AM)
                  20000185    00000001     (.common:Lcd_FlagRead)
                  20000186    00000001     (.common:Lcd_FontSolid)
                  20000187    00000001     (.common:Lcd_Orientation)
                  20000188    00000001     (.common:Lcd_PenSolid)
                  20000189    00000001     (.common:day)
                  2000018a    00000001     (.common:day_of_week)
                  2000018b    00000001     (.common:hour)
                  2000018c    00000001     (.common:minute)
                  2000018d    00000001     (.common:month)

.data      0    20000190    00000058     UNINITIALIZED
                  20000190    00000030     gpio.obj (.data:GPIO_PORT_TO_BASE)
                  200001c0    0000000c     rtsv7M4_T_le_v4SPD16_eabi.lib : exit.obj (.data:$O1$$)
                  200001cc    00000008                                   : _lock.obj (.data:$O1$$)
                  200001d4    00000008     main.obj (.data)
                  200001dc    00000004     rtsv7M4_T_le_v4SPD16_eabi.lib : errno.obj (.data)
                  200001e0    00000004                                   : stkdepth_vars.obj (.data)
                  200001e4    00000004     system_msp432p401r.obj (.data)

.stack     0    2000fe00    00000200     UNINITIALIZED
                  2000fe00    00000200     --HOLE--

MODULE SUMMARY

       Module                                               code    ro data   rw data
       ------                                               ----    -------   -------
    .\
       fontcm18i.obj                                        0       2434      0      
       spi.obj                                              2212    0         0      
       Crystalfontz128x128_ST7735.obj                       1656    52        20     
       interrupt.obj                                        1008    144       456    
       string.obj                                           1584    0         0      
       gpio.obj                                             1152    28        96     
       line.obj                                             1168    0         0      
       main.obj                                             540     0         280    
       system_msp432p401r.obj                               812     0         8      
       context.obj                                          614     0         0      
       ConfigureRTC.obj                                     312     0         0      
       display.obj                                          308     0         0      
       startup_msp432p401r_ccs.obj                          14      228       0      
       Lcd.obj                                              184     0         56     
       HAL_MSP_EXP432P401R_Crystalfontz128x128_ST7735.obj   188     28        0      
       cpu.obj                                              62      0         0      
    +--+----------------------------------------------------+-------+---------+---------+
       Total:                                               11814   2914      916    
                                                                                     
    C:\Users\kwat1\Documents\ccsv7\tools\compiler\ti-cgt-arm_16.9.4.LTS\lib\rtsv7M4_T_le_v4SPD16_eabi.lib
       _printfi.obj                                         4414    0         0      
       ull_div_t2.obj                                       500     0         0      
       fd_add_t2.obj                                        438     0         0      
       fd_div_t2.obj                                        310     0         0      
       fd_cmp_t2.obj                                        268     0         0      
       ctype.obj                                            0       257       0      
       fd_mul_t2.obj                                        252     0         0      
       s_scalbn.obj                                         252     0         0      
       memcpy_t2.obj                                        156     0         0      
       memset_t2.obj                                        122     0         0      
       autoinit.obj                                         112     0         0      
       exit.obj                                             84      0         24     
       copy_decompress_lzss.obj                             104     0         0      
       s_frexp.obj                                          100     0         0      
       sprintf.obj                                          96      0         0      
       boot.obj                                             84      0         0      
       ltoa.obj                                             84      0         0      
       atoi.obj                                             76      0         0      
       cpy_tbl.obj                                          76      0         0      
       fd_toi_t2.obj                                        72      0         0      
       i_tofd_t2.obj                                        46      0         0      
       _lock.obj                                            20      0         16     
       memccpy.obj                                          28      0         0      
       args_main.obj                                        24      0         0      
       strchr.obj                                           22      0         0      
       s_copysign.obj                                       20      0         0      
       strlen.obj                                           20      0         0      
       copy_decompress_none.obj                             14      0         0      
       copy_zero_init.obj                                   12      0         0      
       errno.obj                                            0       0         8      
       stkdepth_vars.obj                                    0       0         8      
       pre_init.obj                                         4       0         0      
       mpu_init.obj                                         2       0         0      
       startup.obj                                          2       0         0      
    +--+----------------------------------------------------+-------+---------+---------+
       Total:                                               7814    257       56     
                                                                                     
       Stack:                                               0       0         1024   
       Linker Generated:                                    0       120       0      
    +--+----------------------------------------------------+-------+---------+---------+
       Grand Total:                                         19628   3291      1996   


LINKER GENERATED COPY TABLES

__TI_cinit_table @ 00005978 records: 3, size/record: 8, table size: 24
	.data: load addr=00005918, load size=00000044 bytes, run addr=20000190, run size=00000058 bytes, compression=lzss
	.bss: load addr=00005968, load size=00000008 bytes, run addr=200000e4, run size=000000aa bytes, compression=zero_init
	.vtable: load addr=00005970, load size=00000008 bytes, run addr=20000000, run size=000000e4 bytes, compression=zero_init


LINKER GENERATED HANDLER TABLE

__TI_handler_table @ 0000595c records: 3, size/record: 4, table size: 12
	index: 0, handler: __TI_zero_init
	index: 1, handler: __TI_decompress_lzss
	index: 2, handler: __TI_decompress_none


GLOBAL SYMBOLS: SORTED ALPHABETICALLY BY Name 

address   name                                       
-------   ----                                       
00004d87  ADC14_IRQHandler                           
00004d87  AES256_IRQHandler                          
20000184  AM                                         
00004d87  BusFault_Handler                           
00004af1  C$$EXIT                                    
00004d87  COMP_E0_IRQHandler                         
00004d87  COMP_E1_IRQHandler                         
00004cad  CPU_basepriGet                             
00004c9f  CPU_basepriSet                             
00004c79  CPU_cpsid                                  
00004c8f  CPU_cpsie                                  
00004c85  CPU_primask                                
00004c9b  CPU_wfi                                    
00004d87  CS_IRQHandler                              
00001ac9  Crystalfontz128x128_Init                   
00001bdd  Crystalfontz128x128_SetDrawFrame           
00001d0b  Crystalfontz128x128_SetOrientation         
00004d87  DMA_ERR_IRQHandler                         
00004d87  DMA_INT0_IRQHandler                        
00004d87  DMA_INT1_IRQHandler                        
00004d87  DMA_INT2_IRQHandler                        
00004d87  DMA_INT3_IRQHandler                        
00004d87  DebugMon_Handler                           
00004d87  Default_Handler                            
00004d87  EUSCIA0_IRQHandler                         
00004d87  EUSCIA1_IRQHandler                         
00004d87  EUSCIA2_IRQHandler                         
00004d87  EUSCIA3_IRQHandler                         
00004d87  EUSCIB0_IRQHandler                         
00004d87  EUSCIB1_IRQHandler                         
00004d87  EUSCIB2_IRQHandler                         
00004d87  EUSCIB3_IRQHandler                         
00001993  EUSCI_A_SPI_changeClockPhasePolarity       
00001a47  EUSCI_A_SPI_clearInterruptFlag             
00001a77  EUSCI_A_SPI_disable                        
00001a15  EUSCI_A_SPI_disableInterrupt               
00001a61  EUSCI_A_SPI_enable                         
000019fb  EUSCI_A_SPI_enableInterrupt                
00001a2f  EUSCI_A_SPI_getInterruptStatus             
00001a8d  EUSCI_A_SPI_getReceiveBufferAddressForDMA  
00001a9b  EUSCI_A_SPI_getTransmitBufferAddressForDMA 
00001aa9  EUSCI_A_SPI_isBusy                         
00001913  EUSCI_A_SPI_masterChangeClock              
000019eb  EUSCI_A_SPI_receiveData                    
000018f3  EUSCI_A_SPI_select4PinFunctionality        
00001949  EUSCI_A_SPI_slaveInit                      
000019d5  EUSCI_A_SPI_transmitData                   
000017c5  EUSCI_B_SPI_changeClockPhasePolarity       
00001879  EUSCI_B_SPI_clearInterruptFlag             
000018a9  EUSCI_B_SPI_disable                        
00001847  EUSCI_B_SPI_disableInterrupt               
00001893  EUSCI_B_SPI_enable                         
0000182d  EUSCI_B_SPI_enableInterrupt                
00001861  EUSCI_B_SPI_getInterruptStatus             
000018bf  EUSCI_B_SPI_getReceiveBufferAddressForDMA  
000018cd  EUSCI_B_SPI_getTransmitBufferAddressForDMA 
000018db  EUSCI_B_SPI_isBusy                         
00001749  EUSCI_B_SPI_masterChangeClock              
0000181d  EUSCI_B_SPI_receiveData                    
00001729  EUSCI_B_SPI_select4PinFunctionality        
0000177b  EUSCI_B_SPI_slaveInit                      
00001807  EUSCI_B_SPI_transmitData                   
00004d87  FLCTL_IRQHandler                           
00004d87  FPU_IRQHandler                             
00002f23  GPIO_clearInterruptFlag                    
00002ee3  GPIO_disableInterrupt                      
00002ec1  GPIO_enableInterrupt                       
00002f7b  GPIO_getEnabledInterruptStatus             
00002e93  GPIO_getInputPinValue                      
00002f05  GPIO_getInterruptStatus                    
00002f45  GPIO_interruptEdgeSelect                   
0000303b  GPIO_registerInterrupt                     
00002c3b  GPIO_setAsInputPin                         
00002def  GPIO_setAsInputPinWithPullDownResistor     
00002e41  GPIO_setAsInputPinWithPullUpResistor       
00002c01  GPIO_setAsOutputPin                        
00002d05  GPIO_setAsPeripheralModuleFunctionInputPin 
00002c81  GPIO_setAsPeripheralModuleFunctionOutputPin
00002ff7  GPIO_setDriveStrengthHigh                  
00003019  GPIO_setDriveStrengthLow                   
00002d89  GPIO_setOutputHighOnPin                    
00002dab  GPIO_setOutputLowOnPin                     
00002dcd  GPIO_toggleOutputOnPin                     
0000305b  GPIO_unregisterInterrupt                   
00003989  Graphics_clearDisplay                      
00004357  Graphics_clearDisplayOnDisplay             
000042a9  Graphics_drawHorizontalLineOnDisplay       
00002a8d  Graphics_drawLine                          
00002771  Graphics_drawLineH                         
0000280d  Graphics_drawLineV                         
00004265  Graphics_drawMultiplePixelsOnDisplay       
0000399b  Graphics_drawPixel                         
0000423b  Graphics_drawPixelOnDisplay                
0000227b  Graphics_drawString                        
00002709  Graphics_drawStringCentered                
000042dd  Graphics_drawVerticalLineOnDisplay         
00004311  Graphics_fillRectangleOnDisplay            
0000397b  Graphics_flushBuffer                       
00004345  Graphics_flushOnDisplay                    
0000395d  Graphics_getDisplayHeight                  
0000394d  Graphics_getDisplayWidth                   
000038fb  Graphics_getFontBaseline                   
00003931  Graphics_getFontHeight                     
0000393f  Graphics_getFontMaxWidth                   
0000396d  Graphics_getHeightOfDisplay                
000026f9  Graphics_getStringBaseline                 
00002751  Graphics_getStringHeight                   
00002761  Graphics_getStringMaxWidth                 
00002181  Graphics_getStringWidth                    
000039f5  Graphics_getWidthOfDisplay                 
0000379d  Graphics_initContext                       
000038b1  Graphics_setBackgroundColor                
000038cb  Graphics_setBackgroundColorTranslated      
000037e7  Graphics_setClipRegion                     
000038e1  Graphics_setFont                           
00003909  Graphics_setForegroundColor                
0000391f  Graphics_setForegroundColorTranslated      
0000432f  Graphics_translateColorOnDisplay           
00004569  HAL_LCD_PortInit                           
00004599  HAL_LCD_SpiInit                            
000045cf  HAL_LCD_writeCommand                       
000045f7  HAL_LCD_writeData                          
00004d87  HardFault_Handler                          
00003243  Interrupt_disableInterrupt                 
00003093  Interrupt_disableMaster                    
00003441  Interrupt_disableSleepOnIsrExit            
000031d1  Interrupt_enableInterrupt                  
00003083  Interrupt_enableMaster                     
0000342f  Interrupt_enableSleepOnIsrExit             
000031ab  Interrupt_getPriority                      
00003123  Interrupt_getPriorityGrouping              
0000340f  Interrupt_getPriorityMask                  
00003429  Interrupt_getVectorTableAddress            
000032b5  Interrupt_isEnabled                        
00003341  Interrupt_pendInterrupt                    
000030a3  Interrupt_registerInterrupt                
0000315b  Interrupt_setPriority                      
00003109  Interrupt_setPriorityGrouping              
000033ff  Interrupt_setPriorityMask                  
00003419  Interrupt_setVectorTableAddress            
000033b1  Interrupt_unpendInterrupt                  
000030f5  Interrupt_unregisterInterrupt              
00004625  LCD                                        
20000185  Lcd_FlagRead                               
20000186  Lcd_FontSolid                              
20000187  Lcd_Orientation                            
20000188  Lcd_PenSolid                               
2000017c  Lcd_ScreenHeigth                           
2000017e  Lcd_ScreenWidth                            
20000180  Lcd_TouchTrim                              
00004d87  MemManage_Handler                          
00004d87  NMI_Handler                                
00004d87  PCM_IRQHandler                             
00004d87  PORT1_IRQHandler                           
00004d87  PORT2_IRQHandler                           
00004d87  PORT3_IRQHandler                           
00004d87  PORT4_IRQHandler                           
00004d87  PORT5_IRQHandler                           
00004d87  PORT6_IRQHandler                           
00004d87  PSS_IRQHandler                             
00004d87  PendSV_Handler                             
00004045  RTC_C_IRQHandler                           
00004045  RTC_C_IRQHandler                           
00004d7b  Reset_Handler                              
UNDEFED   SHT$$INIT_ARRAY$$Base                      
UNDEFED   SHT$$INIT_ARRAY$$Limit                     
000013e7  SPI_changeClockPhasePolarity               
00001341  SPI_changeMasterClock                      
00001599  SPI_clearInterruptFlag                     
0000151b  SPI_disableInterrupt                       
00001475  SPI_disableModule                          
000014f5  SPI_enableInterrupt                        
00001459  SPI_enableModule                           
00001569  SPI_getEnabledInterruptStatus              
00001541  SPI_getInterruptStatus                     
00001491  SPI_getReceiveBufferAddressForDMA          
000014ad  SPI_getTransmitBufferAddressForDMA         
00001255  SPI_initMaster                             
00001369  SPI_initSlave                              
000014d9  SPI_isBusy                                 
0000143d  SPI_receiveData                            
000015bf  SPI_registerInterrupt                      
0000131b  SPI_selectFourPinFunctionality             
00001417  SPI_transmitData                           
0000167d  SPI_unregisterInterrupt                    
00004d87  SVC_Handler                                
00004d87  SysTick_Handler                            
200001e4  SystemCoreClock                            
00003471  SystemCoreClockUpdate                      
000036e5  SystemInit                                 
00004d87  T32_INT1_IRQHandler                        
00004d87  T32_INT2_IRQHandler                        
00004d87  T32_INTC_IRQHandler                        
00004d87  TA0_0_IRQHandler                           
00004d87  TA0_N_IRQHandler                           
00004d87  TA1_0_IRQHandler                           
00004d87  TA1_N_IRQHandler                           
00004d87  TA2_0_IRQHandler                           
00004d87  TA2_N_IRQHandler                           
00004d87  TA3_0_IRQHandler                           
00004d87  TA3_N_IRQHandler                           
00004d87  UsageFault_Handler                         
4000480c  WDTCTL_SYM                                 
00004d87  WDT_A_IRQHandler                           
20010000  __STACK_END                                
00000200  __STACK_SIZE                               
00005978  __TI_CINIT_Base                            
00005990  __TI_CINIT_Limit                           
0000595c  __TI_Handler_Table_Base                    
00005968  __TI_Handler_Table_Limit                   
00004901  __TI_auto_init                             
200001c0  __TI_cleanup_ptr                           
00004971  __TI_decompress_lzss                       
00004d6d  __TI_decompress_none                       
200001c4  __TI_dtors_ptr                             
200001c8  __TI_enable_exit_profile_output            
ffffffff  __TI_pprof_out_hndl                        
00000929  __TI_printfi                               
ffffffff  __TI_prof_data_size                        
ffffffff  __TI_prof_data_start                       
00000000  __TI_static_base__                         
00004d89  __TI_zero_init                             
00004779  __aeabi_cdcmpeq                            
00004779  __aeabi_cdcmple                            
000047ff  __aeabi_cdrcmple                           
00004c31  __aeabi_d2iz                               
00003e1f  __aeabi_dadd                               
00004105  __aeabi_ddiv                               
0000436f  __aeabi_dmul                               
00003e15  __aeabi_dsub                               
00004cb7  __aeabi_i2d                                
00004885  __aeabi_memclr                             
00004885  __aeabi_memclr4                            
00004885  __aeabi_memclr8                            
000046dd  __aeabi_memcpy                             
000046dd  __aeabi_memcpy4                            
000046dd  __aeabi_memcpy8                            
00004887  __aeabi_memset                             
00004887  __aeabi_memset4                            
00004887  __aeabi_memset8                            
00003c21  __aeabi_uldivmod                           
ffffffff  __binit__                                  
ffffffff  __c_args__                                 
00001223  __mpu_init                                 
2000fe00  __stack                                    
00004d01  _args_main                                 
00004a9d  _c_int00                                   
00005652  _ctypes_                                   
200001cc  _lock                                      
00004d3f  _nop                                       
00004d37  _register_lock                             
00004d31  _register_unlock                           
00003a03  _system_post_cinit                         
00004d95  _system_pre_init                           
200001d0  _unlock                                    
00004af5  abort                                      
00004b99  atoi                                       
ffffffff  binit                                      
200001d8  bla                                        
00003ff9  configure_rtc                              
00004be5  copy_in                                    
00004d45  copysign                                   
00004d45  copysignl                                  
20000189  day                                        
2000018a  day_of_week                                
20000100  days_string_number                         
0000465f  display_center                             
0000468d  display_horizontal_Line                    
200001dc  errno                                      
00004afd  exit                                       
000049d9  frexp                                      
000049d9  frexpl                                     
20000000  g_pfnRAMVectors                            
200000e4  g_sContext                                 
0000586c  g_sCrystalfontz128x128                     
00005754  g_sFontCm18i                               
2000018b  hour                                       
20000114  hours_string                               
00000000  interruptVectors                           
0000446d  ldexp                                      
0000446d  ldexpl                                     
00004b45  ltoa                                       
00003a05  main                                       
200001e0  main_func_sp                               
00004ce5  memccpy                                    
000046dd  memcpy                                     
0000488d  memset                                     
2000018c  minute                                     
20000128  minutes_string                             
2000018d  month                                      
2000013c  months_string                              
200001d4  reset_seconds                              
0000446d  scalbn                                     
0000446d  scalbnl                                    
20000178  second                                     
20000150  seconds_string                             
000046b5  set_font                                   
00004a3d  sprintf                                    
00004d19  strchr                                     
00004d59  strlen                                     
200001d5  update_time                                
20000182  year                                       
20000164  years_string                               


GLOBAL SYMBOLS: SORTED BY Symbol Address 

address   name                                       
-------   ----                                       
00000000  __TI_static_base__                         
00000000  interruptVectors                           
00000200  __STACK_SIZE                               
00000929  __TI_printfi                               
00001223  __mpu_init                                 
00001255  SPI_initMaster                             
0000131b  SPI_selectFourPinFunctionality             
00001341  SPI_changeMasterClock                      
00001369  SPI_initSlave                              
000013e7  SPI_changeClockPhasePolarity               
00001417  SPI_transmitData                           
0000143d  SPI_receiveData                            
00001459  SPI_enableModule                           
00001475  SPI_disableModule                          
00001491  SPI_getReceiveBufferAddressForDMA          
000014ad  SPI_getTransmitBufferAddressForDMA         
000014d9  SPI_isBusy                                 
000014f5  SPI_enableInterrupt                        
0000151b  SPI_disableInterrupt                       
00001541  SPI_getInterruptStatus                     
00001569  SPI_getEnabledInterruptStatus              
00001599  SPI_clearInterruptFlag                     
000015bf  SPI_registerInterrupt                      
0000167d  SPI_unregisterInterrupt                    
00001729  EUSCI_B_SPI_select4PinFunctionality        
00001749  EUSCI_B_SPI_masterChangeClock              
0000177b  EUSCI_B_SPI_slaveInit                      
000017c5  EUSCI_B_SPI_changeClockPhasePolarity       
00001807  EUSCI_B_SPI_transmitData                   
0000181d  EUSCI_B_SPI_receiveData                    
0000182d  EUSCI_B_SPI_enableInterrupt                
00001847  EUSCI_B_SPI_disableInterrupt               
00001861  EUSCI_B_SPI_getInterruptStatus             
00001879  EUSCI_B_SPI_clearInterruptFlag             
00001893  EUSCI_B_SPI_enable                         
000018a9  EUSCI_B_SPI_disable                        
000018bf  EUSCI_B_SPI_getReceiveBufferAddressForDMA  
000018cd  EUSCI_B_SPI_getTransmitBufferAddressForDMA 
000018db  EUSCI_B_SPI_isBusy                         
000018f3  EUSCI_A_SPI_select4PinFunctionality        
00001913  EUSCI_A_SPI_masterChangeClock              
00001949  EUSCI_A_SPI_slaveInit                      
00001993  EUSCI_A_SPI_changeClockPhasePolarity       
000019d5  EUSCI_A_SPI_transmitData                   
000019eb  EUSCI_A_SPI_receiveData                    
000019fb  EUSCI_A_SPI_enableInterrupt                
00001a15  EUSCI_A_SPI_disableInterrupt               
00001a2f  EUSCI_A_SPI_getInterruptStatus             
00001a47  EUSCI_A_SPI_clearInterruptFlag             
00001a61  EUSCI_A_SPI_enable                         
00001a77  EUSCI_A_SPI_disable                        
00001a8d  EUSCI_A_SPI_getReceiveBufferAddressForDMA  
00001a9b  EUSCI_A_SPI_getTransmitBufferAddressForDMA 
00001aa9  EUSCI_A_SPI_isBusy                         
00001ac9  Crystalfontz128x128_Init                   
00001bdd  Crystalfontz128x128_SetDrawFrame           
00001d0b  Crystalfontz128x128_SetOrientation         
00002181  Graphics_getStringWidth                    
0000227b  Graphics_drawString                        
000026f9  Graphics_getStringBaseline                 
00002709  Graphics_drawStringCentered                
00002751  Graphics_getStringHeight                   
00002761  Graphics_getStringMaxWidth                 
00002771  Graphics_drawLineH                         
0000280d  Graphics_drawLineV                         
00002a8d  Graphics_drawLine                          
00002c01  GPIO_setAsOutputPin                        
00002c3b  GPIO_setAsInputPin                         
00002c81  GPIO_setAsPeripheralModuleFunctionOutputPin
00002d05  GPIO_setAsPeripheralModuleFunctionInputPin 
00002d89  GPIO_setOutputHighOnPin                    
00002dab  GPIO_setOutputLowOnPin                     
00002dcd  GPIO_toggleOutputOnPin                     
00002def  GPIO_setAsInputPinWithPullDownResistor     
00002e41  GPIO_setAsInputPinWithPullUpResistor       
00002e93  GPIO_getInputPinValue                      
00002ec1  GPIO_enableInterrupt                       
00002ee3  GPIO_disableInterrupt                      
00002f05  GPIO_getInterruptStatus                    
00002f23  GPIO_clearInterruptFlag                    
00002f45  GPIO_interruptEdgeSelect                   
00002f7b  GPIO_getEnabledInterruptStatus             
00002ff7  GPIO_setDriveStrengthHigh                  
00003019  GPIO_setDriveStrengthLow                   
0000303b  GPIO_registerInterrupt                     
0000305b  GPIO_unregisterInterrupt                   
00003083  Interrupt_enableMaster                     
00003093  Interrupt_disableMaster                    
000030a3  Interrupt_registerInterrupt                
000030f5  Interrupt_unregisterInterrupt              
00003109  Interrupt_setPriorityGrouping              
00003123  Interrupt_getPriorityGrouping              
0000315b  Interrupt_setPriority                      
000031ab  Interrupt_getPriority                      
000031d1  Interrupt_enableInterrupt                  
00003243  Interrupt_disableInterrupt                 
000032b5  Interrupt_isEnabled                        
00003341  Interrupt_pendInterrupt                    
000033b1  Interrupt_unpendInterrupt                  
000033ff  Interrupt_setPriorityMask                  
0000340f  Interrupt_getPriorityMask                  
00003419  Interrupt_setVectorTableAddress            
00003429  Interrupt_getVectorTableAddress            
0000342f  Interrupt_enableSleepOnIsrExit             
00003441  Interrupt_disableSleepOnIsrExit            
00003471  SystemCoreClockUpdate                      
000036e5  SystemInit                                 
0000379d  Graphics_initContext                       
000037e7  Graphics_setClipRegion                     
000038b1  Graphics_setBackgroundColor                
000038cb  Graphics_setBackgroundColorTranslated      
000038e1  Graphics_setFont                           
000038fb  Graphics_getFontBaseline                   
00003909  Graphics_setForegroundColor                
0000391f  Graphics_setForegroundColorTranslated      
00003931  Graphics_getFontHeight                     
0000393f  Graphics_getFontMaxWidth                   
0000394d  Graphics_getDisplayWidth                   
0000395d  Graphics_getDisplayHeight                  
0000396d  Graphics_getHeightOfDisplay                
0000397b  Graphics_flushBuffer                       
00003989  Graphics_clearDisplay                      
0000399b  Graphics_drawPixel                         
000039f5  Graphics_getWidthOfDisplay                 
00003a03  _system_post_cinit                         
00003a05  main                                       
00003c21  __aeabi_uldivmod                           
00003e15  __aeabi_dsub                               
00003e1f  __aeabi_dadd                               
00003ff9  configure_rtc                              
00004045  RTC_C_IRQHandler                           
00004045  RTC_C_IRQHandler                           
00004105  __aeabi_ddiv                               
0000423b  Graphics_drawPixelOnDisplay                
00004265  Graphics_drawMultiplePixelsOnDisplay       
000042a9  Graphics_drawHorizontalLineOnDisplay       
000042dd  Graphics_drawVerticalLineOnDisplay         
00004311  Graphics_fillRectangleOnDisplay            
0000432f  Graphics_translateColorOnDisplay           
00004345  Graphics_flushOnDisplay                    
00004357  Graphics_clearDisplayOnDisplay             
0000436f  __aeabi_dmul                               
0000446d  ldexp                                      
0000446d  ldexpl                                     
0000446d  scalbn                                     
0000446d  scalbnl                                    
00004569  HAL_LCD_PortInit                           
00004599  HAL_LCD_SpiInit                            
000045cf  HAL_LCD_writeCommand                       
000045f7  HAL_LCD_writeData                          
00004625  LCD                                        
0000465f  display_center                             
0000468d  display_horizontal_Line                    
000046b5  set_font                                   
000046dd  __aeabi_memcpy                             
000046dd  __aeabi_memcpy4                            
000046dd  __aeabi_memcpy8                            
000046dd  memcpy                                     
00004779  __aeabi_cdcmpeq                            
00004779  __aeabi_cdcmple                            
000047ff  __aeabi_cdrcmple                           
00004885  __aeabi_memclr                             
00004885  __aeabi_memclr4                            
00004885  __aeabi_memclr8                            
00004887  __aeabi_memset                             
00004887  __aeabi_memset4                            
00004887  __aeabi_memset8                            
0000488d  memset                                     
00004901  __TI_auto_init                             
00004971  __TI_decompress_lzss                       
000049d9  frexp                                      
000049d9  frexpl                                     
00004a3d  sprintf                                    
00004a9d  _c_int00                                   
00004af1  C$$EXIT                                    
00004af5  abort                                      
00004afd  exit                                       
00004b45  ltoa                                       
00004b99  atoi                                       
00004be5  copy_in                                    
00004c31  __aeabi_d2iz                               
00004c79  CPU_cpsid                                  
00004c85  CPU_primask                                
00004c8f  CPU_cpsie                                  
00004c9b  CPU_wfi                                    
00004c9f  CPU_basepriSet                             
00004cad  CPU_basepriGet                             
00004cb7  __aeabi_i2d                                
00004ce5  memccpy                                    
00004d01  _args_main                                 
00004d19  strchr                                     
00004d31  _register_unlock                           
00004d37  _register_lock                             
00004d3f  _nop                                       
00004d45  copysign                                   
00004d45  copysignl                                  
00004d59  strlen                                     
00004d6d  __TI_decompress_none                       
00004d7b  Reset_Handler                              
00004d87  ADC14_IRQHandler                           
00004d87  AES256_IRQHandler                          
00004d87  BusFault_Handler                           
00004d87  COMP_E0_IRQHandler                         
00004d87  COMP_E1_IRQHandler                         
00004d87  CS_IRQHandler                              
00004d87  DMA_ERR_IRQHandler                         
00004d87  DMA_INT0_IRQHandler                        
00004d87  DMA_INT1_IRQHandler                        
00004d87  DMA_INT2_IRQHandler                        
00004d87  DMA_INT3_IRQHandler                        
00004d87  DebugMon_Handler                           
00004d87  Default_Handler                            
00004d87  EUSCIA0_IRQHandler                         
00004d87  EUSCIA1_IRQHandler                         
00004d87  EUSCIA2_IRQHandler                         
00004d87  EUSCIA3_IRQHandler                         
00004d87  EUSCIB0_IRQHandler                         
00004d87  EUSCIB1_IRQHandler                         
00004d87  EUSCIB2_IRQHandler                         
00004d87  EUSCIB3_IRQHandler                         
00004d87  FLCTL_IRQHandler                           
00004d87  FPU_IRQHandler                             
00004d87  HardFault_Handler                          
00004d87  MemManage_Handler                          
00004d87  NMI_Handler                                
00004d87  PCM_IRQHandler                             
00004d87  PORT1_IRQHandler                           
00004d87  PORT2_IRQHandler                           
00004d87  PORT3_IRQHandler                           
00004d87  PORT4_IRQHandler                           
00004d87  PORT5_IRQHandler                           
00004d87  PORT6_IRQHandler                           
00004d87  PSS_IRQHandler                             
00004d87  PendSV_Handler                             
00004d87  SVC_Handler                                
00004d87  SysTick_Handler                            
00004d87  T32_INT1_IRQHandler                        
00004d87  T32_INT2_IRQHandler                        
00004d87  T32_INTC_IRQHandler                        
00004d87  TA0_0_IRQHandler                           
00004d87  TA0_N_IRQHandler                           
00004d87  TA1_0_IRQHandler                           
00004d87  TA1_N_IRQHandler                           
00004d87  TA2_0_IRQHandler                           
00004d87  TA2_N_IRQHandler                           
00004d87  TA3_0_IRQHandler                           
00004d87  TA3_N_IRQHandler                           
00004d87  UsageFault_Handler                         
00004d87  WDT_A_IRQHandler                           
00004d89  __TI_zero_init                             
00004d95  _system_pre_init                           
00005652  _ctypes_                                   
00005754  g_sFontCm18i                               
0000586c  g_sCrystalfontz128x128                     
0000595c  __TI_Handler_Table_Base                    
00005968  __TI_Handler_Table_Limit                   
00005978  __TI_CINIT_Base                            
00005990  __TI_CINIT_Limit                           
20000000  g_pfnRAMVectors                            
200000e4  g_sContext                                 
20000100  days_string_number                         
20000114  hours_string                               
20000128  minutes_string                             
2000013c  months_string                              
20000150  seconds_string                             
20000164  years_string                               
20000178  second                                     
2000017c  Lcd_ScreenHeigth                           
2000017e  Lcd_ScreenWidth                            
20000180  Lcd_TouchTrim                              
20000182  year                                       
20000184  AM                                         
20000185  Lcd_FlagRead                               
20000186  Lcd_FontSolid                              
20000187  Lcd_Orientation                            
20000188  Lcd_PenSolid                               
20000189  day                                        
2000018a  day_of_week                                
2000018b  hour                                       
2000018c  minute                                     
2000018d  month                                      
200001c0  __TI_cleanup_ptr                           
200001c4  __TI_dtors_ptr                             
200001c8  __TI_enable_exit_profile_output            
200001cc  _lock                                      
200001d0  _unlock                                    
200001d4  reset_seconds                              
200001d5  update_time                                
200001d8  bla                                        
200001dc  errno                                      
200001e0  main_func_sp                               
200001e4  SystemCoreClock                            
2000fe00  __stack                                    
20010000  __STACK_END                                
4000480c  WDTCTL_SYM                                 
ffffffff  __TI_pprof_out_hndl                        
ffffffff  __TI_prof_data_size                        
ffffffff  __TI_prof_data_start                       
ffffffff  __binit__                                  
ffffffff  __c_args__                                 
ffffffff  binit                                      
UNDEFED   SHT$$INIT_ARRAY$$Base                      
UNDEFED   SHT$$INIT_ARRAY$$Limit                     

[303 symbols]
