<?xml version="1.0"?>
<link_info>
   <banner>TI ARM Linker PC v16.9.4.LTS</banner>
   <copyright>Copyright (c) 1996-2017 Texas Instruments Incorporated</copyright>
   <link_time>0x5a2ddbcf</link_time>
   <link_errors>0x0</link_errors>
   <output_file>basic_display_v2.out</output_file>
   <entry_point>
      <name>_c_int00</name>
      <address>0x6189</address>
   </entry_point>
   <input_file_list>
      <input_file id="fl-2">
         <path>.\</path>
         <kind>object</kind>
         <file>ConfigureRTC.obj</file>
         <name>ConfigureRTC.obj</name>
      </input_file>
      <input_file id="fl-3">
         <path>.\</path>
         <kind>object</kind>
         <file>Crystalfontz128x128_ST7735.obj</file>
         <name>Crystalfontz128x128_ST7735.obj</name>
      </input_file>
      <input_file id="fl-4">
         <path>.\</path>
         <kind>object</kind>
         <file>HAL_MSP_EXP432P401R_Crystalfontz128x128_ST7735.obj</file>
         <name>HAL_MSP_EXP432P401R_Crystalfontz128x128_ST7735.obj</name>
      </input_file>
      <input_file id="fl-5">
         <path>.\</path>
         <kind>object</kind>
         <file>Lcd.obj</file>
         <name>Lcd.obj</name>
      </input_file>
      <input_file id="fl-6">
         <path>.\</path>
         <kind>object</kind>
         <file>adc_driver.obj</file>
         <name>adc_driver.obj</name>
      </input_file>
      <input_file id="fl-7">
         <path>.\</path>
         <kind>object</kind>
         <file>aes256.obj</file>
         <name>aes256.obj</name>
      </input_file>
      <input_file id="fl-8">
         <path>.\</path>
         <kind>object</kind>
         <file>button.obj</file>
         <name>button.obj</name>
      </input_file>
      <input_file id="fl-9">
         <path>.\</path>
         <kind>object</kind>
         <file>circle.obj</file>
         <name>circle.obj</name>
      </input_file>
      <input_file id="fl-a">
         <path>.\</path>
         <kind>object</kind>
         <file>comp_e.obj</file>
         <name>comp_e.obj</name>
      </input_file>
      <input_file id="fl-b">
         <path>.\</path>
         <kind>object</kind>
         <file>context.obj</file>
         <name>context.obj</name>
      </input_file>
      <input_file id="fl-c">
         <path>.\</path>
         <kind>object</kind>
         <file>cpu.obj</file>
         <name>cpu.obj</name>
      </input_file>
      <input_file id="fl-d">
         <path>.\</path>
         <kind>object</kind>
         <file>crc32.obj</file>
         <name>crc32.obj</name>
      </input_file>
      <input_file id="fl-e">
         <path>.\</path>
         <kind>object</kind>
         <file>cs.obj</file>
         <name>cs.obj</name>
      </input_file>
      <input_file id="fl-f">
         <path>.\</path>
         <kind>object</kind>
         <file>display.obj</file>
         <name>display.obj</name>
      </input_file>
      <input_file id="fl-10">
         <path>.\</path>
         <kind>object</kind>
         <file>dma.obj</file>
         <name>dma.obj</name>
      </input_file>
      <input_file id="fl-11">
         <path>.\</path>
         <kind>object</kind>
         <file>flash.obj</file>
         <name>flash.obj</name>
      </input_file>
      <input_file id="fl-12">
         <path>.\</path>
         <kind>object</kind>
         <file>fontcm18.obj</file>
         <name>fontcm18.obj</name>
      </input_file>
      <input_file id="fl-13">
         <path>.\</path>
         <kind>object</kind>
         <file>fontcm18i.obj</file>
         <name>fontcm18i.obj</name>
      </input_file>
      <input_file id="fl-14">
         <path>.\</path>
         <kind>object</kind>
         <file>fontcm24b.obj</file>
         <name>fontcm24b.obj</name>
      </input_file>
      <input_file id="fl-15">
         <path>.\</path>
         <kind>object</kind>
         <file>fontcm42.obj</file>
         <name>fontcm42.obj</name>
      </input_file>
      <input_file id="fl-16">
         <path>.\</path>
         <kind>object</kind>
         <file>fontcm48.obj</file>
         <name>fontcm48.obj</name>
      </input_file>
      <input_file id="fl-17">
         <path>.\</path>
         <kind>object</kind>
         <file>fontfixed6x8.obj</file>
         <name>fontfixed6x8.obj</name>
      </input_file>
      <input_file id="fl-18">
         <path>.\</path>
         <kind>object</kind>
         <file>fpu.obj</file>
         <name>fpu.obj</name>
      </input_file>
      <input_file id="fl-19">
         <path>.\</path>
         <kind>object</kind>
         <file>gpio.obj</file>
         <name>gpio.obj</name>
      </input_file>
      <input_file id="fl-1a">
         <path>.\</path>
         <kind>object</kind>
         <file>image.obj</file>
         <name>image.obj</name>
      </input_file>
      <input_file id="fl-1b">
         <path>.\</path>
         <kind>object</kind>
         <file>imageButton.obj</file>
         <name>imageButton.obj</name>
      </input_file>
      <input_file id="fl-1c">
         <path>.\</path>
         <kind>object</kind>
         <file>interrupt.obj</file>
         <name>interrupt.obj</name>
      </input_file>
      <input_file id="fl-1d">
         <path>.\</path>
         <kind>object</kind>
         <file>kk_gpio.obj</file>
         <name>kk_gpio.obj</name>
      </input_file>
      <input_file id="fl-1e">
         <path>.\</path>
         <kind>object</kind>
         <file>lcdconfig.obj</file>
         <name>lcdconfig.obj</name>
      </input_file>
      <input_file id="fl-1f">
         <path>.\</path>
         <kind>object</kind>
         <file>line.obj</file>
         <name>line.obj</name>
      </input_file>
      <input_file id="fl-20">
         <path>.\</path>
         <kind>object</kind>
         <file>main.obj</file>
         <name>main.obj</name>
      </input_file>
      <input_file id="fl-21">
         <path>.\</path>
         <kind>object</kind>
         <file>mpu.obj</file>
         <name>mpu.obj</name>
      </input_file>
      <input_file id="fl-22">
         <path>.\</path>
         <kind>object</kind>
         <file>pcm.obj</file>
         <name>pcm.obj</name>
      </input_file>
      <input_file id="fl-23">
         <path>.\</path>
         <kind>object</kind>
         <file>pmap.obj</file>
         <name>pmap.obj</name>
      </input_file>
      <input_file id="fl-24">
         <path>.\</path>
         <kind>object</kind>
         <file>pss.obj</file>
         <name>pss.obj</name>
      </input_file>
      <input_file id="fl-25">
         <path>.\</path>
         <kind>object</kind>
         <file>rectangle.obj</file>
         <name>rectangle.obj</name>
      </input_file>
      <input_file id="fl-26">
         <path>.\</path>
         <kind>object</kind>
         <file>ref_a.obj</file>
         <name>ref_a.obj</name>
      </input_file>
      <input_file id="fl-27">
         <path>.\</path>
         <kind>object</kind>
         <file>reset.obj</file>
         <name>reset.obj</name>
      </input_file>
      <input_file id="fl-28">
         <path>.\</path>
         <kind>object</kind>
         <file>rtc_c.obj</file>
         <name>rtc_c.obj</name>
      </input_file>
      <input_file id="fl-29">
         <path>.\</path>
         <kind>object</kind>
         <file>spi.obj</file>
         <name>spi.obj</name>
      </input_file>
      <input_file id="fl-2a">
         <path>.\</path>
         <kind>object</kind>
         <file>startup_msp432p401r_ccs.obj</file>
         <name>startup_msp432p401r_ccs.obj</name>
      </input_file>
      <input_file id="fl-2b">
         <path>.\</path>
         <kind>object</kind>
         <file>string.obj</file>
         <name>string.obj</name>
      </input_file>
      <input_file id="fl-2c">
         <path>.\</path>
         <kind>object</kind>
         <file>sysctl.obj</file>
         <name>sysctl.obj</name>
      </input_file>
      <input_file id="fl-2d">
         <path>.\</path>
         <kind>object</kind>
         <file>system_msp432p401r.obj</file>
         <name>system_msp432p401r.obj</name>
      </input_file>
      <input_file id="fl-2e">
         <path>.\</path>
         <kind>object</kind>
         <file>tmp006.obj</file>
         <name>tmp006.obj</name>
      </input_file>
      <input_file id="fl-2f">
         <path>.\</path>
         <kind>object</kind>
         <file>watch_face_themes.obj</file>
         <name>watch_face_themes.obj</name>
      </input_file>
      <input_file id="fl-30">
         <path>.\</path>
         <kind>object</kind>
         <file>wdt_a.obj</file>
         <name>wdt_a.obj</name>
      </input_file>
      <input_file id="fl-34">
         <kind>object</kind>
         <file>&lt;internal&gt;</file>
         <name>&lt;internal&gt;</name>
      </input_file>
      <input_file id="fl-ea">
         <path>C:\Users\kwat1\Documents\ccsv7\tools\compiler\ti-cgt-arm_16.9.4.LTS\lib\</path>
         <kind>archive</kind>
         <file>rtsv7M4_T_le_v4SPD16_eabi.lib</file>
         <name>boot.obj</name>
      </input_file>
      <input_file id="fl-eb">
         <path>C:\Users\kwat1\Documents\ccsv7\tools\compiler\ti-cgt-arm_16.9.4.LTS\lib\</path>
         <kind>archive</kind>
         <file>rtsv7M4_T_le_v4SPD16_eabi.lib</file>
         <name>copy_decompress_lzss.obj</name>
      </input_file>
      <input_file id="fl-ec">
         <path>C:\Users\kwat1\Documents\ccsv7\tools\compiler\ti-cgt-arm_16.9.4.LTS\lib\</path>
         <kind>archive</kind>
         <file>rtsv7M4_T_le_v4SPD16_eabi.lib</file>
         <name>copy_decompress_none.obj</name>
      </input_file>
      <input_file id="fl-ed">
         <path>C:\Users\kwat1\Documents\ccsv7\tools\compiler\ti-cgt-arm_16.9.4.LTS\lib\</path>
         <kind>archive</kind>
         <file>rtsv7M4_T_le_v4SPD16_eabi.lib</file>
         <name>copy_zero_init.obj</name>
      </input_file>
      <input_file id="fl-ee">
         <path>C:\Users\kwat1\Documents\ccsv7\tools\compiler\ti-cgt-arm_16.9.4.LTS\lib\</path>
         <kind>archive</kind>
         <file>rtsv7M4_T_le_v4SPD16_eabi.lib</file>
         <name>e_pow.obj</name>
      </input_file>
      <input_file id="fl-ef">
         <path>C:\Users\kwat1\Documents\ccsv7\tools\compiler\ti-cgt-arm_16.9.4.LTS\lib\</path>
         <kind>archive</kind>
         <file>rtsv7M4_T_le_v4SPD16_eabi.lib</file>
         <name>e_sqrt.obj</name>
      </input_file>
      <input_file id="fl-f0">
         <path>C:\Users\kwat1\Documents\ccsv7\tools\compiler\ti-cgt-arm_16.9.4.LTS\lib\</path>
         <kind>archive</kind>
         <file>rtsv7M4_T_le_v4SPD16_eabi.lib</file>
         <name>errno.obj</name>
      </input_file>
      <input_file id="fl-f1">
         <path>C:\Users\kwat1\Documents\ccsv7\tools\compiler\ti-cgt-arm_16.9.4.LTS\lib\</path>
         <kind>archive</kind>
         <file>rtsv7M4_T_le_v4SPD16_eabi.lib</file>
         <name>exit.obj</name>
      </input_file>
      <input_file id="fl-f2">
         <path>C:\Users\kwat1\Documents\ccsv7\tools\compiler\ti-cgt-arm_16.9.4.LTS\lib\</path>
         <kind>archive</kind>
         <file>rtsv7M4_T_le_v4SPD16_eabi.lib</file>
         <name>fd_add_t2.obj</name>
      </input_file>
      <input_file id="fl-f3">
         <path>C:\Users\kwat1\Documents\ccsv7\tools\compiler\ti-cgt-arm_16.9.4.LTS\lib\</path>
         <kind>archive</kind>
         <file>rtsv7M4_T_le_v4SPD16_eabi.lib</file>
         <name>fd_cmp_t2.obj</name>
      </input_file>
      <input_file id="fl-f4">
         <path>C:\Users\kwat1\Documents\ccsv7\tools\compiler\ti-cgt-arm_16.9.4.LTS\lib\</path>
         <kind>archive</kind>
         <file>rtsv7M4_T_le_v4SPD16_eabi.lib</file>
         <name>fd_div_t2.obj</name>
      </input_file>
      <input_file id="fl-f5">
         <path>C:\Users\kwat1\Documents\ccsv7\tools\compiler\ti-cgt-arm_16.9.4.LTS\lib\</path>
         <kind>archive</kind>
         <file>rtsv7M4_T_le_v4SPD16_eabi.lib</file>
         <name>fd_mul_t2.obj</name>
      </input_file>
      <input_file id="fl-f6">
         <path>C:\Users\kwat1\Documents\ccsv7\tools\compiler\ti-cgt-arm_16.9.4.LTS\lib\</path>
         <kind>archive</kind>
         <file>rtsv7M4_T_le_v4SPD16_eabi.lib</file>
         <name>fd_tos_t2.obj</name>
      </input_file>
      <input_file id="fl-f7">
         <path>C:\Users\kwat1\Documents\ccsv7\tools\compiler\ti-cgt-arm_16.9.4.LTS\lib\</path>
         <kind>archive</kind>
         <file>rtsv7M4_T_le_v4SPD16_eabi.lib</file>
         <name>fs_tod_t2.obj</name>
      </input_file>
      <input_file id="fl-f8">
         <path>C:\Users\kwat1\Documents\ccsv7\tools\compiler\ti-cgt-arm_16.9.4.LTS\lib\</path>
         <kind>archive</kind>
         <file>rtsv7M4_T_le_v4SPD16_eabi.lib</file>
         <name>i_tofd_t2.obj</name>
      </input_file>
      <input_file id="fl-f9">
         <path>C:\Users\kwat1\Documents\ccsv7\tools\compiler\ti-cgt-arm_16.9.4.LTS\lib\</path>
         <kind>archive</kind>
         <file>rtsv7M4_T_le_v4SPD16_eabi.lib</file>
         <name>memcpy_t2.obj</name>
      </input_file>
      <input_file id="fl-fa">
         <path>C:\Users\kwat1\Documents\ccsv7\tools\compiler\ti-cgt-arm_16.9.4.LTS\lib\</path>
         <kind>archive</kind>
         <file>rtsv7M4_T_le_v4SPD16_eabi.lib</file>
         <name>memset_t2.obj</name>
      </input_file>
      <input_file id="fl-fb">
         <path>C:\Users\kwat1\Documents\ccsv7\tools\compiler\ti-cgt-arm_16.9.4.LTS\lib\</path>
         <kind>archive</kind>
         <file>rtsv7M4_T_le_v4SPD16_eabi.lib</file>
         <name>mpu_init.obj</name>
      </input_file>
      <input_file id="fl-fc">
         <path>C:\Users\kwat1\Documents\ccsv7\tools\compiler\ti-cgt-arm_16.9.4.LTS\lib\</path>
         <kind>archive</kind>
         <file>rtsv7M4_T_le_v4SPD16_eabi.lib</file>
         <name>pre_init.obj</name>
      </input_file>
      <input_file id="fl-fd">
         <path>C:\Users\kwat1\Documents\ccsv7\tools\compiler\ti-cgt-arm_16.9.4.LTS\lib\</path>
         <kind>archive</kind>
         <file>rtsv7M4_T_le_v4SPD16_eabi.lib</file>
         <name>s_scalbn.obj</name>
      </input_file>
      <input_file id="fl-fe">
         <path>C:\Users\kwat1\Documents\ccsv7\tools\compiler\ti-cgt-arm_16.9.4.LTS\lib\</path>
         <kind>archive</kind>
         <file>rtsv7M4_T_le_v4SPD16_eabi.lib</file>
         <name>sprintf.obj</name>
      </input_file>
      <input_file id="fl-ff">
         <path>C:\Users\kwat1\Documents\ccsv7\tools\compiler\ti-cgt-arm_16.9.4.LTS\lib\</path>
         <kind>archive</kind>
         <file>rtsv7M4_T_le_v4SPD16_eabi.lib</file>
         <name>stkdepth_vars.obj</name>
      </input_file>
      <input_file id="fl-100">
         <path>C:\Users\kwat1\Documents\ccsv7\tools\compiler\ti-cgt-arm_16.9.4.LTS\lib\</path>
         <kind>archive</kind>
         <file>rtsv7M4_T_le_v4SPD16_eabi.lib</file>
         <name>_lock.obj</name>
      </input_file>
      <input_file id="fl-101">
         <path>C:\Users\kwat1\Documents\ccsv7\tools\compiler\ti-cgt-arm_16.9.4.LTS\lib\</path>
         <kind>archive</kind>
         <file>rtsv7M4_T_le_v4SPD16_eabi.lib</file>
         <name>_printfi.obj</name>
      </input_file>
      <input_file id="fl-102">
         <path>C:\Users\kwat1\Documents\ccsv7\tools\compiler\ti-cgt-arm_16.9.4.LTS\lib\</path>
         <kind>archive</kind>
         <file>rtsv7M4_T_le_v4SPD16_eabi.lib</file>
         <name>args_main.obj</name>
      </input_file>
      <input_file id="fl-103">
         <path>C:\Users\kwat1\Documents\ccsv7\tools\compiler\ti-cgt-arm_16.9.4.LTS\lib\</path>
         <kind>archive</kind>
         <file>rtsv7M4_T_le_v4SPD16_eabi.lib</file>
         <name>atoi.obj</name>
      </input_file>
      <input_file id="fl-104">
         <path>C:\Users\kwat1\Documents\ccsv7\tools\compiler\ti-cgt-arm_16.9.4.LTS\lib\</path>
         <kind>archive</kind>
         <file>rtsv7M4_T_le_v4SPD16_eabi.lib</file>
         <name>autoinit.obj</name>
      </input_file>
      <input_file id="fl-105">
         <path>C:\Users\kwat1\Documents\ccsv7\tools\compiler\ti-cgt-arm_16.9.4.LTS\lib\</path>
         <kind>archive</kind>
         <file>rtsv7M4_T_le_v4SPD16_eabi.lib</file>
         <name>cpy_tbl.obj</name>
      </input_file>
      <input_file id="fl-106">
         <path>C:\Users\kwat1\Documents\ccsv7\tools\compiler\ti-cgt-arm_16.9.4.LTS\lib\</path>
         <kind>archive</kind>
         <file>rtsv7M4_T_le_v4SPD16_eabi.lib</file>
         <name>ctype.obj</name>
      </input_file>
      <input_file id="fl-107">
         <path>C:\Users\kwat1\Documents\ccsv7\tools\compiler\ti-cgt-arm_16.9.4.LTS\lib\</path>
         <kind>archive</kind>
         <file>rtsv7M4_T_le_v4SPD16_eabi.lib</file>
         <name>fd_toi_t2.obj</name>
      </input_file>
      <input_file id="fl-108">
         <path>C:\Users\kwat1\Documents\ccsv7\tools\compiler\ti-cgt-arm_16.9.4.LTS\lib\</path>
         <kind>archive</kind>
         <file>rtsv7M4_T_le_v4SPD16_eabi.lib</file>
         <name>ltoa.obj</name>
      </input_file>
      <input_file id="fl-109">
         <path>C:\Users\kwat1\Documents\ccsv7\tools\compiler\ti-cgt-arm_16.9.4.LTS\lib\</path>
         <kind>archive</kind>
         <file>rtsv7M4_T_le_v4SPD16_eabi.lib</file>
         <name>memccpy.obj</name>
      </input_file>
      <input_file id="fl-10a">
         <path>C:\Users\kwat1\Documents\ccsv7\tools\compiler\ti-cgt-arm_16.9.4.LTS\lib\</path>
         <kind>archive</kind>
         <file>rtsv7M4_T_le_v4SPD16_eabi.lib</file>
         <name>s_copysign.obj</name>
      </input_file>
      <input_file id="fl-10b">
         <path>C:\Users\kwat1\Documents\ccsv7\tools\compiler\ti-cgt-arm_16.9.4.LTS\lib\</path>
         <kind>archive</kind>
         <file>rtsv7M4_T_le_v4SPD16_eabi.lib</file>
         <name>s_frexp.obj</name>
      </input_file>
      <input_file id="fl-10c">
         <path>C:\Users\kwat1\Documents\ccsv7\tools\compiler\ti-cgt-arm_16.9.4.LTS\lib\</path>
         <kind>archive</kind>
         <file>rtsv7M4_T_le_v4SPD16_eabi.lib</file>
         <name>startup.obj</name>
      </input_file>
      <input_file id="fl-10d">
         <path>C:\Users\kwat1\Documents\ccsv7\tools\compiler\ti-cgt-arm_16.9.4.LTS\lib\</path>
         <kind>archive</kind>
         <file>rtsv7M4_T_le_v4SPD16_eabi.lib</file>
         <name>strchr.obj</name>
      </input_file>
      <input_file id="fl-10e">
         <path>C:\Users\kwat1\Documents\ccsv7\tools\compiler\ti-cgt-arm_16.9.4.LTS\lib\</path>
         <kind>archive</kind>
         <file>rtsv7M4_T_le_v4SPD16_eabi.lib</file>
         <name>strlen.obj</name>
      </input_file>
      <input_file id="fl-10f">
         <path>C:\Users\kwat1\Documents\ccsv7\tools\compiler\ti-cgt-arm_16.9.4.LTS\lib\</path>
         <kind>archive</kind>
         <file>rtsv7M4_T_le_v4SPD16_eabi.lib</file>
         <name>ull_div_t2.obj</name>
      </input_file>
   </input_file_list>
   <object_component_list>
      <object_component id="oc-2c">
         <name>.intvecs:retain</name>
         <load_address>0x0</load_address>
         <run_address>0x0</run_address>
         <size>0xe4</size>
         <input_file_ref idref="fl-2a"/>
      </object_component>
      <object_component id="oc-23b">
         <name>.text</name>
         <load_address>0xe4</load_address>
         <run_address>0xe4</run_address>
         <size>0x113e</size>
         <input_file_ref idref="fl-101"/>
      </object_component>
      <object_component id="oc-53">
         <name>.text</name>
         <load_address>0x1222</load_address>
         <run_address>0x1222</run_address>
         <size>0x2</size>
         <input_file_ref idref="fl-fb"/>
      </object_component>
      <object_component id="oc-158">
         <name>.text</name>
         <load_address>0x1224</load_address>
         <run_address>0x1224</run_address>
         <size>0x9ac</size>
         <input_file_ref idref="fl-ee"/>
      </object_component>
      <object_component id="oc-283">
         <name>.text</name>
         <load_address>0x1bd0</load_address>
         <run_address>0x1bd0</run_address>
         <size>0x8a4</size>
         <input_file_ref idref="fl-29"/>
      </object_component>
      <object_component id="oc-fc">
         <name>.text</name>
         <load_address>0x2474</load_address>
         <run_address>0x2474</run_address>
         <size>0x698</size>
         <input_file_ref idref="fl-2e"/>
      </object_component>
      <object_component id="oc-178">
         <name>.text</name>
         <load_address>0x2b0c</load_address>
         <run_address>0x2b0c</run_address>
         <size>0x678</size>
         <input_file_ref idref="fl-3"/>
      </object_component>
      <object_component id="oc-184">
         <name>.text</name>
         <load_address>0x3184</load_address>
         <run_address>0x3184</run_address>
         <size>0x630</size>
         <input_file_ref idref="fl-2b"/>
      </object_component>
      <object_component id="oc-225">
         <name>.text</name>
         <load_address>0x37b4</load_address>
         <run_address>0x37b4</run_address>
         <size>0x490</size>
         <input_file_ref idref="fl-1f"/>
      </object_component>
      <object_component id="oc-212">
         <name>.text</name>
         <load_address>0x3c44</load_address>
         <run_address>0x3c44</run_address>
         <size>0x480</size>
         <input_file_ref idref="fl-19"/>
      </object_component>
      <object_component id="oc-172">
         <name>.text</name>
         <load_address>0x40c4</load_address>
         <run_address>0x40c4</run_address>
         <size>0x3f0</size>
         <input_file_ref idref="fl-1c"/>
      </object_component>
      <object_component id="oc-c9">
         <name>.text</name>
         <load_address>0x44b4</load_address>
         <run_address>0x44b4</run_address>
         <size>0x32c</size>
         <input_file_ref idref="fl-2d"/>
      </object_component>
      <object_component id="oc-10d">
         <name>.text</name>
         <load_address>0x47e0</load_address>
         <run_address>0x47e0</run_address>
         <size>0x32c</size>
         <input_file_ref idref="fl-2f"/>
      </object_component>
      <object_component id="oc-17e">
         <name>.text</name>
         <load_address>0x4b0c</load_address>
         <run_address>0x4b0c</run_address>
         <size>0x266</size>
         <input_file_ref idref="fl-b"/>
      </object_component>
      <object_component id="oc-2a8">
         <name>.text</name>
         <load_address>0x4d72</load_address>
         <run_address>0x4d72</run_address>
         <size>0x1f4</size>
         <input_file_ref idref="fl-10f"/>
      </object_component>
      <object_component id="oc-ae">
         <name>.text</name>
         <load_address>0x4f66</load_address>
         <run_address>0x4f66</run_address>
         <size>0x2</size>
         <input_file_ref idref="fl-10c"/>
      </object_component>
      <object_component id="oc-87">
         <name>.text</name>
         <load_address>0x4f68</load_address>
         <run_address>0x4f68</run_address>
         <size>0x1c4</size>
         <input_file_ref idref="fl-1d"/>
      </object_component>
      <object_component id="oc-153">
         <name>.text</name>
         <load_address>0x512c</load_address>
         <run_address>0x512c</run_address>
         <size>0x1b6</size>
         <input_file_ref idref="fl-f2"/>
      </object_component>
      <object_component id="oc-1c0">
         <name>.text</name>
         <load_address>0x52e4</load_address>
         <run_address>0x52e4</run_address>
         <size>0x170</size>
         <input_file_ref idref="fl-ef"/>
      </object_component>
      <object_component id="oc-7b">
         <name>.text</name>
         <load_address>0x5454</load_address>
         <run_address>0x5454</run_address>
         <size>0x144</size>
         <input_file_ref idref="fl-6"/>
      </object_component>
      <object_component id="oc-81">
         <name>.text</name>
         <load_address>0x5598</load_address>
         <run_address>0x5598</run_address>
         <size>0x138</size>
         <input_file_ref idref="fl-2"/>
      </object_component>
      <object_component id="oc-15e">
         <name>.text</name>
         <load_address>0x56d0</load_address>
         <run_address>0x56d0</run_address>
         <size>0x136</size>
         <input_file_ref idref="fl-f4"/>
      </object_component>
      <object_component id="oc-18a">
         <name>.text</name>
         <load_address>0x5806</load_address>
         <run_address>0x5806</run_address>
         <size>0x134</size>
         <input_file_ref idref="fl-f"/>
      </object_component>
      <object_component id="oc-14e">
         <name>.text</name>
         <load_address>0x593a</load_address>
         <run_address>0x593a</run_address>
         <size>0xfc</size>
         <input_file_ref idref="fl-f5"/>
      </object_component>
      <object_component id="oc-1d6">
         <name>.text</name>
         <load_address>0x5a38</load_address>
         <run_address>0x5a38</run_address>
         <size>0xfc</size>
         <input_file_ref idref="fl-fd"/>
      </object_component>
      <object_component id="oc-b6">
         <name>.text</name>
         <load_address>0x5b34</load_address>
         <run_address>0x5b34</run_address>
         <size>0xc8</size>
         <input_file_ref idref="fl-20"/>
      </object_component>
      <object_component id="oc-20c">
         <name>.text</name>
         <load_address>0x5bfc</load_address>
         <run_address>0x5bfc</run_address>
         <size>0xbc</size>
         <input_file_ref idref="fl-4"/>
      </object_component>
      <object_component id="oc-102">
         <name>.text</name>
         <load_address>0x5cb8</load_address>
         <run_address>0x5cb8</run_address>
         <size>0xa0</size>
         <input_file_ref idref="fl-5"/>
      </object_component>
      <object_component id="oc-3b">
         <name>.text</name>
         <load_address>0x5d58</load_address>
         <run_address>0x5d58</run_address>
         <size>0x9c</size>
         <input_file_ref idref="fl-f9"/>
      </object_component>
      <object_component id="oc-1cc">
         <name>.text:__aeabi_cdcmple</name>
         <load_address>0x5df4</load_address>
         <run_address>0x5df4</run_address>
         <size>0x86</size>
         <input_file_ref idref="fl-f3"/>
      </object_component>
      <object_component id="oc-1d1">
         <name>.text:__aeabi_cdrcmple</name>
         <load_address>0x5e7a</load_address>
         <run_address>0x5e7a</run_address>
         <size>0x86</size>
         <input_file_ref idref="fl-f3"/>
      </object_component>
      <object_component id="oc-47">
         <name>.text</name>
         <load_address>0x5f00</load_address>
         <run_address>0x5f00</run_address>
         <size>0x7a</size>
         <input_file_ref idref="fl-fa"/>
      </object_component>
      <object_component id="oc-5f">
         <name>.text</name>
         <load_address>0x5f7c</load_address>
         <run_address>0x5f7c</run_address>
         <size>0x70</size>
         <input_file_ref idref="fl-104"/>
      </object_component>
      <object_component id="oc-108">
         <name>.text</name>
         <load_address>0x5fec</load_address>
         <run_address>0x5fec</run_address>
         <size>0x6e</size>
         <input_file_ref idref="fl-f6"/>
      </object_component>
      <object_component id="oc-14">
         <name>.text:decompress:lzss</name>
         <load_address>0x605a</load_address>
         <run_address>0x605a</run_address>
         <size>0x68</size>
         <input_file_ref idref="fl-eb"/>
      </object_component>
      <object_component id="oc-2be">
         <name>.text</name>
         <load_address>0x60c4</load_address>
         <run_address>0x60c4</run_address>
         <size>0x64</size>
         <input_file_ref idref="fl-10b"/>
      </object_component>
      <object_component id="oc-19d">
         <name>.text</name>
         <load_address>0x6128</load_address>
         <run_address>0x6128</run_address>
         <size>0x60</size>
         <input_file_ref idref="fl-fe"/>
      </object_component>
      <object_component id="oc-26">
         <name>.text</name>
         <load_address>0x6188</load_address>
         <run_address>0x6188</run_address>
         <size>0x54</size>
         <input_file_ref idref="fl-ea"/>
      </object_component>
      <object_component id="oc-6b">
         <name>.text</name>
         <load_address>0x61dc</load_address>
         <run_address>0x61dc</run_address>
         <size>0x54</size>
         <input_file_ref idref="fl-f1"/>
      </object_component>
      <object_component id="oc-2b8">
         <name>.text</name>
         <load_address>0x6230</load_address>
         <run_address>0x6230</run_address>
         <size>0x54</size>
         <input_file_ref idref="fl-108"/>
      </object_component>
      <object_component id="oc-2ca">
         <name>.text</name>
         <load_address>0x6284</load_address>
         <run_address>0x6284</run_address>
         <size>0x4c</size>
         <input_file_ref idref="fl-103"/>
      </object_component>
      <object_component id="oc-a8">
         <name>.text</name>
         <load_address>0x62d0</load_address>
         <run_address>0x62d0</run_address>
         <size>0x4c</size>
         <input_file_ref idref="fl-105"/>
      </object_component>
      <object_component id="oc-2b3">
         <name>.text</name>
         <load_address>0x631c</load_address>
         <run_address>0x631c</run_address>
         <size>0x48</size>
         <input_file_ref idref="fl-107"/>
      </object_component>
      <object_component id="oc-1ea">
         <name>.text</name>
         <load_address>0x6364</load_address>
         <run_address>0x6364</run_address>
         <size>0x3e</size>
         <input_file_ref idref="fl-c"/>
      </object_component>
      <object_component id="oc-163">
         <name>.text</name>
         <load_address>0x63a2</load_address>
         <run_address>0x63a2</run_address>
         <size>0x38</size>
         <input_file_ref idref="fl-f7"/>
      </object_component>
      <object_component id="oc-149">
         <name>.text</name>
         <load_address>0x63da</load_address>
         <run_address>0x63da</run_address>
         <size>0x2e</size>
         <input_file_ref idref="fl-f8"/>
      </object_component>
      <object_component id="oc-2d0">
         <name>.text</name>
         <load_address>0x6408</load_address>
         <run_address>0x6408</run_address>
         <size>0x1c</size>
         <input_file_ref idref="fl-109"/>
      </object_component>
      <object_component id="oc-65">
         <name>.text</name>
         <load_address>0x6424</load_address>
         <run_address>0x6424</run_address>
         <size>0x18</size>
         <input_file_ref idref="fl-102"/>
      </object_component>
      <object_component id="oc-2c4">
         <name>.text</name>
         <load_address>0x643c</load_address>
         <run_address>0x643c</run_address>
         <size>0x16</size>
         <input_file_ref idref="fl-10d"/>
      </object_component>
      <object_component id="oc-11e">
         <name>.text</name>
         <load_address>0x6454</load_address>
         <run_address>0x6454</run_address>
         <size>0x14</size>
         <input_file_ref idref="fl-100"/>
      </object_component>
      <object_component id="oc-263">
         <name>.text</name>
         <load_address>0x6468</load_address>
         <run_address>0x6468</run_address>
         <size>0x14</size>
         <input_file_ref idref="fl-10a"/>
      </object_component>
      <object_component id="oc-2ad">
         <name>.text</name>
         <load_address>0x647c</load_address>
         <run_address>0x647c</run_address>
         <size>0x14</size>
         <input_file_ref idref="fl-10e"/>
      </object_component>
      <object_component id="oc-1a">
         <name>.text:decompress:none</name>
         <load_address>0x6490</load_address>
         <run_address>0x6490</run_address>
         <size>0xe</size>
         <input_file_ref idref="fl-ec"/>
      </object_component>
      <object_component id="oc-75">
         <name>.text</name>
         <load_address>0x649e</load_address>
         <run_address>0x649e</run_address>
         <size>0xe</size>
         <input_file_ref idref="fl-2a"/>
      </object_component>
      <object_component id="oc-20">
         <name>.text:decompress:ZI</name>
         <load_address>0x64ac</load_address>
         <run_address>0x64ac</run_address>
         <size>0xc</size>
         <input_file_ref idref="fl-ed"/>
      </object_component>
      <object_component id="oc-59">
         <name>.text</name>
         <load_address>0x64b8</load_address>
         <run_address>0x64b8</run_address>
         <size>0x4</size>
         <input_file_ref idref="fl-fc"/>
      </object_component>
      <object_component id="oc-248">
         <name>.const:.string:g_pucCm48Data</name>
         <load_address>0x64c0</load_address>
         <run_address>0x64c0</run_address>
         <size>0x18df</size>
         <input_file_ref idref="fl-16"/>
      </object_component>
      <object_component id="oc-235">
         <name>.const:.string:g_pucCm18iData</name>
         <load_address>0x7d9f</load_address>
         <run_address>0x7d9f</run_address>
         <size>0x8ba</size>
         <input_file_ref idref="fl-13"/>
      </object_component>
      <object_component id="oc-24e">
         <name>.const:.string:g_pucCm18Data</name>
         <load_address>0x8659</load_address>
         <run_address>0x8659</run_address>
         <size>0x86e</size>
         <input_file_ref idref="fl-12"/>
      </object_component>
      <object_component id="oc-30d">
         <name>.const:.string:_ctypes_</name>
         <load_address>0x8ec7</load_address>
         <run_address>0x8ec7</run_address>
         <size>0x101</size>
         <input_file_ref idref="fl-106"/>
      </object_component>
      <object_component id="oc-1ad">
         <name>.const:g_sFontCm18</name>
         <load_address>0x8fc8</load_address>
         <run_address>0x8fc8</run_address>
         <size>0xc8</size>
         <input_file_ref idref="fl-12"/>
      </object_component>
      <object_component id="oc-198">
         <name>.const:g_sFontCm18i</name>
         <load_address>0x9090</load_address>
         <run_address>0x9090</run_address>
         <size>0xc8</size>
         <input_file_ref idref="fl-13"/>
      </object_component>
      <object_component id="oc-1aa">
         <name>.const:g_sFontCm48</name>
         <load_address>0x9158</load_address>
         <run_address>0x9158</run_address>
         <size>0xc8</size>
         <input_file_ref idref="fl-16"/>
      </object_component>
      <object_component id="oc-1f6">
         <name>.const:g_pulRegs</name>
         <load_address>0x9220</load_address>
         <run_address>0x9220</run_address>
         <size>0x50</size>
         <input_file_ref idref="fl-1c"/>
      </object_component>
      <object_component id="oc-1c9">
         <name>.const:$O1$$</name>
         <load_address>0x9270</load_address>
         <run_address>0x9270</run_address>
         <size>0x30</size>
         <input_file_ref idref="fl-ee"/>
      </object_component>
      <object_component id="oc-195">
         <name>.const:g_sCrystalfontz128x128</name>
         <load_address>0x92a0</load_address>
         <run_address>0x92a0</run_address>
         <size>0x2c</size>
         <input_file_ref idref="fl-3"/>
      </object_component>
      <object_component id="oc-1f3">
         <name>.const:g_pulPriority</name>
         <load_address>0x92cc</load_address>
         <run_address>0x92cc</run_address>
         <size>0x20</size>
         <input_file_ref idref="fl-1c"/>
      </object_component>
      <object_component id="oc-289">
         <name>.const:$P$T0$1</name>
         <load_address>0x92ec</load_address>
         <run_address>0x92ec</run_address>
         <size>0x1c</size>
         <input_file_ref idref="fl-4"/>
      </object_component>
      <object_component id="oc-295">
         <name>.const:GPIO_PORT_TO_INT</name>
         <load_address>0x9308</load_address>
         <run_address>0x9308</run_address>
         <size>0x1c</size>
         <input_file_ref idref="fl-19"/>
      </object_component>
      <object_component id="oc-21f">
         <name>.const:$P$T0$1</name>
         <load_address>0x9324</load_address>
         <run_address>0x9324</run_address>
         <size>0x8</size>
         <input_file_ref idref="fl-3"/>
      </object_component>
      <object_component id="oc-1fc">
         <name>.const:g_pulDisRegs</name>
         <load_address>0x932c</load_address>
         <run_address>0x932c</run_address>
         <size>0x8</size>
         <input_file_ref idref="fl-1c"/>
      </object_component>
      <object_component id="oc-1f9">
         <name>.const:g_pulEnRegs</name>
         <load_address>0x9334</load_address>
         <run_address>0x9334</run_address>
         <size>0x8</size>
         <input_file_ref idref="fl-1c"/>
      </object_component>
      <object_component id="oc-1ff">
         <name>.const:g_pulPendRegs</name>
         <load_address>0x933c</load_address>
         <run_address>0x933c</run_address>
         <size>0x8</size>
         <input_file_ref idref="fl-1c"/>
      </object_component>
      <object_component id="oc-202">
         <name>.const:g_pulUnpendRegs</name>
         <load_address>0x9344</load_address>
         <run_address>0x9344</run_address>
         <size>0x8</size>
         <input_file_ref idref="fl-1c"/>
      </object_component>
      <object_component id="oc-358">
         <name>.cinit..data.load</name>
         <load_address>0x9350</load_address>
         <run_address>0x9350</run_address>
         <size>0x46</size>
      </object_component>
      <object_component id="oc-355">
         <name>__TI_handler_table</name>
         <load_address>0x9398</load_address>
         <run_address>0x9398</run_address>
         <size>0xc</size>
      </object_component>
      <object_component id="oc-359">
         <name>.cinit..bss.load</name>
         <load_address>0x93a8</load_address>
         <run_address>0x93a8</run_address>
         <size>0x8</size>
      </object_component>
      <object_component id="oc-357">
         <name>.cinit..vtable.load</name>
         <load_address>0x93b0</load_address>
         <run_address>0x93b0</run_address>
         <size>0x8</size>
      </object_component>
      <object_component id="oc-356">
         <name>__TI_cinit_table</name>
         <load_address>0x93b8</load_address>
         <run_address>0x93b8</run_address>
         <size>0x18</size>
      </object_component>
      <object_component id="oc-332">
         <name>.binit</name>
         <load_address>0x0</load_address>
         <run_address>0x0</run_address>
         <size>0x0</size>
      </object_component>
      <object_component id="oc-1f0">
         <name>.vtable</name>
         <uninitialized>true</uninitialized>
         <run_address>0x20000000</run_address>
         <size>0xe4</size>
         <input_file_ref idref="fl-1c"/>
      </object_component>
      <object_component id="oc-292">
         <name>.data:GPIO_PORT_TO_BASE</name>
         <load_address>0x200001f0</load_address>
         <run_address>0x200001f0</run_address>
         <size>0x30</size>
         <input_file_ref idref="fl-19"/>
      </object_component>
      <object_component id="oc-d0">
         <name>.data</name>
         <load_address>0x20000220</load_address>
         <run_address>0x20000220</run_address>
         <size>0x20</size>
         <input_file_ref idref="fl-20"/>
      </object_component>
      <object_component id="oc-12a">
         <name>.data</name>
         <load_address>0x2000025c</load_address>
         <run_address>0x2000025c</run_address>
         <size>0x4</size>
         <input_file_ref idref="fl-2d"/>
      </object_component>
      <object_component id="oc-16b">
         <name>.data</name>
         <load_address>0x20000260</load_address>
         <run_address>0x20000260</run_address>
         <size>0x1</size>
         <input_file_ref idref="fl-2e"/>
      </object_component>
      <object_component id="oc-1c6">
         <name>.data</name>
         <load_address>0x20000254</load_address>
         <run_address>0x20000254</run_address>
         <size>0x4</size>
         <input_file_ref idref="fl-f0"/>
      </object_component>
      <object_component id="oc-be">
         <name>.data:$O1$$</name>
         <load_address>0x20000240</load_address>
         <run_address>0x20000240</run_address>
         <size>0xc</size>
         <input_file_ref idref="fl-f1"/>
      </object_component>
      <object_component id="oc-71">
         <name>.data</name>
         <load_address>0x20000258</load_address>
         <run_address>0x20000258</run_address>
         <size>0x4</size>
         <input_file_ref idref="fl-ff"/>
      </object_component>
      <object_component id="oc-c1">
         <name>.data:$O1$$</name>
         <load_address>0x2000024c</load_address>
         <run_address>0x2000024c</run_address>
         <size>0x8</size>
         <input_file_ref idref="fl-100"/>
      </object_component>
      <object_component id="oc-21e">
         <name>.common:Lcd_Orientation</name>
         <uninitialized>true</uninitialized>
         <run_address>0x200001e7</run_address>
         <size>0x1</size>
      </object_component>
      <object_component id="oc-218">
         <name>.common:Lcd_ScreenWidth</name>
         <uninitialized>true</uninitialized>
         <run_address>0x200001de</run_address>
         <size>0x2</size>
      </object_component>
      <object_component id="oc-219">
         <name>.common:Lcd_ScreenHeigth</name>
         <uninitialized>true</uninitialized>
         <run_address>0x200001dc</run_address>
         <size>0x2</size>
      </object_component>
      <object_component id="oc-21a">
         <name>.common:Lcd_PenSolid</name>
         <uninitialized>true</uninitialized>
         <run_address>0x200001e8</run_address>
         <size>0x1</size>
      </object_component>
      <object_component id="oc-21b">
         <name>.common:Lcd_FontSolid</name>
         <uninitialized>true</uninitialized>
         <run_address>0x200001e6</run_address>
         <size>0x1</size>
      </object_component>
      <object_component id="oc-21c">
         <name>.common:Lcd_FlagRead</name>
         <uninitialized>true</uninitialized>
         <run_address>0x200001e5</run_address>
         <size>0x1</size>
      </object_component>
      <object_component id="oc-21d">
         <name>.common:Lcd_TouchTrim</name>
         <uninitialized>true</uninitialized>
         <run_address>0x200001e0</run_address>
         <size>0x2</size>
      </object_component>
      <object_component id="oc-190">
         <name>.common:g_sContext</name>
         <uninitialized>true</uninitialized>
         <run_address>0x200000e4</run_address>
         <size>0x1c</size>
      </object_component>
      <object_component id="oc-d9">
         <name>.common:second</name>
         <uninitialized>true</uninitialized>
         <run_address>0x200001d4</run_address>
         <size>0x4</size>
      </object_component>
      <object_component id="oc-dc">
         <name>.common:minute</name>
         <uninitialized>true</uninitialized>
         <run_address>0x200001ec</run_address>
         <size>0x1</size>
      </object_component>
      <object_component id="oc-dd">
         <name>.common:hour</name>
         <uninitialized>true</uninitialized>
         <run_address>0x200001eb</run_address>
         <size>0x1</size>
      </object_component>
      <object_component id="oc-de">
         <name>.common:day_of_week</name>
         <uninitialized>true</uninitialized>
         <run_address>0x200001ea</run_address>
         <size>0x1</size>
      </object_component>
      <object_component id="oc-df">
         <name>.common:day</name>
         <uninitialized>true</uninitialized>
         <run_address>0x200001e9</run_address>
         <size>0x1</size>
      </object_component>
      <object_component id="oc-e0">
         <name>.common:month</name>
         <uninitialized>true</uninitialized>
         <run_address>0x200001ed</run_address>
         <size>0x1</size>
      </object_component>
      <object_component id="oc-e1">
         <name>.common:year</name>
         <uninitialized>true</uninitialized>
         <run_address>0x200001e2</run_address>
         <size>0x2</size>
      </object_component>
      <object_component id="oc-1a9">
         <name>.common:AM</name>
         <uninitialized>true</uninitialized>
         <run_address>0x200001e4</run_address>
         <size>0x1</size>
      </object_component>
      <object_component id="oc-1a5">
         <name>.common:seconds_string</name>
         <uninitialized>true</uninitialized>
         <run_address>0x20000150</run_address>
         <size>0x14</size>
      </object_component>
      <object_component id="oc-1a4">
         <name>.common:minutes_string</name>
         <uninitialized>true</uninitialized>
         <run_address>0x20000128</run_address>
         <size>0x14</size>
      </object_component>
      <object_component id="oc-1a3">
         <name>.common:hours_string</name>
         <uninitialized>true</uninitialized>
         <run_address>0x20000114</run_address>
         <size>0x14</size>
      </object_component>
      <object_component id="oc-1a8">
         <name>.common:years_string</name>
         <uninitialized>true</uninitialized>
         <run_address>0x200001b4</run_address>
         <size>0x14</size>
      </object_component>
      <object_component id="oc-1a7">
         <name>.common:days_string_number</name>
         <uninitialized>true</uninitialized>
         <run_address>0x20000100</run_address>
         <size>0x14</size>
      </object_component>
      <object_component id="oc-1a6">
         <name>.common:months_string</name>
         <uninitialized>true</uninitialized>
         <run_address>0x2000013c</run_address>
         <size>0x14</size>
      </object_component>
      <object_component id="oc-16f">
         <name>.common:Temperature_C</name>
         <uninitialized>true</uninitialized>
         <run_address>0x200001c8</run_address>
         <size>0x4</size>
      </object_component>
      <object_component id="oc-16e">
         <name>.common:Temperature_F</name>
         <uninitialized>true</uninitialized>
         <run_address>0x200001cc</run_address>
         <size>0x4</size>
      </object_component>
      <object_component id="oc-170">
         <name>.common:Temperature_K</name>
         <uninitialized>true</uninitialized>
         <run_address>0x200001d0</run_address>
         <size>0x4</size>
      </object_component>
      <object_component id="oc-1b0">
         <name>.common:temperature_C_string</name>
         <uninitialized>true</uninitialized>
         <run_address>0x20000178</run_address>
         <size>0x14</size>
      </object_component>
      <object_component id="oc-1b1">
         <name>.common:temperature_F_string</name>
         <uninitialized>true</uninitialized>
         <run_address>0x2000018c</run_address>
         <size>0x14</size>
      </object_component>
      <object_component id="oc-1b2">
         <name>.common:temperature_K_string</name>
         <uninitialized>true</uninitialized>
         <run_address>0x200001a0</run_address>
         <size>0x14</size>
      </object_component>
      <object_component id="oc-113">
         <name>.common:temp</name>
         <uninitialized>true</uninitialized>
         <run_address>0x200001d8</run_address>
         <size>0x4</size>
      </object_component>
      <object_component id="oc-168">
         <name>.common:temp_array</name>
         <uninitialized>true</uninitialized>
         <run_address>0x20000164</run_address>
         <size>0x14</size>
      </object_component>
      <object_component id="oc-2f">
         <name>.stack</name>
         <uninitialized>true</uninitialized>
         <run_address>0x2000fe00</run_address>
         <size>0x0</size>
         <input_file_ref idref="fl-ea"/>
      </object_component>
      <object_component id="oc-35a">
         <name>.stack</name>
         <uninitialized>true</uninitialized>
         <run_address>0x2000fe00</run_address>
         <size>0x0</size>
      </object_component>
      <object_component id="oc-130">
         <name>.debug_info</name>
         <load_address>0x0</load_address>
         <run_address>0x0</run_address>
         <size>0x5a9</size>
         <input_file_ref idref="fl-2"/>
      </object_component>
      <object_component id="oc-82">
         <name>.debug_info</name>
         <load_address>0x5a9</load_address>
         <run_address>0x5a9</run_address>
         <size>0x26e</size>
         <input_file_ref idref="fl-2"/>
      </object_component>
      <object_component id="oc-133">
         <name>.debug_info</name>
         <load_address>0x817</load_address>
         <run_address>0x817</run_address>
         <size>0x1055</size>
         <input_file_ref idref="fl-2"/>
      </object_component>
      <object_component id="oc-d4">
         <name>.debug_info</name>
         <load_address>0x186c</load_address>
         <run_address>0x186c</run_address>
         <size>0x37cd</size>
         <input_file_ref idref="fl-2"/>
      </object_component>
      <object_component id="oc-36">
         <name>.debug_info</name>
         <load_address>0x5039</load_address>
         <run_address>0x5039</run_address>
         <size>0x84</size>
         <input_file_ref idref="fl-2"/>
      </object_component>
      <object_component id="oc-e4">
         <name>.debug_info</name>
         <load_address>0x50bd</load_address>
         <run_address>0x50bd</run_address>
         <size>0x18b</size>
         <input_file_ref idref="fl-2"/>
      </object_component>
      <object_component id="oc-1bb">
         <name>.debug_info</name>
         <load_address>0x5248</load_address>
         <run_address>0x5248</run_address>
         <size>0x8fa</size>
         <input_file_ref idref="fl-3"/>
      </object_component>
      <object_component id="oc-196">
         <name>.debug_info</name>
         <load_address>0x5b42</load_address>
         <run_address>0x5b42</run_address>
         <size>0xed</size>
         <input_file_ref idref="fl-3"/>
      </object_component>
      <object_component id="oc-220">
         <name>.debug_info</name>
         <load_address>0x5c2f</load_address>
         <run_address>0x5c2f</run_address>
         <size>0xce</size>
         <input_file_ref idref="fl-3"/>
      </object_component>
      <object_component id="oc-179">
         <name>.debug_info</name>
         <load_address>0x5cfd</load_address>
         <run_address>0x5cfd</run_address>
         <size>0x14b2</size>
         <input_file_ref idref="fl-3"/>
      </object_component>
      <object_component id="oc-256">
         <name>.debug_info</name>
         <load_address>0x71af</load_address>
         <run_address>0x71af</run_address>
         <size>0x37cd</size>
         <input_file_ref idref="fl-3"/>
      </object_component>
      <object_component id="oc-138">
         <name>.debug_info</name>
         <load_address>0xa97c</load_address>
         <run_address>0xa97c</run_address>
         <size>0x40a</size>
         <input_file_ref idref="fl-3"/>
      </object_component>
      <object_component id="oc-28d">
         <name>.debug_info</name>
         <load_address>0xad86</load_address>
         <run_address>0xad86</run_address>
         <size>0x131</size>
         <input_file_ref idref="fl-3"/>
      </object_component>
      <object_component id="oc-2fa">
         <name>.debug_info</name>
         <load_address>0xaeb7</load_address>
         <run_address>0xaeb7</run_address>
         <size>0x815</size>
         <input_file_ref idref="fl-4"/>
      </object_component>
      <object_component id="oc-28a">
         <name>.debug_info</name>
         <load_address>0xb6cc</load_address>
         <run_address>0xb6cc</run_address>
         <size>0xe1</size>
         <input_file_ref idref="fl-4"/>
      </object_component>
      <object_component id="oc-20d">
         <name>.debug_info</name>
         <load_address>0xb7ad</load_address>
         <run_address>0xb7ad</run_address>
         <size>0x52b</size>
         <input_file_ref idref="fl-4"/>
      </object_component>
      <object_component id="oc-206">
         <name>.debug_info</name>
         <load_address>0xbcd8</load_address>
         <run_address>0xbcd8</run_address>
         <size>0x8b</size>
         <input_file_ref idref="fl-4"/>
      </object_component>
      <object_component id="oc-191">
         <name>.debug_info</name>
         <load_address>0xbd63</load_address>
         <run_address>0xbd63</run_address>
         <size>0x928</size>
         <input_file_ref idref="fl-5"/>
      </object_component>
      <object_component id="oc-103">
         <name>.debug_info</name>
         <load_address>0xc68b</load_address>
         <run_address>0xc68b</run_address>
         <size>0x3d7</size>
         <input_file_ref idref="fl-5"/>
      </object_component>
      <object_component id="oc-243">
         <name>.debug_info</name>
         <load_address>0xca62</load_address>
         <run_address>0xca62</run_address>
         <size>0x4e</size>
         <input_file_ref idref="fl-5"/>
      </object_component>
      <object_component id="oc-7e">
         <name>.debug_info</name>
         <load_address>0xcab0</load_address>
         <run_address>0xcab0</run_address>
         <size>0x27a</size>
         <input_file_ref idref="fl-6"/>
      </object_component>
      <object_component id="oc-224">
         <name>.debug_info</name>
         <load_address>0xcd2a</load_address>
         <run_address>0xcd2a</run_address>
         <size>0x4c8</size>
         <input_file_ref idref="fl-b"/>
      </object_component>
      <object_component id="oc-182">
         <name>.debug_info</name>
         <load_address>0xd1f2</load_address>
         <run_address>0xd1f2</run_address>
         <size>0xd63</size>
         <input_file_ref idref="fl-b"/>
      </object_component>
      <object_component id="oc-1eb">
         <name>.debug_info</name>
         <load_address>0xdf55</load_address>
         <run_address>0xdf55</run_address>
         <size>0x29b</size>
         <input_file_ref idref="fl-c"/>
      </object_component>
      <object_component id="oc-22e">
         <name>.debug_info</name>
         <load_address>0xe1f0</load_address>
         <run_address>0xe1f0</run_address>
         <size>0x368</size>
         <input_file_ref idref="fl-f"/>
      </object_component>
      <object_component id="oc-18c">
         <name>.debug_info</name>
         <load_address>0xe558</load_address>
         <run_address>0xe558</run_address>
         <size>0x858</size>
         <input_file_ref idref="fl-f"/>
      </object_component>
      <object_component id="oc-253">
         <name>.debug_info</name>
         <load_address>0xedb0</load_address>
         <run_address>0xedb0</run_address>
         <size>0x1df</size>
         <input_file_ref idref="fl-12"/>
      </object_component>
      <object_component id="oc-24f">
         <name>.debug_info</name>
         <load_address>0xef8f</load_address>
         <run_address>0xef8f</run_address>
         <size>0xc7</size>
         <input_file_ref idref="fl-12"/>
      </object_component>
      <object_component id="oc-1ae">
         <name>.debug_info</name>
         <load_address>0xf056</load_address>
         <run_address>0xf056</run_address>
         <size>0xc4</size>
         <input_file_ref idref="fl-12"/>
      </object_component>
      <object_component id="oc-23a">
         <name>.debug_info</name>
         <load_address>0xf11a</load_address>
         <run_address>0xf11a</run_address>
         <size>0x1e0</size>
         <input_file_ref idref="fl-13"/>
      </object_component>
      <object_component id="oc-236">
         <name>.debug_info</name>
         <load_address>0xf2fa</load_address>
         <run_address>0xf2fa</run_address>
         <size>0xca</size>
         <input_file_ref idref="fl-13"/>
      </object_component>
      <object_component id="oc-199">
         <name>.debug_info</name>
         <load_address>0xf3c4</load_address>
         <run_address>0xf3c4</run_address>
         <size>0xc7</size>
         <input_file_ref idref="fl-13"/>
      </object_component>
      <object_component id="oc-24d">
         <name>.debug_info</name>
         <load_address>0xf48b</load_address>
         <run_address>0xf48b</run_address>
         <size>0x1df</size>
         <input_file_ref idref="fl-16"/>
      </object_component>
      <object_component id="oc-249">
         <name>.debug_info</name>
         <load_address>0xf66a</load_address>
         <run_address>0xf66a</run_address>
         <size>0xc7</size>
         <input_file_ref idref="fl-16"/>
      </object_component>
      <object_component id="oc-1ab">
         <name>.debug_info</name>
         <load_address>0xf731</load_address>
         <run_address>0xf731</run_address>
         <size>0xc5</size>
         <input_file_ref idref="fl-16"/>
      </object_component>
      <object_component id="oc-299">
         <name>.debug_info</name>
         <load_address>0xf7f6</load_address>
         <run_address>0xf7f6</run_address>
         <size>0x64d</size>
         <input_file_ref idref="fl-19"/>
      </object_component>
      <object_component id="oc-296">
         <name>.debug_info</name>
         <load_address>0xfe43</load_address>
         <run_address>0xfe43</run_address>
         <size>0xc9</size>
         <input_file_ref idref="fl-19"/>
      </object_component>
      <object_component id="oc-293">
         <name>.debug_info</name>
         <load_address>0xff0c</load_address>
         <run_address>0xff0c</run_address>
         <size>0xcb</size>
         <input_file_ref idref="fl-19"/>
      </object_component>
      <object_component id="oc-215">
         <name>.debug_info</name>
         <load_address>0xffd7</load_address>
         <run_address>0xffd7</run_address>
         <size>0x1684</size>
         <input_file_ref idref="fl-19"/>
      </object_component>
      <object_component id="oc-20b">
         <name>.debug_info</name>
         <load_address>0x1165b</load_address>
         <run_address>0x1165b</run_address>
         <size>0x5db</size>
         <input_file_ref idref="fl-1c"/>
      </object_component>
      <object_component id="oc-1f4">
         <name>.debug_info</name>
         <load_address>0x11c36</load_address>
         <run_address>0x11c36</run_address>
         <size>0xc8</size>
         <input_file_ref idref="fl-1c"/>
      </object_component>
      <object_component id="oc-1f7">
         <name>.debug_info</name>
         <load_address>0x11cfe</load_address>
         <run_address>0x11cfe</run_address>
         <size>0xc0</size>
         <input_file_ref idref="fl-1c"/>
      </object_component>
      <object_component id="oc-1fa">
         <name>.debug_info</name>
         <load_address>0x11dbe</load_address>
         <run_address>0x11dbe</run_address>
         <size>0xc4</size>
         <input_file_ref idref="fl-1c"/>
      </object_component>
      <object_component id="oc-1fd">
         <name>.debug_info</name>
         <load_address>0x11e82</load_address>
         <run_address>0x11e82</run_address>
         <size>0xc6</size>
         <input_file_ref idref="fl-1c"/>
      </object_component>
      <object_component id="oc-200">
         <name>.debug_info</name>
         <load_address>0x11f48</load_address>
         <run_address>0x11f48</run_address>
         <size>0xc8</size>
         <input_file_ref idref="fl-1c"/>
      </object_component>
      <object_component id="oc-203">
         <name>.debug_info</name>
         <load_address>0x12010</load_address>
         <run_address>0x12010</run_address>
         <size>0xcc</size>
         <input_file_ref idref="fl-1c"/>
      </object_component>
      <object_component id="oc-1f1">
         <name>.debug_info</name>
         <load_address>0x120dc</load_address>
         <run_address>0x120dc</run_address>
         <size>0xcd</size>
         <input_file_ref idref="fl-1c"/>
      </object_component>
      <object_component id="oc-173">
         <name>.debug_info</name>
         <load_address>0x121a9</load_address>
         <run_address>0x121a9</run_address>
         <size>0xe28</size>
         <input_file_ref idref="fl-1c"/>
      </object_component>
      <object_component id="oc-88">
         <name>.debug_info</name>
         <load_address>0x12fd1</load_address>
         <run_address>0x12fd1</run_address>
         <size>0x2d2</size>
         <input_file_ref idref="fl-1d"/>
      </object_component>
      <object_component id="oc-193">
         <name>.debug_info</name>
         <load_address>0x132a3</load_address>
         <run_address>0x132a3</run_address>
         <size>0xa94</size>
         <input_file_ref idref="fl-1e"/>
      </object_component>
      <object_component id="oc-29f">
         <name>.debug_info</name>
         <load_address>0x13d37</load_address>
         <run_address>0x13d37</run_address>
         <size>0x4a8</size>
         <input_file_ref idref="fl-1f"/>
      </object_component>
      <object_component id="oc-226">
         <name>.debug_info</name>
         <load_address>0x141df</load_address>
         <run_address>0x141df</run_address>
         <size>0x70f</size>
         <input_file_ref idref="fl-1f"/>
      </object_component>
      <object_component id="oc-da">
         <name>.debug_info</name>
         <load_address>0x148ee</load_address>
         <run_address>0x148ee</run_address>
         <size>0xcba</size>
         <input_file_ref idref="fl-20"/>
      </object_component>
      <object_component id="oc-d1">
         <name>.debug_info</name>
         <load_address>0x155a8</load_address>
         <run_address>0x155a8</run_address>
         <size>0x1f2</size>
         <input_file_ref idref="fl-20"/>
      </object_component>
      <object_component id="oc-b8">
         <name>.debug_info</name>
         <load_address>0x1579a</load_address>
         <run_address>0x1579a</run_address>
         <size>0x214</size>
         <input_file_ref idref="fl-20"/>
      </object_component>
      <object_component id="oc-2f7">
         <name>.debug_info</name>
         <load_address>0x159ae</load_address>
         <run_address>0x159ae</run_address>
         <size>0x641</size>
         <input_file_ref idref="fl-29"/>
      </object_component>
      <object_component id="oc-284">
         <name>.debug_info</name>
         <load_address>0x15fef</load_address>
         <run_address>0x15fef</run_address>
         <size>0x3504</size>
         <input_file_ref idref="fl-29"/>
      </object_component>
      <object_component id="oc-8f">
         <name>.debug_info</name>
         <load_address>0x194f3</load_address>
         <run_address>0x194f3</run_address>
         <size>0x29f</size>
         <input_file_ref idref="fl-2a"/>
      </object_component>
      <object_component id="oc-2d">
         <name>.debug_info</name>
         <load_address>0x19792</load_address>
         <run_address>0x19792</run_address>
         <size>0xdd</size>
         <input_file_ref idref="fl-2a"/>
      </object_component>
      <object_component id="oc-76">
         <name>.debug_info</name>
         <load_address>0x1986f</load_address>
         <run_address>0x1986f</run_address>
         <size>0x1a4</size>
         <input_file_ref idref="fl-2a"/>
      </object_component>
      <object_component id="oc-22c">
         <name>.debug_info</name>
         <load_address>0x19a13</load_address>
         <run_address>0x19a13</run_address>
         <size>0x427</size>
         <input_file_ref idref="fl-2b"/>
      </object_component>
      <object_component id="oc-186">
         <name>.debug_info</name>
         <load_address>0x19e3a</load_address>
         <run_address>0x19e3a</run_address>
         <size>0x94d</size>
         <input_file_ref idref="fl-2b"/>
      </object_component>
      <object_component id="oc-12b">
         <name>.debug_info</name>
         <load_address>0x1a787</load_address>
         <run_address>0x1a787</run_address>
         <size>0xd6</size>
         <input_file_ref idref="fl-2d"/>
      </object_component>
      <object_component id="oc-cb">
         <name>.debug_info</name>
         <load_address>0x1a85d</load_address>
         <run_address>0x1a85d</run_address>
         <size>0x248</size>
         <input_file_ref idref="fl-2d"/>
      </object_component>
      <object_component id="oc-169">
         <name>.debug_info</name>
         <load_address>0x1aaa5</load_address>
         <run_address>0x1aaa5</run_address>
         <size>0x636</size>
         <input_file_ref idref="fl-2e"/>
      </object_component>
      <object_component id="oc-16c">
         <name>.debug_info</name>
         <load_address>0x1b0db</load_address>
         <run_address>0x1b0db</run_address>
         <size>0xbc</size>
         <input_file_ref idref="fl-2e"/>
      </object_component>
      <object_component id="oc-fd">
         <name>.debug_info</name>
         <load_address>0x1b197</load_address>
         <run_address>0x1b197</run_address>
         <size>0xae2</size>
         <input_file_ref idref="fl-2e"/>
      </object_component>
      <object_component id="oc-10e">
         <name>.debug_info</name>
         <load_address>0x1bc79</load_address>
         <run_address>0x1bc79</run_address>
         <size>0x5b8</size>
         <input_file_ref idref="fl-2f"/>
      </object_component>
      <object_component id="oc-29">
         <name>.debug_info</name>
         <load_address>0x1c231</load_address>
         <run_address>0x1c231</run_address>
         <size>0x160</size>
         <input_file_ref idref="fl-ea"/>
      </object_component>
      <object_component id="oc-95">
         <name>.debug_info</name>
         <load_address>0x1c391</load_address>
         <run_address>0x1c391</run_address>
         <size>0x293</size>
         <input_file_ref idref="fl-eb"/>
      </object_component>
      <object_component id="oc-17">
         <name>.debug_info</name>
         <load_address>0x1c624</load_address>
         <run_address>0x1c624</run_address>
         <size>0x245</size>
         <input_file_ref idref="fl-eb"/>
      </object_component>
      <object_component id="oc-31">
         <name>.debug_info</name>
         <load_address>0x1c869</load_address>
         <run_address>0x1c869</run_address>
         <size>0x60</size>
         <input_file_ref idref="fl-eb"/>
      </object_component>
      <object_component id="oc-90">
         <name>.debug_info</name>
         <load_address>0x1c8c9</load_address>
         <run_address>0x1c8c9</run_address>
         <size>0x46</size>
         <input_file_ref idref="fl-eb"/>
      </object_component>
      <object_component id="oc-46">
         <name>.debug_info</name>
         <load_address>0x1c90f</load_address>
         <run_address>0x1c90f</run_address>
         <size>0x2da</size>
         <input_file_ref idref="fl-ec"/>
      </object_component>
      <object_component id="oc-1b">
         <name>.debug_info</name>
         <load_address>0x1cbe9</load_address>
         <run_address>0x1cbe9</run_address>
         <size>0x1df</size>
         <input_file_ref idref="fl-ec"/>
      </object_component>
      <object_component id="oc-41">
         <name>.debug_info</name>
         <load_address>0x1cdc8</load_address>
         <run_address>0x1cdc8</run_address>
         <size>0x46</size>
         <input_file_ref idref="fl-ec"/>
      </object_component>
      <object_component id="oc-97">
         <name>.debug_info</name>
         <load_address>0x1ce0e</load_address>
         <run_address>0x1ce0e</run_address>
         <size>0x2c</size>
         <input_file_ref idref="fl-ec"/>
      </object_component>
      <object_component id="oc-52">
         <name>.debug_info</name>
         <load_address>0x1ce3a</load_address>
         <run_address>0x1ce3a</run_address>
         <size>0x2c9</size>
         <input_file_ref idref="fl-ed"/>
      </object_component>
      <object_component id="oc-22">
         <name>.debug_info</name>
         <load_address>0x1d103</load_address>
         <run_address>0x1d103</run_address>
         <size>0x1aa</size>
         <input_file_ref idref="fl-ed"/>
      </object_component>
      <object_component id="oc-4d">
         <name>.debug_info</name>
         <load_address>0x1d2ad</load_address>
         <run_address>0x1d2ad</run_address>
         <size>0x46</size>
         <input_file_ref idref="fl-ed"/>
      </object_component>
      <object_component id="oc-9f">
         <name>.debug_info</name>
         <load_address>0x1d2f3</load_address>
         <run_address>0x1d2f3</run_address>
         <size>0x2c</size>
         <input_file_ref idref="fl-ed"/>
      </object_component>
      <object_component id="oc-1e2">
         <name>.debug_info</name>
         <load_address>0x1d31f</load_address>
         <run_address>0x1d31f</run_address>
         <size>0x39b</size>
         <input_file_ref idref="fl-ee"/>
      </object_component>
      <object_component id="oc-1ca">
         <name>.debug_info</name>
         <load_address>0x1d6ba</load_address>
         <run_address>0x1d6ba</run_address>
         <size>0x11d</size>
         <input_file_ref idref="fl-ee"/>
      </object_component>
      <object_component id="oc-159">
         <name>.debug_info</name>
         <load_address>0x1d7d7</load_address>
         <run_address>0x1d7d7</run_address>
         <size>0xb75</size>
         <input_file_ref idref="fl-ee"/>
      </object_component>
      <object_component id="oc-1dd">
         <name>.debug_info</name>
         <load_address>0x1e34c</load_address>
         <run_address>0x1e34c</run_address>
         <size>0x39</size>
         <input_file_ref idref="fl-ee"/>
      </object_component>
      <object_component id="oc-25c">
         <name>.debug_info</name>
         <load_address>0x1e385</load_address>
         <run_address>0x1e385</run_address>
         <size>0x2e3</size>
         <input_file_ref idref="fl-ef"/>
      </object_component>
      <object_component id="oc-1c1">
         <name>.debug_info</name>
         <load_address>0x1e668</load_address>
         <run_address>0x1e668</run_address>
         <size>0x240</size>
         <input_file_ref idref="fl-ef"/>
      </object_component>
      <object_component id="oc-1c7">
         <name>.debug_info</name>
         <load_address>0x1e8a8</load_address>
         <run_address>0x1e8a8</run_address>
         <size>0xf3</size>
         <input_file_ref idref="fl-f0"/>
      </object_component>
      <object_component id="oc-c5">
         <name>.debug_info</name>
         <load_address>0x1e99b</load_address>
         <run_address>0x1e99b</run_address>
         <size>0x3ce</size>
         <input_file_ref idref="fl-f1"/>
      </object_component>
      <object_component id="oc-bf">
         <name>.debug_info</name>
         <load_address>0x1ed69</load_address>
         <run_address>0x1ed69</run_address>
         <size>0x185</size>
         <input_file_ref idref="fl-f1"/>
      </object_component>
      <object_component id="oc-6d">
         <name>.debug_info</name>
         <load_address>0x1eeee</load_address>
         <run_address>0x1eeee</run_address>
         <size>0x214</size>
         <input_file_ref idref="fl-f1"/>
      </object_component>
      <object_component id="oc-154">
         <name>.debug_info</name>
         <load_address>0x1f102</load_address>
         <run_address>0x1f102</run_address>
         <size>0x144</size>
         <input_file_ref idref="fl-f2"/>
      </object_component>
      <object_component id="oc-1cd">
         <name>.debug_info</name>
         <load_address>0x1f246</load_address>
         <run_address>0x1f246</run_address>
         <size>0x120</size>
         <input_file_ref idref="fl-f3"/>
      </object_component>
      <object_component id="oc-1d3">
         <name>.debug_info</name>
         <load_address>0x1f366</load_address>
         <run_address>0x1f366</run_address>
         <size>0x122</size>
         <input_file_ref idref="fl-f3"/>
      </object_component>
      <object_component id="oc-160">
         <name>.debug_info</name>
         <load_address>0x1f488</load_address>
         <run_address>0x1f488</run_address>
         <size>0x132</size>
         <input_file_ref idref="fl-f4"/>
      </object_component>
      <object_component id="oc-151">
         <name>.debug_info</name>
         <load_address>0x1f5ba</load_address>
         <run_address>0x1f5ba</run_address>
         <size>0x132</size>
         <input_file_ref idref="fl-f5"/>
      </object_component>
      <object_component id="oc-10a">
         <name>.debug_info</name>
         <load_address>0x1f6ec</load_address>
         <run_address>0x1f6ec</run_address>
         <size>0x136</size>
         <input_file_ref idref="fl-f6"/>
      </object_component>
      <object_component id="oc-164">
         <name>.debug_info</name>
         <load_address>0x1f822</load_address>
         <run_address>0x1f822</run_address>
         <size>0x124</size>
         <input_file_ref idref="fl-f7"/>
      </object_component>
      <object_component id="oc-14a">
         <name>.debug_info</name>
         <load_address>0x1f946</load_address>
         <run_address>0x1f946</run_address>
         <size>0x124</size>
         <input_file_ref idref="fl-f8"/>
      </object_component>
      <object_component id="oc-3c">
         <name>.debug_info</name>
         <load_address>0x1fa6a</load_address>
         <run_address>0x1fa6a</run_address>
         <size>0x111</size>
         <input_file_ref idref="fl-f9"/>
      </object_component>
      <object_component id="oc-49">
         <name>.debug_info</name>
         <load_address>0x1fb7b</load_address>
         <run_address>0x1fb7b</run_address>
         <size>0x13f</size>
         <input_file_ref idref="fl-fa"/>
      </object_component>
      <object_component id="oc-54">
         <name>.debug_info</name>
         <load_address>0x1fcba</load_address>
         <run_address>0x1fcba</run_address>
         <size>0x138</size>
         <input_file_ref idref="fl-fb"/>
      </object_component>
      <object_component id="oc-5a">
         <name>.debug_info</name>
         <load_address>0x1fdf2</load_address>
         <run_address>0x1fdf2</run_address>
         <size>0x148</size>
         <input_file_ref idref="fl-fc"/>
      </object_component>
      <object_component id="oc-26a">
         <name>.debug_info</name>
         <load_address>0x1ff3a</load_address>
         <run_address>0x1ff3a</run_address>
         <size>0x316</size>
         <input_file_ref idref="fl-fd"/>
      </object_component>
      <object_component id="oc-1d9">
         <name>.debug_info</name>
         <load_address>0x20250</load_address>
         <run_address>0x20250</run_address>
         <size>0x1d5</size>
         <input_file_ref idref="fl-fd"/>
      </object_component>
      <object_component id="oc-26b">
         <name>.debug_info</name>
         <load_address>0x20425</load_address>
         <run_address>0x20425</run_address>
         <size>0x2c</size>
         <input_file_ref idref="fl-fd"/>
      </object_component>
      <object_component id="oc-242">
         <name>.debug_info</name>
         <load_address>0x20451</load_address>
         <run_address>0x20451</run_address>
         <size>0x355</size>
         <input_file_ref idref="fl-fe"/>
      </object_component>
      <object_component id="oc-19f">
         <name>.debug_info</name>
         <load_address>0x207a6</load_address>
         <run_address>0x207a6</run_address>
         <size>0x2e4</size>
         <input_file_ref idref="fl-fe"/>
      </object_component>
      <object_component id="oc-2e2">
         <name>.debug_info</name>
         <load_address>0x20a8a</load_address>
         <run_address>0x20a8a</run_address>
         <size>0x2c</size>
         <input_file_ref idref="fl-fe"/>
      </object_component>
      <object_component id="oc-72">
         <name>.debug_info</name>
         <load_address>0x20ab6</load_address>
         <run_address>0x20ab6</run_address>
         <size>0x109</size>
         <input_file_ref idref="fl-ff"/>
      </object_component>
      <object_component id="oc-126">
         <name>.debug_info</name>
         <load_address>0x20bbf</load_address>
         <run_address>0x20bbf</run_address>
         <size>0x2be</size>
         <input_file_ref idref="fl-100"/>
      </object_component>
      <object_component id="oc-c2">
         <name>.debug_info</name>
         <load_address>0x20e7d</load_address>
         <run_address>0x20e7d</run_address>
         <size>0x113</size>
         <input_file_ref idref="fl-100"/>
      </object_component>
      <object_component id="oc-11f">
         <name>.debug_info</name>
         <load_address>0x20f90</load_address>
         <run_address>0x20f90</run_address>
         <size>0x21f</size>
         <input_file_ref idref="fl-100"/>
      </object_component>
      <object_component id="oc-2d7">
         <name>.debug_info</name>
         <load_address>0x211af</load_address>
         <run_address>0x211af</run_address>
         <size>0x51f</size>
         <input_file_ref idref="fl-101"/>
      </object_component>
      <object_component id="oc-23f">
         <name>.debug_info</name>
         <load_address>0x216ce</load_address>
         <run_address>0x216ce</run_address>
         <size>0x1543</size>
         <input_file_ref idref="fl-101"/>
      </object_component>
      <object_component id="oc-2d8">
         <name>.debug_info</name>
         <load_address>0x22c11</load_address>
         <run_address>0x22c11</run_address>
         <size>0x86</size>
         <input_file_ref idref="fl-101"/>
      </object_component>
      <object_component id="oc-316">
         <name>.debug_info</name>
         <load_address>0x22c97</load_address>
[...]
      <symbol id="sm-500">
         <name>SystemCoreClockUpdate</name>
         <value>0x44b5</value>
         <object_component_ref idref="oc-c9"/>
      </symbol>
      <symbol id="sm-501">
         <name>SystemCoreClock</name>
         <value>0x2000025c</value>
         <object_component_ref idref="oc-12a"/>
      </symbol>
      <symbol id="sm-55d">
         <name>temp_array</name>
         <value>0x20000164</value>
      </symbol>
      <symbol id="sm-55e">
         <name>I2C_configure_tmp006</name>
         <value>0x248b</value>
         <object_component_ref idref="oc-fc"/>
      </symbol>
      <symbol id="sm-55f">
         <name>TMP006_readAmbientTemperature</name>
         <value>0x2651</value>
         <object_component_ref idref="oc-fc"/>
      </symbol>
      <symbol id="sm-560">
         <name>I2C_setslave</name>
         <value>0x2625</value>
         <object_component_ref idref="oc-fc"/>
      </symbol>
      <symbol id="sm-561">
         <name>TMP006_getTemp</name>
         <value>0x268d</value>
         <object_component_ref idref="oc-fc"/>
      </symbol>
      <symbol id="sm-562">
         <name>TMP006_readObjectVoltage</name>
         <value>0x2641</value>
         <object_component_ref idref="oc-fc"/>
      </symbol>
      <symbol id="sm-563">
         <name>temp_num</name>
         <value>0x20000260</value>
         <object_component_ref idref="oc-16b"/>
      </symbol>
      <symbol id="sm-564">
         <name>I2C_read16</name>
         <value>0x2515</value>
         <object_component_ref idref="oc-fc"/>
      </symbol>
      <symbol id="sm-565">
         <name>TMP006_readDeviceId</name>
         <value>0x2615</value>
         <object_component_ref idref="oc-fc"/>
      </symbol>
      <symbol id="sm-566">
         <name>temp_array_fxn</name>
         <value>0x29cd</value>
         <object_component_ref idref="oc-fc"/>
      </symbol>
      <symbol id="sm-567">
         <name>I2C_write16</name>
         <value>0x24ab</value>
         <object_component_ref idref="oc-fc"/>
      </symbol>
      <symbol id="sm-568">
         <name>GPIO_configure_TMP006</name>
         <value>0x2475</value>
         <object_component_ref idref="oc-fc"/>
      </symbol>
      <symbol id="sm-569">
         <name>TMP006_init</name>
         <value>0x25df</value>
         <object_component_ref idref="oc-fc"/>
      </symbol>
      <symbol id="sm-5b0">
         <name>basic_Temperature</name>
         <value>0x498b</value>
         <object_component_ref idref="oc-10d"/>
      </symbol>
      <symbol id="sm-5b1">
         <name>basic_watch</name>
         <value>0x47e1</value>
         <object_component_ref idref="oc-10d"/>
      </symbol>
      <symbol id="sm-5b2">
         <name>large_TIME</name>
         <value>0x492d</value>
         <object_component_ref idref="oc-10d"/>
      </symbol>
      <symbol id="sm-5c4">
         <name>_c_int00</name>
         <value>0x6189</value>
         <object_component_ref idref="oc-26"/>
      </symbol>
      <symbol id="sm-5c5">
         <name>__stack</name>
         <value>0x2000fe00</value>
         <object_component_ref idref="oc-2f"/>
      </symbol>
      <symbol id="sm-5e3">
         <name>__TI_decompress_lzss</name>
         <value>0x605b</value>
         <object_component_ref idref="oc-14"/>
      </symbol>
      <symbol id="sm-5fa">
         <name>__TI_decompress_none</name>
         <value>0x6491</value>
         <object_component_ref idref="oc-1a"/>
      </symbol>
      <symbol id="sm-611">
         <name>__TI_zero_init</name>
         <value>0x64ad</value>
         <object_component_ref idref="oc-20"/>
      </symbol>
      <symbol id="sm-6a1">
         <name>pow</name>
         <value>0x1225</value>
         <object_component_ref idref="oc-158"/>
      </symbol>
      <symbol id="sm-6a2">
         <name>powl</name>
         <value>0x1225</value>
         <object_component_ref idref="oc-158"/>
      </symbol>
      <symbol id="sm-6c6">
         <name>sqrtl</name>
         <value>0x52e5</value>
         <object_component_ref idref="oc-1c0"/>
      </symbol>
      <symbol id="sm-6c7">
         <name>sqrt</name>
         <value>0x52e5</value>
         <object_component_ref idref="oc-1c0"/>
      </symbol>
      <symbol id="sm-6cf">
         <name>errno</name>
         <value>0x20000254</value>
         <object_component_ref idref="oc-1c6"/>
      </symbol>
      <symbol id="sm-6f0">
         <name>C$$EXIT</name>
         <value>0x61dd</value>
         <object_component_ref idref="oc-6b"/>
      </symbol>
      <symbol id="sm-6f1">
         <name>abort</name>
         <value>0x61e1</value>
         <object_component_ref idref="oc-6b"/>
      </symbol>
      <symbol id="sm-6f2">
         <name>exit</name>
         <value>0x61e9</value>
         <object_component_ref idref="oc-6b"/>
      </symbol>
      <symbol id="sm-6f3">
         <name>__TI_dtors_ptr</name>
         <value>0x20000244</value>
         <object_component_ref idref="oc-be"/>
      </symbol>
      <symbol id="sm-6f4">
         <name>__TI_cleanup_ptr</name>
         <value>0x20000240</value>
         <object_component_ref idref="oc-be"/>
      </symbol>
      <symbol id="sm-6f5">
         <name>__TI_enable_exit_profile_output</name>
         <value>0x20000248</value>
         <object_component_ref idref="oc-be"/>
      </symbol>
      <symbol id="sm-70c">
         <name>__aeabi_dsub</name>
         <value>0x512d</value>
         <object_component_ref idref="oc-153"/>
      </symbol>
      <symbol id="sm-70d">
         <name>__aeabi_dadd</name>
         <value>0x5137</value>
         <object_component_ref idref="oc-153"/>
      </symbol>
      <symbol id="sm-72f">
         <name>__aeabi_cdcmpeq</name>
         <value>0x5df5</value>
         <object_component_ref idref="oc-1cc"/>
      </symbol>
      <symbol id="sm-730">
         <name>__aeabi_cdcmple</name>
         <value>0x5df5</value>
         <object_component_ref idref="oc-1cc"/>
      </symbol>
      <symbol id="sm-731">
         <name>__aeabi_cdrcmple</name>
         <value>0x5e7b</value>
         <object_component_ref idref="oc-1d1"/>
      </symbol>
      <symbol id="sm-745">
         <name>__aeabi_ddiv</name>
         <value>0x56d1</value>
         <object_component_ref idref="oc-15e"/>
      </symbol>
      <symbol id="sm-750">
         <name>__aeabi_dmul</name>
         <value>0x593b</value>
         <object_component_ref idref="oc-14e"/>
      </symbol>
      <symbol id="sm-75c">
         <name>__aeabi_d2f</name>
         <value>0x5fed</value>
         <object_component_ref idref="oc-108"/>
      </symbol>
      <symbol id="sm-767">
         <name>__aeabi_f2d</name>
         <value>0x63a3</value>
         <object_component_ref idref="oc-163"/>
      </symbol>
      <symbol id="sm-771">
         <name>__aeabi_i2d</name>
         <value>0x63db</value>
         <object_component_ref idref="oc-149"/>
      </symbol>
      <symbol id="sm-78c">
         <name>memcpy</name>
         <value>0x5d59</value>
         <object_component_ref idref="oc-3b"/>
      </symbol>
      <symbol id="sm-78d">
         <name>__aeabi_memcpy</name>
         <value>0x5d59</value>
         <object_component_ref idref="oc-3b"/>
      </symbol>
      <symbol id="sm-78e">
         <name>__aeabi_memcpy8</name>
         <value>0x5d59</value>
         <object_component_ref idref="oc-3b"/>
      </symbol>
      <symbol id="sm-78f">
         <name>__aeabi_memcpy4</name>
         <value>0x5d59</value>
         <object_component_ref idref="oc-3b"/>
      </symbol>
      <symbol id="sm-79e">
         <name>__aeabi_memset</name>
         <value>0x5f03</value>
         <object_component_ref idref="oc-47"/>
      </symbol>
      <symbol id="sm-79f">
         <name>memset</name>
         <value>0x5f09</value>
         <object_component_ref idref="oc-47"/>
      </symbol>
      <symbol id="sm-7a0">
         <name>__aeabi_memset8</name>
         <value>0x5f03</value>
         <object_component_ref idref="oc-47"/>
      </symbol>
      <symbol id="sm-7a1">
         <name>__aeabi_memset4</name>
         <value>0x5f03</value>
         <object_component_ref idref="oc-47"/>
      </symbol>
      <symbol id="sm-7a2">
         <name>__aeabi_memclr8</name>
         <value>0x5f01</value>
         <object_component_ref idref="oc-47"/>
      </symbol>
      <symbol id="sm-7a3">
         <name>__aeabi_memclr4</name>
         <value>0x5f01</value>
         <object_component_ref idref="oc-47"/>
      </symbol>
      <symbol id="sm-7a4">
         <name>__aeabi_memclr</name>
         <value>0x5f01</value>
         <object_component_ref idref="oc-47"/>
      </symbol>
      <symbol id="sm-7ae">
         <name>__mpu_init</name>
         <value>0x1223</value>
         <object_component_ref idref="oc-53"/>
      </symbol>
      <symbol id="sm-7b8">
         <name>_system_pre_init</name>
         <value>0x64b9</value>
         <object_component_ref idref="oc-59"/>
      </symbol>
      <symbol id="sm-7da">
         <name>scalbn</name>
         <value>0x5a39</value>
         <object_component_ref idref="oc-1d6"/>
      </symbol>
      <symbol id="sm-7db">
         <name>scalbnl</name>
         <value>0x5a39</value>
         <object_component_ref idref="oc-1d6"/>
      </symbol>
      <symbol id="sm-7dc">
         <name>ldexpl</name>
         <value>0x5a39</value>
         <object_component_ref idref="oc-1d6"/>
      </symbol>
      <symbol id="sm-7dd">
         <name>ldexp</name>
         <value>0x5a39</value>
         <object_component_ref idref="oc-1d6"/>
      </symbol>
      <symbol id="sm-7f6">
         <name>sprintf</name>
         <value>0x6129</value>
         <object_component_ref idref="oc-19d"/>
      </symbol>
      <symbol id="sm-7fe">
         <name>main_func_sp</name>
         <value>0x20000258</value>
         <object_component_ref idref="oc-71"/>
      </symbol>
      <symbol id="sm-817">
         <name>_nop</name>
         <value>0x6463</value>
         <object_component_ref idref="oc-11e"/>
      </symbol>
      <symbol id="sm-818">
         <name>_lock</name>
         <value>0x2000024c</value>
         <object_component_ref idref="oc-c1"/>
      </symbol>
      <symbol id="sm-819">
         <name>_unlock</name>
         <value>0x20000250</value>
         <object_component_ref idref="oc-c1"/>
      </symbol>
      <symbol id="sm-81a">
         <name>_register_lock</name>
         <value>0x645b</value>
         <object_component_ref idref="oc-11e"/>
      </symbol>
      <symbol id="sm-81b">
         <name>_register_unlock</name>
         <value>0x6455</value>
         <object_component_ref idref="oc-11e"/>
      </symbol>
      <symbol id="sm-91c">
         <name>__TI_printfi</name>
         <value>0x929</value>
         <object_component_ref idref="oc-23b"/>
      </symbol>
      <symbol id="sm-930">
         <name>_args_main</name>
         <value>0x6425</value>
         <object_component_ref idref="oc-65"/>
      </symbol>
      <symbol id="sm-946">
         <name>atoi</name>
         <value>0x6285</value>
         <object_component_ref idref="oc-2ca"/>
      </symbol>
      <symbol id="sm-970">
         <name>__TI_auto_init</name>
         <value>0x5f7d</value>
         <object_component_ref idref="oc-5f"/>
      </symbol>
      <symbol id="sm-98a">
         <name>copy_in</name>
         <value>0x62d1</value>
         <object_component_ref idref="oc-a8"/>
      </symbol>
      <symbol id="sm-995">
         <name>_ctypes_</name>
         <value>0x8ec7</value>
         <object_component_ref idref="oc-30d"/>
      </symbol>
      <symbol id="sm-99f">
         <name>__aeabi_d2iz</name>
         <value>0x631d</value>
         <object_component_ref idref="oc-2b3"/>
      </symbol>
      <symbol id="sm-9ae">
         <name>ltoa</name>
         <value>0x6231</value>
         <object_component_ref idref="oc-2b8"/>
      </symbol>
      <symbol id="sm-9be">
         <name>memccpy</name>
         <value>0x6409</value>
         <object_component_ref idref="oc-2d0"/>
      </symbol>
      <symbol id="sm-9c8">
         <name>copysign</name>
         <value>0x6469</value>
         <object_component_ref idref="oc-263"/>
      </symbol>
      <symbol id="sm-9c9">
         <name>copysignl</name>
         <value>0x6469</value>
         <object_component_ref idref="oc-263"/>
      </symbol>
      <symbol id="sm-9df">
         <name>frexpl</name>
         <value>0x60c5</value>
         <object_component_ref idref="oc-2be"/>
      </symbol>
      <symbol id="sm-9e0">
         <name>frexp</name>
         <value>0x60c5</value>
         <object_component_ref idref="oc-2be"/>
      </symbol>
      <symbol id="sm-9ea">
         <name>_system_post_cinit</name>
         <value>0x4f67</value>
         <object_component_ref idref="oc-ae"/>
      </symbol>
      <symbol id="sm-9fa">
         <name>strchr</name>
         <value>0x643d</value>
         <object_component_ref idref="oc-2c4"/>
      </symbol>
      <symbol id="sm-a08">
         <name>strlen</name>
         <value>0x647d</value>
         <object_component_ref idref="oc-2ad"/>
      </symbol>
      <symbol id="sm-a24">
         <name>__aeabi_uldivmod</name>
         <value>0x4d73</value>
         <object_component_ref idref="oc-2a8"/>
      </symbol>
      <symbol id="sm-a25">
         <name>__TI_static_base__</name>
         <value>0x0</value>
      </symbol>
      <symbol id="sm-a28">
         <name>SHT$$INIT_ARRAY$$Limit</name>
         <value>0x0</value>
      </symbol>
      <symbol id="sm-a29">
         <name>SHT$$INIT_ARRAY$$Base</name>
         <value>0x0</value>
      </symbol>
      <symbol id="sm-a2a">
         <name>NMI_Handler</name>
         <value>0x64ab</value>
      </symbol>
      <symbol id="sm-a2b">
         <name>HardFault_Handler</name>
         <value>0x64ab</value>
      </symbol>
      <symbol id="sm-a2c">
         <name>MemManage_Handler</name>
         <value>0x64ab</value>
      </symbol>
      <symbol id="sm-a2d">
         <name>BusFault_Handler</name>
         <value>0x64ab</value>
      </symbol>
      <symbol id="sm-a2e">
         <name>UsageFault_Handler</name>
         <value>0x64ab</value>
      </symbol>
      <symbol id="sm-a2f">
         <name>SVC_Handler</name>
         <value>0x64ab</value>
      </symbol>
      <symbol id="sm-a30">
         <name>DebugMon_Handler</name>
         <value>0x64ab</value>
      </symbol>
      <symbol id="sm-a31">
         <name>PendSV_Handler</name>
         <value>0x64ab</value>
      </symbol>
      <symbol id="sm-a32">
         <name>SysTick_Handler</name>
         <value>0x64ab</value>
      </symbol>
      <symbol id="sm-a33">
         <name>PSS_IRQHandler</name>
         <value>0x64ab</value>
      </symbol>
      <symbol id="sm-a34">
         <name>CS_IRQHandler</name>
         <value>0x64ab</value>
      </symbol>
      <symbol id="sm-a35">
         <name>PCM_IRQHandler</name>
         <value>0x64ab</value>
      </symbol>
      <symbol id="sm-a36">
         <name>WDT_A_IRQHandler</name>
         <value>0x64ab</value>
      </symbol>
      <symbol id="sm-a37">
         <name>FPU_IRQHandler</name>
         <value>0x64ab</value>
      </symbol>
      <symbol id="sm-a38">
         <name>FLCTL_IRQHandler</name>
         <value>0x64ab</value>
      </symbol>
      <symbol id="sm-a39">
         <name>COMP_E0_IRQHandler</name>
         <value>0x64ab</value>
      </symbol>
      <symbol id="sm-a3a">
         <name>COMP_E1_IRQHandler</name>
         <value>0x64ab</value>
      </symbol>
      <symbol id="sm-a3b">
         <name>TA0_0_IRQHandler</name>
         <value>0x64ab</value>
      </symbol>
      <symbol id="sm-a3c">
         <name>TA0_N_IRQHandler</name>
         <value>0x64ab</value>
      </symbol>
      <symbol id="sm-a3d">
         <name>TA1_0_IRQHandler</name>
         <value>0x64ab</value>
      </symbol>
      <symbol id="sm-a3e">
         <name>TA1_N_IRQHandler</name>
         <value>0x64ab</value>
      </symbol>
      <symbol id="sm-a3f">
         <name>TA2_0_IRQHandler</name>
         <value>0x64ab</value>
      </symbol>
      <symbol id="sm-a40">
         <name>TA2_N_IRQHandler</name>
         <value>0x64ab</value>
      </symbol>
      <symbol id="sm-a41">
         <name>TA3_0_IRQHandler</name>
         <value>0x64ab</value>
      </symbol>
      <symbol id="sm-a42">
         <name>TA3_N_IRQHandler</name>
         <value>0x64ab</value>
      </symbol>
      <symbol id="sm-a43">
         <name>EUSCIA0_IRQHandler</name>
         <value>0x64ab</value>
      </symbol>
      <symbol id="sm-a44">
         <name>EUSCIA1_IRQHandler</name>
         <value>0x64ab</value>
      </symbol>
      <symbol id="sm-a45">
         <name>EUSCIA2_IRQHandler</name>
         <value>0x64ab</value>
      </symbol>
      <symbol id="sm-a46">
         <name>EUSCIA3_IRQHandler</name>
         <value>0x64ab</value>
      </symbol>
      <symbol id="sm-a47">
         <name>EUSCIB0_IRQHandler</name>
         <value>0x64ab</value>
      </symbol>
      <symbol id="sm-a48">
         <name>EUSCIB1_IRQHandler</name>
         <value>0x64ab</value>
      </symbol>
      <symbol id="sm-a49">
         <name>EUSCIB2_IRQHandler</name>
         <value>0x64ab</value>
      </symbol>
      <symbol id="sm-a4a">
         <name>EUSCIB3_IRQHandler</name>
         <value>0x64ab</value>
      </symbol>
      <symbol id="sm-a4b">
         <name>ADC14_IRQHandler</name>
         <value>0x551d</value>
      </symbol>
      <symbol id="sm-a4c">
         <name>T32_INT1_IRQHandler</name>
         <value>0x64ab</value>
      </symbol>
      <symbol id="sm-a4d">
         <name>T32_INT2_IRQHandler</name>
         <value>0x64ab</value>
      </symbol>
      <symbol id="sm-a4e">
         <name>T32_INTC_IRQHandler</name>
         <value>0x64ab</value>
      </symbol>
      <symbol id="sm-a4f">
         <name>AES256_IRQHandler</name>
         <value>0x64ab</value>
      </symbol>
      <symbol id="sm-a50">
         <name>RTC_C_IRQHandler</name>
         <value>0x5611</value>
      </symbol>
      <symbol id="sm-a51">
         <name>DMA_ERR_IRQHandler</name>
         <value>0x64ab</value>
      </symbol>
      <symbol id="sm-a52">
         <name>DMA_INT3_IRQHandler</name>
         <value>0x64ab</value>
      </symbol>
      <symbol id="sm-a53">
         <name>DMA_INT2_IRQHandler</name>
         <value>0x64ab</value>
      </symbol>
      <symbol id="sm-a54">
         <name>DMA_INT1_IRQHandler</name>
         <value>0x64ab</value>
      </symbol>
      <symbol id="sm-a55">
         <name>DMA_INT0_IRQHandler</name>
         <value>0x64ab</value>
      </symbol>
      <symbol id="sm-a56">
         <name>PORT1_IRQHandler</name>
         <value>0x5069</value>
      </symbol>
      <symbol id="sm-a57">
         <name>PORT2_IRQHandler</name>
         <value>0x64ab</value>
      </symbol>
      <symbol id="sm-a58">
         <name>PORT3_IRQHandler</name>
         <value>0x64ab</value>
      </symbol>
      <symbol id="sm-a59">
         <name>PORT4_IRQHandler</name>
         <value>0x64ab</value>
      </symbol>
      <symbol id="sm-a5a">
         <name>PORT5_IRQHandler</name>
         <value>0x64ab</value>
      </symbol>
      <symbol id="sm-a5b">
         <name>PORT6_IRQHandler</name>
         <value>0x64ab</value>
      </symbol>
   </symbol_table>
   <title>Link successful</title>
</link_info>
