<?xml version="1.0"?>
<link_info>
   <banner>TI ARM Linker PC v16.9.4.LTS</banner>
   <copyright>Copyright (c) 1996-2017 Texas Instruments Incorporated</copyright>
   <link_time>0x5a2d7f26</link_time>
   <link_errors>0x0</link_errors>
   <output_file>basic_display_v2.out</output_file>
   <entry_point>
      <name>_c_int00</name>
      <address>0x4db9</address>
   </entry_point>
   <input_file_list>
      <input_file id="fl-2">
         <path>.\</path>
         <kind>object</kind>
         <file>ConfigureRTC.obj</file>
         <name>ConfigureRTC.obj</name>
      </input_file>
      <input_file id="fl-3">
         <path>.\</path>
         <kind>object</kind>
         <file>Crystalfontz128x128_ST7735.obj</file>
         <name>Crystalfontz128x128_ST7735.obj</name>
      </input_file>
      <input_file id="fl-4">
         <path>.\</path>
         <kind>object</kind>
         <file>HAL_MSP_EXP432P401R_Crystalfontz128x128_ST7735.obj</file>
         <name>HAL_MSP_EXP432P401R_Crystalfontz128x128_ST7735.obj</name>
      </input_file>
      <input_file id="fl-5">
         <path>.\</path>
         <kind>object</kind>
         <file>Lcd.obj</file>
         <name>Lcd.obj</name>
      </input_file>
      <input_file id="fl-6">
         <path>.\</path>
         <kind>object</kind>
         <file>adc_driver.obj</file>
         <name>adc_driver.obj</name>
      </input_file>
      <input_file id="fl-7">
         <path>.\</path>
         <kind>object</kind>
         <file>aes256.obj</file>
         <name>aes256.obj</name>
      </input_file>
      <input_file id="fl-8">
         <path>.\</path>
         <kind>object</kind>
         <file>button.obj</file>
         <name>button.obj</name>
      </input_file>
      <input_file id="fl-9">
         <path>.\</path>
         <kind>object</kind>
         <file>checkbox.obj</file>
         <name>checkbox.obj</name>
      </input_file>
      <input_file id="fl-a">
         <path>.\</path>
         <kind>object</kind>
         <file>circle.obj</file>
         <name>circle.obj</name>
      </input_file>
      <input_file id="fl-b">
         <path>.\</path>
         <kind>object</kind>
         <file>comp_e.obj</file>
         <name>comp_e.obj</name>
      </input_file>
      <input_file id="fl-c">
         <path>.\</path>
         <kind>object</kind>
         <file>context.obj</file>
         <name>context.obj</name>
      </input_file>
      <input_file id="fl-d">
         <path>.\</path>
         <kind>object</kind>
         <file>cpu.obj</file>
         <name>cpu.obj</name>
      </input_file>
      <input_file id="fl-e">
         <path>.\</path>
         <kind>object</kind>
         <file>crc32.obj</file>
         <name>crc32.obj</name>
      </input_file>
      <input_file id="fl-f">
         <path>.\</path>
         <kind>object</kind>
         <file>cs.obj</file>
         <name>cs.obj</name>
      </input_file>
      <input_file id="fl-10">
         <path>.\</path>
         <kind>object</kind>
         <file>display.obj</file>
         <name>display.obj</name>
      </input_file>
      <input_file id="fl-11">
         <path>.\</path>
         <kind>object</kind>
         <file>dma.obj</file>
         <name>dma.obj</name>
      </input_file>
      <input_file id="fl-12">
         <path>.\</path>
         <kind>object</kind>
         <file>flash.obj</file>
         <name>flash.obj</name>
      </input_file>
      <input_file id="fl-13">
         <path>.\</path>
         <kind>object</kind>
         <file>fontcm18.obj</file>
         <name>fontcm18.obj</name>
      </input_file>
      <input_file id="fl-14">
         <path>.\</path>
         <kind>object</kind>
         <file>fontcm18i.obj</file>
         <name>fontcm18i.obj</name>
      </input_file>
      <input_file id="fl-15">
         <path>.\</path>
         <kind>object</kind>
         <file>fontcm24b.obj</file>
         <name>fontcm24b.obj</name>
      </input_file>
      <input_file id="fl-16">
         <path>.\</path>
         <kind>object</kind>
         <file>fontcm42.obj</file>
         <name>fontcm42.obj</name>
      </input_file>
      <input_file id="fl-17">
         <path>.\</path>
         <kind>object</kind>
         <file>fontcm48.obj</file>
         <name>fontcm48.obj</name>
      </input_file>
      <input_file id="fl-18">
         <path>.\</path>
         <kind>object</kind>
         <file>fontfixed6x8.obj</file>
         <name>fontfixed6x8.obj</name>
      </input_file>
      <input_file id="fl-19">
         <path>.\</path>
         <kind>object</kind>
         <file>fpu.obj</file>
         <name>fpu.obj</name>
      </input_file>
      <input_file id="fl-1a">
         <path>.\</path>
         <kind>object</kind>
         <file>gpio.obj</file>
         <name>gpio.obj</name>
      </input_file>
      <input_file id="fl-1b">
         <path>.\</path>
         <kind>object</kind>
         <file>image.obj</file>
         <name>image.obj</name>
      </input_file>
      <input_file id="fl-1c">
         <path>.\</path>
         <kind>object</kind>
         <file>imageButton.obj</file>
         <name>imageButton.obj</name>
      </input_file>
      <input_file id="fl-1d">
         <path>.\</path>
         <kind>object</kind>
         <file>interrupt.obj</file>
         <name>interrupt.obj</name>
      </input_file>
      <input_file id="fl-1e">
         <path>.\</path>
         <kind>object</kind>
         <file>lcdconfig.obj</file>
         <name>lcdconfig.obj</name>
      </input_file>
      <input_file id="fl-1f">
         <path>.\</path>
         <kind>object</kind>
         <file>line.obj</file>
         <name>line.obj</name>
      </input_file>
      <input_file id="fl-20">
         <path>.\</path>
         <kind>object</kind>
         <file>main.obj</file>
         <name>main.obj</name>
      </input_file>
      <input_file id="fl-21">
         <path>.\</path>
         <kind>object</kind>
         <file>mpu.obj</file>
         <name>mpu.obj</name>
      </input_file>
      <input_file id="fl-22">
         <path>.\</path>
         <kind>object</kind>
         <file>pcm.obj</file>
         <name>pcm.obj</name>
      </input_file>
      <input_file id="fl-23">
         <path>.\</path>
         <kind>object</kind>
         <file>pmap.obj</file>
         <name>pmap.obj</name>
      </input_file>
      <input_file id="fl-24">
         <path>.\</path>
         <kind>object</kind>
         <file>pss.obj</file>
         <name>pss.obj</name>
      </input_file>
      <input_file id="fl-25">
         <path>.\</path>
         <kind>object</kind>
         <file>rectangle.obj</file>
         <name>rectangle.obj</name>
      </input_file>
      <input_file id="fl-26">
         <path>.\</path>
         <kind>object</kind>
         <file>ref_a.obj</file>
         <name>ref_a.obj</name>
      </input_file>
      <input_file id="fl-27">
         <path>.\</path>
         <kind>object</kind>
         <file>reset.obj</file>
         <name>reset.obj</name>
      </input_file>
      <input_file id="fl-28">
         <path>.\</path>
         <kind>object</kind>
         <file>rtc_c.obj</file>
         <name>rtc_c.obj</name>
      </input_file>
      <input_file id="fl-29">
         <path>.\</path>
         <kind>object</kind>
         <file>spi.obj</file>
         <name>spi.obj</name>
      </input_file>
      <input_file id="fl-2a">
         <path>.\</path>
         <kind>object</kind>
         <file>startup_msp432p401r_ccs.obj</file>
         <name>startup_msp432p401r_ccs.obj</name>
      </input_file>
      <input_file id="fl-2b">
         <path>.\</path>
         <kind>object</kind>
         <file>string.obj</file>
         <name>string.obj</name>
      </input_file>
      <input_file id="fl-2c">
         <path>.\</path>
         <kind>object</kind>
         <file>sysctl.obj</file>
         <name>sysctl.obj</name>
      </input_file>
      <input_file id="fl-2d">
         <path>.\</path>
         <kind>object</kind>
         <file>system_msp432p401r.obj</file>
         <name>system_msp432p401r.obj</name>
      </input_file>
      <input_file id="fl-2e">
         <path>.\</path>
         <kind>object</kind>
         <file>watch_face_themes.obj</file>
         <name>watch_face_themes.obj</name>
      </input_file>
      <input_file id="fl-2f">
         <path>.\</path>
         <kind>object</kind>
         <file>wdt_a.obj</file>
         <name>wdt_a.obj</name>
      </input_file>
      <input_file id="fl-33">
         <kind>object</kind>
         <file>&lt;internal&gt;</file>
         <name>&lt;internal&gt;</name>
      </input_file>
      <input_file id="fl-e9">
         <path>C:\Users\kwat1\Documents\ccsv7\tools\compiler\ti-cgt-arm_16.9.4.LTS\lib\</path>
         <kind>archive</kind>
         <file>rtsv7M4_T_le_v4SPD16_eabi.lib</file>
         <name>boot.obj</name>
      </input_file>
      <input_file id="fl-ea">
         <path>C:\Users\kwat1\Documents\ccsv7\tools\compiler\ti-cgt-arm_16.9.4.LTS\lib\</path>
         <kind>archive</kind>
         <file>rtsv7M4_T_le_v4SPD16_eabi.lib</file>
         <name>copy_decompress_lzss.obj</name>
      </input_file>
      <input_file id="fl-eb">
         <path>C:\Users\kwat1\Documents\ccsv7\tools\compiler\ti-cgt-arm_16.9.4.LTS\lib\</path>
         <kind>archive</kind>
         <file>rtsv7M4_T_le_v4SPD16_eabi.lib</file>
         <name>copy_decompress_none.obj</name>
      </input_file>
      <input_file id="fl-ec">
         <path>C:\Users\kwat1\Documents\ccsv7\tools\compiler\ti-cgt-arm_16.9.4.LTS\lib\</path>
         <kind>archive</kind>
         <file>rtsv7M4_T_le_v4SPD16_eabi.lib</file>
         <name>copy_zero_init.obj</name>
      </input_file>
      <input_file id="fl-ed">
         <path>C:\Users\kwat1\Documents\ccsv7\tools\compiler\ti-cgt-arm_16.9.4.LTS\lib\</path>
         <kind>archive</kind>
         <file>rtsv7M4_T_le_v4SPD16_eabi.lib</file>
         <name>exit.obj</name>
      </input_file>
      <input_file id="fl-ee">
         <path>C:\Users\kwat1\Documents\ccsv7\tools\compiler\ti-cgt-arm_16.9.4.LTS\lib\</path>
         <kind>archive</kind>
         <file>rtsv7M4_T_le_v4SPD16_eabi.lib</file>
         <name>fs_tod_t2.obj</name>
      </input_file>
      <input_file id="fl-ef">
         <path>C:\Users\kwat1\Documents\ccsv7\tools\compiler\ti-cgt-arm_16.9.4.LTS\lib\</path>
         <kind>archive</kind>
         <file>rtsv7M4_T_le_v4SPD16_eabi.lib</file>
         <name>memcpy_t2.obj</name>
      </input_file>
      <input_file id="fl-f0">
         <path>C:\Users\kwat1\Documents\ccsv7\tools\compiler\ti-cgt-arm_16.9.4.LTS\lib\</path>
         <kind>archive</kind>
         <file>rtsv7M4_T_le_v4SPD16_eabi.lib</file>
         <name>memset_t2.obj</name>
      </input_file>
      <input_file id="fl-f1">
         <path>C:\Users\kwat1\Documents\ccsv7\tools\compiler\ti-cgt-arm_16.9.4.LTS\lib\</path>
         <kind>archive</kind>
         <file>rtsv7M4_T_le_v4SPD16_eabi.lib</file>
         <name>mpu_init.obj</name>
      </input_file>
      <input_file id="fl-f2">
         <path>C:\Users\kwat1\Documents\ccsv7\tools\compiler\ti-cgt-arm_16.9.4.LTS\lib\</path>
         <kind>archive</kind>
         <file>rtsv7M4_T_le_v4SPD16_eabi.lib</file>
         <name>pre_init.obj</name>
      </input_file>
      <input_file id="fl-f3">
         <path>C:\Users\kwat1\Documents\ccsv7\tools\compiler\ti-cgt-arm_16.9.4.LTS\lib\</path>
         <kind>archive</kind>
         <file>rtsv7M4_T_le_v4SPD16_eabi.lib</file>
         <name>sprintf.obj</name>
      </input_file>
      <input_file id="fl-f4">
         <path>C:\Users\kwat1\Documents\ccsv7\tools\compiler\ti-cgt-arm_16.9.4.LTS\lib\</path>
         <kind>archive</kind>
         <file>rtsv7M4_T_le_v4SPD16_eabi.lib</file>
         <name>stkdepth_vars.obj</name>
      </input_file>
      <input_file id="fl-f5">
         <path>C:\Users\kwat1\Documents\ccsv7\tools\compiler\ti-cgt-arm_16.9.4.LTS\lib\</path>
         <kind>archive</kind>
         <file>rtsv7M4_T_le_v4SPD16_eabi.lib</file>
         <name>_lock.obj</name>
      </input_file>
      <input_file id="fl-f6">
         <path>C:\Users\kwat1\Documents\ccsv7\tools\compiler\ti-cgt-arm_16.9.4.LTS\lib\</path>
         <kind>archive</kind>
         <file>rtsv7M4_T_le_v4SPD16_eabi.lib</file>
         <name>_printfi.obj</name>
      </input_file>
      <input_file id="fl-f7">
         <path>C:\Users\kwat1\Documents\ccsv7\tools\compiler\ti-cgt-arm_16.9.4.LTS\lib\</path>
         <kind>archive</kind>
         <file>rtsv7M4_T_le_v4SPD16_eabi.lib</file>
         <name>args_main.obj</name>
      </input_file>
      <input_file id="fl-f8">
         <path>C:\Users\kwat1\Documents\ccsv7\tools\compiler\ti-cgt-arm_16.9.4.LTS\lib\</path>
         <kind>archive</kind>
         <file>rtsv7M4_T_le_v4SPD16_eabi.lib</file>
         <name>atoi.obj</name>
      </input_file>
      <input_file id="fl-f9">
         <path>C:\Users\kwat1\Documents\ccsv7\tools\compiler\ti-cgt-arm_16.9.4.LTS\lib\</path>
         <kind>archive</kind>
         <file>rtsv7M4_T_le_v4SPD16_eabi.lib</file>
         <name>autoinit.obj</name>
      </input_file>
      <input_file id="fl-fa">
         <path>C:\Users\kwat1\Documents\ccsv7\tools\compiler\ti-cgt-arm_16.9.4.LTS\lib\</path>
         <kind>archive</kind>
         <file>rtsv7M4_T_le_v4SPD16_eabi.lib</file>
         <name>cpy_tbl.obj</name>
      </input_file>
      <input_file id="fl-fb">
         <path>C:\Users\kwat1\Documents\ccsv7\tools\compiler\ti-cgt-arm_16.9.4.LTS\lib\</path>
         <kind>archive</kind>
         <file>rtsv7M4_T_le_v4SPD16_eabi.lib</file>
         <name>ctype.obj</name>
      </input_file>
      <input_file id="fl-fc">
         <path>C:\Users\kwat1\Documents\ccsv7\tools\compiler\ti-cgt-arm_16.9.4.LTS\lib\</path>
         <kind>archive</kind>
         <file>rtsv7M4_T_le_v4SPD16_eabi.lib</file>
         <name>fd_add_t2.obj</name>
      </input_file>
      <input_file id="fl-fd">
         <path>C:\Users\kwat1\Documents\ccsv7\tools\compiler\ti-cgt-arm_16.9.4.LTS\lib\</path>
         <kind>archive</kind>
         <file>rtsv7M4_T_le_v4SPD16_eabi.lib</file>
         <name>fd_cmp_t2.obj</name>
      </input_file>
      <input_file id="fl-fe">
         <path>C:\Users\kwat1\Documents\ccsv7\tools\compiler\ti-cgt-arm_16.9.4.LTS\lib\</path>
         <kind>archive</kind>
         <file>rtsv7M4_T_le_v4SPD16_eabi.lib</file>
         <name>fd_div_t2.obj</name>
      </input_file>
      <input_file id="fl-ff">
         <path>C:\Users\kwat1\Documents\ccsv7\tools\compiler\ti-cgt-arm_16.9.4.LTS\lib\</path>
         <kind>archive</kind>
         <file>rtsv7M4_T_le_v4SPD16_eabi.lib</file>
         <name>fd_mul_t2.obj</name>
      </input_file>
      <input_file id="fl-100">
         <path>C:\Users\kwat1\Documents\ccsv7\tools\compiler\ti-cgt-arm_16.9.4.LTS\lib\</path>
         <kind>archive</kind>
         <file>rtsv7M4_T_le_v4SPD16_eabi.lib</file>
         <name>fd_toi_t2.obj</name>
      </input_file>
      <input_file id="fl-101">
         <path>C:\Users\kwat1\Documents\ccsv7\tools\compiler\ti-cgt-arm_16.9.4.LTS\lib\</path>
         <kind>archive</kind>
         <file>rtsv7M4_T_le_v4SPD16_eabi.lib</file>
         <name>i_tofd_t2.obj</name>
      </input_file>
      <input_file id="fl-102">
         <path>C:\Users\kwat1\Documents\ccsv7\tools\compiler\ti-cgt-arm_16.9.4.LTS\lib\</path>
         <kind>archive</kind>
         <file>rtsv7M4_T_le_v4SPD16_eabi.lib</file>
         <name>ltoa.obj</name>
      </input_file>
      <input_file id="fl-103">
         <path>C:\Users\kwat1\Documents\ccsv7\tools\compiler\ti-cgt-arm_16.9.4.LTS\lib\</path>
         <kind>archive</kind>
         <file>rtsv7M4_T_le_v4SPD16_eabi.lib</file>
         <name>memccpy.obj</name>
      </input_file>
      <input_file id="fl-104">
         <path>C:\Users\kwat1\Documents\ccsv7\tools\compiler\ti-cgt-arm_16.9.4.LTS\lib\</path>
         <kind>archive</kind>
         <file>rtsv7M4_T_le_v4SPD16_eabi.lib</file>
         <name>s_frexp.obj</name>
      </input_file>
      <input_file id="fl-105">
         <path>C:\Users\kwat1\Documents\ccsv7\tools\compiler\ti-cgt-arm_16.9.4.LTS\lib\</path>
         <kind>archive</kind>
         <file>rtsv7M4_T_le_v4SPD16_eabi.lib</file>
         <name>s_scalbn.obj</name>
      </input_file>
      <input_file id="fl-106">
         <path>C:\Users\kwat1\Documents\ccsv7\tools\compiler\ti-cgt-arm_16.9.4.LTS\lib\</path>
         <kind>archive</kind>
         <file>rtsv7M4_T_le_v4SPD16_eabi.lib</file>
         <name>startup.obj</name>
      </input_file>
      <input_file id="fl-107">
         <path>C:\Users\kwat1\Documents\ccsv7\tools\compiler\ti-cgt-arm_16.9.4.LTS\lib\</path>
         <kind>archive</kind>
         <file>rtsv7M4_T_le_v4SPD16_eabi.lib</file>
         <name>strchr.obj</name>
      </input_file>
      <input_file id="fl-108">
         <path>C:\Users\kwat1\Documents\ccsv7\tools\compiler\ti-cgt-arm_16.9.4.LTS\lib\</path>
         <kind>archive</kind>
         <file>rtsv7M4_T_le_v4SPD16_eabi.lib</file>
         <name>strlen.obj</name>
      </input_file>
      <input_file id="fl-109">
         <path>C:\Users\kwat1\Documents\ccsv7\tools\compiler\ti-cgt-arm_16.9.4.LTS\lib\</path>
         <kind>archive</kind>
         <file>rtsv7M4_T_le_v4SPD16_eabi.lib</file>
         <name>ull_div_t2.obj</name>
      </input_file>
      <input_file id="fl-10a">
         <path>C:\Users\kwat1\Documents\ccsv7\tools\compiler\ti-cgt-arm_16.9.4.LTS\lib\</path>
         <kind>archive</kind>
         <file>rtsv7M4_T_le_v4SPD16_eabi.lib</file>
         <name>errno.obj</name>
      </input_file>
      <input_file id="fl-10b">
         <path>C:\Users\kwat1\Documents\ccsv7\tools\compiler\ti-cgt-arm_16.9.4.LTS\lib\</path>
         <kind>archive</kind>
         <file>rtsv7M4_T_le_v4SPD16_eabi.lib</file>
         <name>s_copysign.obj</name>
      </input_file>
   </input_file_list>
   <object_component_list>
      <object_component id="oc-2c">
         <name>.intvecs:retain</name>
         <load_address>0x0</load_address>
         <run_address>0x0</run_address>
         <size>0xe4</size>
         <input_file_ref idref="fl-2a"/>
      </object_component>
      <object_component id="oc-1d9">
         <name>.text</name>
         <load_address>0xe4</load_address>
         <run_address>0xe4</run_address>
         <size>0x113e</size>
         <input_file_ref idref="fl-f6"/>
      </object_component>
      <object_component id="oc-53">
         <name>.text</name>
         <load_address>0x1222</load_address>
         <run_address>0x1222</run_address>
         <size>0x2</size>
         <input_file_ref idref="fl-f1"/>
      </object_component>
      <object_component id="oc-20b">
         <name>.text</name>
         <load_address>0x1224</load_address>
         <run_address>0x1224</run_address>
         <size>0x8a4</size>
         <input_file_ref idref="fl-29"/>
      </object_component>
      <object_component id="oc-13f">
         <name>.text</name>
         <load_address>0x1ac8</load_address>
         <run_address>0x1ac8</run_address>
         <size>0x678</size>
         <input_file_ref idref="fl-3"/>
      </object_component>
      <object_component id="oc-14b">
         <name>.text</name>
         <load_address>0x2140</load_address>
         <run_address>0x2140</run_address>
         <size>0x630</size>
         <input_file_ref idref="fl-2b"/>
      </object_component>
      <object_component id="oc-1c3">
         <name>.text</name>
         <load_address>0x2770</load_address>
         <run_address>0x2770</run_address>
         <size>0x490</size>
         <input_file_ref idref="fl-1f"/>
      </object_component>
      <object_component id="oc-1b0">
         <name>.text</name>
         <load_address>0x2c00</load_address>
         <run_address>0x2c00</run_address>
         <size>0x480</size>
         <input_file_ref idref="fl-1a"/>
      </object_component>
      <object_component id="oc-139">
         <name>.text</name>
         <load_address>0x3080</load_address>
         <run_address>0x3080</run_address>
         <size>0x3f0</size>
         <input_file_ref idref="fl-1d"/>
      </object_component>
      <object_component id="oc-c3">
         <name>.text</name>
         <load_address>0x3470</load_address>
         <run_address>0x3470</run_address>
         <size>0x32c</size>
         <input_file_ref idref="fl-2d"/>
      </object_component>
      <object_component id="oc-f6">
         <name>.text</name>
         <load_address>0x379c</load_address>
         <run_address>0x379c</run_address>
         <size>0x32c</size>
         <input_file_ref idref="fl-2e"/>
      </object_component>
      <object_component id="oc-145">
         <name>.text</name>
         <load_address>0x3ac8</load_address>
         <run_address>0x3ac8</run_address>
         <size>0x266</size>
         <input_file_ref idref="fl-c"/>
      </object_component>
      <object_component id="oc-230">
         <name>.text</name>
         <load_address>0x3d2e</load_address>
         <run_address>0x3d2e</run_address>
         <size>0x1f4</size>
         <input_file_ref idref="fl-109"/>
      </object_component>
      <object_component id="oc-25f">
         <name>.text</name>
         <load_address>0x3f22</load_address>
         <run_address>0x3f22</run_address>
         <size>0x1b6</size>
         <input_file_ref idref="fl-fc"/>
      </object_component>
      <object_component id="oc-7b">
         <name>.text</name>
         <load_address>0x40d8</load_address>
         <run_address>0x40d8</run_address>
         <size>0x144</size>
         <input_file_ref idref="fl-6"/>
      </object_component>
      <object_component id="oc-81">
         <name>.text</name>
         <load_address>0x421c</load_address>
         <run_address>0x421c</run_address>
         <size>0x138</size>
         <input_file_ref idref="fl-2"/>
      </object_component>
      <object_component id="oc-245">
         <name>.text</name>
         <load_address>0x4354</load_address>
         <run_address>0x4354</run_address>
         <size>0x136</size>
         <input_file_ref idref="fl-fe"/>
      </object_component>
      <object_component id="oc-151">
         <name>.text</name>
         <load_address>0x448a</load_address>
         <run_address>0x448a</run_address>
         <size>0x134</size>
         <input_file_ref idref="fl-10"/>
      </object_component>
      <object_component id="oc-240">
         <name>.text</name>
         <load_address>0x45be</load_address>
         <run_address>0x45be</run_address>
         <size>0xfc</size>
         <input_file_ref idref="fl-ff"/>
      </object_component>
      <object_component id="oc-a8">
         <name>.text</name>
         <load_address>0x46ba</load_address>
         <run_address>0x46ba</run_address>
         <size>0x2</size>
         <input_file_ref idref="fl-106"/>
      </object_component>
      <object_component id="oc-26a">
         <name>.text</name>
         <load_address>0x46bc</load_address>
         <run_address>0x46bc</run_address>
         <size>0xfc</size>
         <input_file_ref idref="fl-105"/>
      </object_component>
      <object_component id="oc-b0">
         <name>.text</name>
         <load_address>0x47b8</load_address>
         <run_address>0x47b8</run_address>
         <size>0xe4</size>
         <input_file_ref idref="fl-20"/>
      </object_component>
      <object_component id="oc-1aa">
         <name>.text</name>
         <load_address>0x489c</load_address>
         <run_address>0x489c</run_address>
         <size>0xbc</size>
         <input_file_ref idref="fl-4"/>
      </object_component>
      <object_component id="oc-f0">
         <name>.text</name>
         <load_address>0x4958</load_address>
         <run_address>0x4958</run_address>
         <size>0xa0</size>
         <input_file_ref idref="fl-5"/>
      </object_component>
      <object_component id="oc-3b">
         <name>.text</name>
         <load_address>0x49f8</load_address>
         <run_address>0x49f8</run_address>
         <size>0x9c</size>
         <input_file_ref idref="fl-ef"/>
      </object_component>
      <object_component id="oc-23b">
         <name>.text:__aeabi_cdcmple</name>
         <load_address>0x4a94</load_address>
         <run_address>0x4a94</run_address>
         <size>0x86</size>
         <input_file_ref idref="fl-fd"/>
      </object_component>
      <object_component id="oc-24a">
         <name>.text:__aeabi_cdrcmple</name>
         <load_address>0x4b1a</load_address>
         <run_address>0x4b1a</run_address>
         <size>0x86</size>
         <input_file_ref idref="fl-fd"/>
      </object_component>
      <object_component id="oc-47">
         <name>.text</name>
         <load_address>0x4ba0</load_address>
         <run_address>0x4ba0</run_address>
         <size>0x7a</size>
         <input_file_ref idref="fl-f0"/>
      </object_component>
      <object_component id="oc-5f">
         <name>.text</name>
         <load_address>0x4c1c</load_address>
         <run_address>0x4c1c</run_address>
         <size>0x70</size>
         <input_file_ref idref="fl-f9"/>
      </object_component>
      <object_component id="oc-14">
         <name>.text:decompress:lzss</name>
         <load_address>0x4c8c</load_address>
         <run_address>0x4c8c</run_address>
         <size>0x68</size>
         <input_file_ref idref="fl-ea"/>
      </object_component>
      <object_component id="oc-264">
         <name>.text</name>
         <load_address>0x4cf4</load_address>
         <run_address>0x4cf4</run_address>
         <size>0x64</size>
         <input_file_ref idref="fl-104"/>
      </object_component>
      <object_component id="oc-163">
         <name>.text</name>
         <load_address>0x4d58</load_address>
         <run_address>0x4d58</run_address>
         <size>0x60</size>
         <input_file_ref idref="fl-f3"/>
      </object_component>
      <object_component id="oc-26">
         <name>.text</name>
         <load_address>0x4db8</load_address>
         <run_address>0x4db8</run_address>
         <size>0x54</size>
         <input_file_ref idref="fl-e9"/>
      </object_component>
      <object_component id="oc-6b">
         <name>.text</name>
         <load_address>0x4e0c</load_address>
         <run_address>0x4e0c</run_address>
         <size>0x54</size>
         <input_file_ref idref="fl-ed"/>
      </object_component>
      <object_component id="oc-254">
         <name>.text</name>
         <load_address>0x4e60</load_address>
         <run_address>0x4e60</run_address>
         <size>0x54</size>
         <input_file_ref idref="fl-102"/>
      </object_component>
      <object_component id="oc-276">
         <name>.text</name>
         <load_address>0x4eb4</load_address>
         <run_address>0x4eb4</run_address>
         <size>0x4c</size>
         <input_file_ref idref="fl-f8"/>
      </object_component>
      <object_component id="oc-a2">
         <name>.text</name>
         <load_address>0x4f00</load_address>
         <run_address>0x4f00</run_address>
         <size>0x4c</size>
         <input_file_ref idref="fl-fa"/>
      </object_component>
      <object_component id="oc-24f">
         <name>.text</name>
         <load_address>0x4f4c</load_address>
         <run_address>0x4f4c</run_address>
         <size>0x48</size>
         <input_file_ref idref="fl-100"/>
      </object_component>
      <object_component id="oc-188">
         <name>.text</name>
         <load_address>0x4f94</load_address>
         <run_address>0x4f94</run_address>
         <size>0x3e</size>
         <input_file_ref idref="fl-d"/>
      </object_component>
      <object_component id="oc-169">
         <name>.text</name>
         <load_address>0x4fd2</load_address>
         <run_address>0x4fd2</run_address>
         <size>0x38</size>
         <input_file_ref idref="fl-ee"/>
      </object_component>
      <object_component id="oc-25a">
         <name>.text</name>
         <load_address>0x500a</load_address>
         <run_address>0x500a</run_address>
         <size>0x2e</size>
         <input_file_ref idref="fl-101"/>
      </object_component>
      <object_component id="oc-27c">
         <name>.text</name>
         <load_address>0x5038</load_address>
         <run_address>0x5038</run_address>
         <size>0x1c</size>
         <input_file_ref idref="fl-103"/>
      </object_component>
      <object_component id="oc-65">
         <name>.text</name>
         <load_address>0x5054</load_address>
         <run_address>0x5054</run_address>
         <size>0x18</size>
         <input_file_ref idref="fl-f7"/>
      </object_component>
      <object_component id="oc-270">
         <name>.text</name>
         <load_address>0x506c</load_address>
         <run_address>0x506c</run_address>
         <size>0x16</size>
         <input_file_ref idref="fl-107"/>
      </object_component>
      <object_component id="oc-10e">
         <name>.text</name>
         <load_address>0x5084</load_address>
         <run_address>0x5084</run_address>
         <size>0x14</size>
         <input_file_ref idref="fl-f5"/>
      </object_component>
      <object_component id="oc-2bd">
         <name>.text</name>
         <load_address>0x5098</load_address>
         <run_address>0x5098</run_address>
         <size>0x14</size>
         <input_file_ref idref="fl-10b"/>
      </object_component>
      <object_component id="oc-235">
         <name>.text</name>
         <load_address>0x50ac</load_address>
         <run_address>0x50ac</run_address>
         <size>0x14</size>
         <input_file_ref idref="fl-108"/>
      </object_component>
      <object_component id="oc-1a">
         <name>.text:decompress:none</name>
         <load_address>0x50c0</load_address>
         <run_address>0x50c0</run_address>
         <size>0xe</size>
         <input_file_ref idref="fl-eb"/>
      </object_component>
      <object_component id="oc-75">
         <name>.text</name>
         <load_address>0x50ce</load_address>
         <run_address>0x50ce</run_address>
         <size>0xe</size>
         <input_file_ref idref="fl-2a"/>
      </object_component>
      <object_component id="oc-20">
         <name>.text:decompress:ZI</name>
         <load_address>0x50dc</load_address>
         <run_address>0x50dc</run_address>
         <size>0xc</size>
         <input_file_ref idref="fl-ec"/>
      </object_component>
      <object_component id="oc-59">
         <name>.text</name>
         <load_address>0x50e8</load_address>
         <run_address>0x50e8</run_address>
         <size>0x4</size>
         <input_file_ref idref="fl-f2"/>
      </object_component>
      <object_component id="oc-1e7">
         <name>.const:.string:g_pucCm48Data</name>
         <load_address>0x50ec</load_address>
         <run_address>0x50ec</run_address>
         <size>0x18df</size>
         <input_file_ref idref="fl-17"/>
      </object_component>
      <object_component id="oc-1d3">
         <name>.const:.string:g_pucCm18iData</name>
         <load_address>0x69cb</load_address>
         <run_address>0x69cb</run_address>
         <size>0x8ba</size>
         <input_file_ref idref="fl-14"/>
      </object_component>
      <object_component id="oc-1ed">
         <name>.const:.string:g_pucCm18Data</name>
         <load_address>0x7285</load_address>
         <run_address>0x7285</run_address>
         <size>0x86e</size>
         <input_file_ref idref="fl-13"/>
      </object_component>
      <object_component id="oc-2ca">
         <name>.const:.string:_ctypes_</name>
         <load_address>0x7af3</load_address>
         <run_address>0x7af3</run_address>
         <size>0x101</size>
         <input_file_ref idref="fl-fb"/>
      </object_component>
      <object_component id="oc-178">
         <name>.const:g_sFontCm18</name>
         <load_address>0x7bf4</load_address>
         <run_address>0x7bf4</run_address>
         <size>0xc8</size>
         <input_file_ref idref="fl-13"/>
      </object_component>
      <object_component id="oc-15f">
         <name>.const:g_sFontCm18i</name>
         <load_address>0x7cbc</load_address>
         <run_address>0x7cbc</run_address>
         <size>0xc8</size>
         <input_file_ref idref="fl-14"/>
      </object_component>
      <object_component id="oc-175">
         <name>.const:g_sFontCm48</name>
         <load_address>0x7d84</load_address>
         <run_address>0x7d84</run_address>
         <size>0xc8</size>
         <input_file_ref idref="fl-17"/>
      </object_component>
      <object_component id="oc-194">
         <name>.const:g_pulRegs</name>
         <load_address>0x7e4c</load_address>
         <run_address>0x7e4c</run_address>
         <size>0x50</size>
         <input_file_ref idref="fl-1d"/>
      </object_component>
      <object_component id="oc-15c">
         <name>.const:g_sCrystalfontz128x128</name>
         <load_address>0x7e9c</load_address>
         <run_address>0x7e9c</run_address>
         <size>0x2c</size>
         <input_file_ref idref="fl-3"/>
      </object_component>
      <object_component id="oc-191">
         <name>.const:g_pulPriority</name>
         <load_address>0x7ec8</load_address>
         <run_address>0x7ec8</run_address>
         <size>0x20</size>
         <input_file_ref idref="fl-1d"/>
      </object_component>
      <object_component id="oc-211">
         <name>.const:$P$T0$1</name>
         <load_address>0x7ee8</load_address>
         <run_address>0x7ee8</run_address>
         <size>0x1c</size>
         <input_file_ref idref="fl-4"/>
      </object_component>
      <object_component id="oc-21d">
         <name>.const:GPIO_PORT_TO_INT</name>
         <load_address>0x7f04</load_address>
         <run_address>0x7f04</run_address>
         <size>0x1c</size>
         <input_file_ref idref="fl-1a"/>
      </object_component>
      <object_component id="oc-1bd">
         <name>.const:$P$T0$1</name>
         <load_address>0x7f20</load_address>
         <run_address>0x7f20</run_address>
         <size>0x8</size>
         <input_file_ref idref="fl-3"/>
      </object_component>
      <object_component id="oc-19a">
         <name>.const:g_pulDisRegs</name>
         <load_address>0x7f28</load_address>
         <run_address>0x7f28</run_address>
         <size>0x8</size>
         <input_file_ref idref="fl-1d"/>
      </object_component>
      <object_component id="oc-197">
         <name>.const:g_pulEnRegs</name>
         <load_address>0x7f30</load_address>
         <run_address>0x7f30</run_address>
         <size>0x8</size>
         <input_file_ref idref="fl-1d"/>
      </object_component>
      <object_component id="oc-19d">
         <name>.const:g_pulPendRegs</name>
         <load_address>0x7f38</load_address>
         <run_address>0x7f38</run_address>
         <size>0x8</size>
         <input_file_ref idref="fl-1d"/>
      </object_component>
      <object_component id="oc-1a0">
         <name>.const:g_pulUnpendRegs</name>
         <load_address>0x7f40</load_address>
         <run_address>0x7f40</run_address>
         <size>0x8</size>
         <input_file_ref idref="fl-1d"/>
      </object_component>
      <object_component id="oc-31a">
         <name>.cinit..data.load</name>
         <load_address>0x7f48</load_address>
         <run_address>0x7f48</run_address>
         <size>0x44</size>
      </object_component>
      <object_component id="oc-317">
         <name>__TI_handler_table</name>
         <load_address>0x7f8c</load_address>
         <run_address>0x7f8c</run_address>
         <size>0xc</size>
      </object_component>
      <object_component id="oc-31b">
         <name>.cinit..bss.load</name>
         <load_address>0x7f98</load_address>
         <run_address>0x7f98</run_address>
         <size>0x8</size>
      </object_component>
      <object_component id="oc-319">
         <name>.cinit..vtable.load</name>
         <load_address>0x7fa0</load_address>
         <run_address>0x7fa0</run_address>
         <size>0x8</size>
      </object_component>
      <object_component id="oc-318">
         <name>__TI_cinit_table</name>
         <load_address>0x7fa8</load_address>
         <run_address>0x7fa8</run_address>
         <size>0x18</size>
      </object_component>
      <object_component id="oc-2f4">
         <name>.binit</name>
         <load_address>0x0</load_address>
         <run_address>0x0</run_address>
         <size>0x0</size>
      </object_component>
      <object_component id="oc-18e">
         <name>.vtable</name>
         <uninitialized>true</uninitialized>
         <run_address>0x20000000</run_address>
         <size>0xe4</size>
         <input_file_ref idref="fl-1d"/>
      </object_component>
      <object_component id="oc-21a">
         <name>.data:GPIO_PORT_TO_BASE</name>
         <load_address>0x200001d8</load_address>
         <run_address>0x200001d8</run_address>
         <size>0x30</size>
         <input_file_ref idref="fl-1a"/>
      </object_component>
      <object_component id="oc-ca">
         <name>.data</name>
         <load_address>0x20000208</load_address>
         <run_address>0x20000208</run_address>
         <size>0x10</size>
         <input_file_ref idref="fl-20"/>
      </object_component>
      <object_component id="oc-11a">
         <name>.data</name>
         <load_address>0x20000234</load_address>
         <run_address>0x20000234</run_address>
         <size>0x4</size>
         <input_file_ref idref="fl-2d"/>
      </object_component>
      <object_component id="oc-b8">
         <name>.data:$O1$$</name>
         <load_address>0x20000218</load_address>
         <run_address>0x20000218</run_address>
         <size>0xc</size>
         <input_file_ref idref="fl-ed"/>
      </object_component>
      <object_component id="oc-71">
         <name>.data</name>
         <load_address>0x20000230</load_address>
         <run_address>0x20000230</run_address>
         <size>0x4</size>
         <input_file_ref idref="fl-f4"/>
      </object_component>
      <object_component id="oc-bb">
         <name>.data:$O1$$</name>
         <load_address>0x20000224</load_address>
         <run_address>0x20000224</run_address>
         <size>0x8</size>
         <input_file_ref idref="fl-f5"/>
      </object_component>
      <object_component id="oc-2c3">
         <name>.data</name>
         <load_address>0x2000022c</load_address>
         <run_address>0x2000022c</run_address>
         <size>0x4</size>
         <input_file_ref idref="fl-10a"/>
      </object_component>
      <object_component id="oc-1bc">
         <name>.common:Lcd_Orientation</name>
         <uninitialized>true</uninitialized>
         <run_address>0x200001cf</run_address>
         <size>0x1</size>
      </object_component>
      <object_component id="oc-1b6">
         <name>.common:Lcd_ScreenWidth</name>
         <uninitialized>true</uninitialized>
         <run_address>0x200001c6</run_address>
         <size>0x2</size>
      </object_component>
      <object_component id="oc-1b7">
         <name>.common:Lcd_ScreenHeigth</name>
         <uninitialized>true</uninitialized>
         <run_address>0x200001c4</run_address>
         <size>0x2</size>
      </object_component>
      <object_component id="oc-1b8">
         <name>.common:Lcd_PenSolid</name>
         <uninitialized>true</uninitialized>
         <run_address>0x200001d0</run_address>
         <size>0x1</size>
      </object_component>
      <object_component id="oc-1b9">
         <name>.common:Lcd_FontSolid</name>
         <uninitialized>true</uninitialized>
         <run_address>0x200001ce</run_address>
         <size>0x1</size>
      </object_component>
      <object_component id="oc-1ba">
         <name>.common:Lcd_FlagRead</name>
         <uninitialized>true</uninitialized>
         <run_address>0x200001cd</run_address>
         <size>0x1</size>
      </object_component>
      <object_component id="oc-1bb">
         <name>.common:Lcd_TouchTrim</name>
         <uninitialized>true</uninitialized>
         <run_address>0x200001c8</run_address>
         <size>0x2</size>
      </object_component>
      <object_component id="oc-157">
         <name>.common:g_sContext</name>
         <uninitialized>true</uninitialized>
         <run_address>0x200000e4</run_address>
         <size>0x1c</size>
      </object_component>
      <object_component id="oc-d3">
         <name>.common:second</name>
         <uninitialized>true</uninitialized>
         <run_address>0x200001c0</run_address>
         <size>0x4</size>
      </object_component>
      <object_component id="oc-d6">
         <name>.common:minute</name>
         <uninitialized>true</uninitialized>
         <run_address>0x200001d4</run_address>
         <size>0x1</size>
      </object_component>
      <object_component id="oc-d7">
         <name>.common:hour</name>
         <uninitialized>true</uninitialized>
         <run_address>0x200001d3</run_address>
         <size>0x1</size>
      </object_component>
      <object_component id="oc-d8">
         <name>.common:day_of_week</name>
         <uninitialized>true</uninitialized>
         <run_address>0x200001d2</run_address>
         <size>0x1</size>
      </object_component>
      <object_component id="oc-d9">
         <name>.common:day</name>
         <uninitialized>true</uninitialized>
         <run_address>0x200001d1</run_address>
         <size>0x1</size>
      </object_component>
      <object_component id="oc-da">
         <name>.common:month</name>
         <uninitialized>true</uninitialized>
         <run_address>0x200001d5</run_address>
         <size>0x1</size>
      </object_component>
      <object_component id="oc-db">
         <name>.common:year</name>
         <uninitialized>true</uninitialized>
         <run_address>0x200001ca</run_address>
         <size>0x2</size>
      </object_component>
      <object_component id="oc-174">
         <name>.common:AM</name>
         <uninitialized>true</uninitialized>
         <run_address>0x200001cc</run_address>
         <size>0x1</size>
      </object_component>
      <object_component id="oc-170">
         <name>.common:seconds_string</name>
         <uninitialized>true</uninitialized>
         <run_address>0x20000150</run_address>
         <size>0x14</size>
      </object_component>
      <object_component id="oc-16f">
         <name>.common:minutes_string</name>
         <uninitialized>true</uninitialized>
         <run_address>0x20000128</run_address>
         <size>0x14</size>
      </object_component>
      <object_component id="oc-16e">
         <name>.common:hours_string</name>
         <uninitialized>true</uninitialized>
         <run_address>0x20000114</run_address>
         <size>0x14</size>
      </object_component>
      <object_component id="oc-173">
         <name>.common:years_string</name>
         <uninitialized>true</uninitialized>
         <run_address>0x200001a0</run_address>
         <size>0x14</size>
      </object_component>
      <object_component id="oc-172">
         <name>.common:days_string_number</name>
         <uninitialized>true</uninitialized>
         <run_address>0x20000100</run_address>
         <size>0x14</size>
      </object_component>
      <object_component id="oc-171">
         <name>.common:months_string</name>
         <uninitialized>true</uninitialized>
         <run_address>0x2000013c</run_address>
         <size>0x14</size>
      </object_component>
      <object_component id="oc-fc">
         <name>.common:Temperature_C</name>
         <uninitialized>true</uninitialized>
         <run_address>0x200001b4</run_address>
         <size>0x4</size>
      </object_component>
      <object_component id="oc-fd">
         <name>.common:Temperature_F</name>
         <uninitialized>true</uninitialized>
         <run_address>0x200001b8</run_address>
         <size>0x4</size>
      </object_component>
      <object_component id="oc-fe">
         <name>.common:Temperature_K</name>
         <uninitialized>true</uninitialized>
         <run_address>0x200001bc</run_address>
         <size>0x4</size>
      </object_component>
      <object_component id="oc-17b">
         <name>.common:temperature_C_string</name>
         <uninitialized>true</uninitialized>
         <run_address>0x20000164</run_address>
         <size>0x14</size>
      </object_component>
      <object_component id="oc-17c">
         <name>.common:temperature_F_string</name>
         <uninitialized>true</uninitialized>
         <run_address>0x20000178</run_address>
         <size>0x14</size>
      </object_component>
      <object_component id="oc-17d">
         <name>.common:temperature_K_string</name>
         <uninitialized>true</uninitialized>
         <run_address>0x2000018c</run_address>
         <size>0x14</size>
      </object_component>
      <object_component id="oc-2f">
         <name>.stack</name>
         <uninitialized>true</uninitialized>
         <run_address>0x2000fe00</run_address>
         <size>0x0</size>
         <input_file_ref idref="fl-e9"/>
      </object_component>
      <object_component id="oc-31c">
         <name>.stack</name>
         <uninitialized>true</uninitialized>
         <run_address>0x2000fe00</run_address>
         <size>0x0</size>
      </object_component>
      <object_component id="oc-120">
         <name>.debug_info</name>
         <load_address>0x0</load_address>
         <run_address>0x0</run_address>
         <size>0x5a9</size>
         <input_file_ref idref="fl-2"/>
      </object_component>
      <object_component id="oc-82">
         <name>.debug_info</name>
         <load_address>0x5a9</load_address>
         <run_address>0x5a9</run_address>
         <size>0x26e</size>
         <input_file_ref idref="fl-2"/>
      </object_component>
      <object_component id="oc-123">
         <name>.debug_info</name>
         <load_address>0x817</load_address>
         <run_address>0x817</run_address>
         <size>0x1055</size>
         <input_file_ref idref="fl-2"/>
      </object_component>
      <object_component id="oc-ce">
         <name>.debug_info</name>
         <load_address>0x186c</load_address>
         <run_address>0x186c</run_address>
         <size>0x37cd</size>
         <input_file_ref idref="fl-2"/>
      </object_component>
      <object_component id="oc-36">
         <name>.debug_info</name>
         <load_address>0x5039</load_address>
         <run_address>0x5039</run_address>
         <size>0x84</size>
         <input_file_ref idref="fl-2"/>
      </object_component>
      <object_component id="oc-100">
         <name>.debug_info</name>
         <load_address>0x50bd</load_address>
         <run_address>0x50bd</run_address>
         <size>0x18b</size>
         <input_file_ref idref="fl-2"/>
      </object_component>
      <object_component id="oc-186">
         <name>.debug_info</name>
         <load_address>0x5248</load_address>
         <run_address>0x5248</run_address>
         <size>0x8fa</size>
         <input_file_ref idref="fl-3"/>
      </object_component>
      <object_component id="oc-15d">
         <name>.debug_info</name>
         <load_address>0x5b42</load_address>
         <run_address>0x5b42</run_address>
         <size>0xed</size>
         <input_file_ref idref="fl-3"/>
      </object_component>
      <object_component id="oc-1be">
         <name>.debug_info</name>
         <load_address>0x5c2f</load_address>
         <run_address>0x5c2f</run_address>
         <size>0xce</size>
         <input_file_ref idref="fl-3"/>
      </object_component>
      <object_component id="oc-140">
         <name>.debug_info</name>
         <load_address>0x5cfd</load_address>
         <run_address>0x5cfd</run_address>
         <size>0x14b2</size>
         <input_file_ref idref="fl-3"/>
      </object_component>
      <object_component id="oc-1f5">
         <name>.debug_info</name>
         <load_address>0x71af</load_address>
         <run_address>0x71af</run_address>
         <size>0x37cd</size>
         <input_file_ref idref="fl-3"/>
      </object_component>
      <object_component id="oc-128">
         <name>.debug_info</name>
         <load_address>0xa97c</load_address>
         <run_address>0xa97c</run_address>
         <size>0x40a</size>
         <input_file_ref idref="fl-3"/>
      </object_component>
      <object_component id="oc-215">
         <name>.debug_info</name>
         <load_address>0xad86</load_address>
         <run_address>0xad86</run_address>
         <size>0x131</size>
         <input_file_ref idref="fl-3"/>
      </object_component>
      <object_component id="oc-2a1">
         <name>.debug_info</name>
         <load_address>0xaeb7</load_address>
         <run_address>0xaeb7</run_address>
         <size>0x815</size>
         <input_file_ref idref="fl-4"/>
      </object_component>
      <object_component id="oc-212">
         <name>.debug_info</name>
         <load_address>0xb6cc</load_address>
         <run_address>0xb6cc</run_address>
         <size>0xe1</size>
         <input_file_ref idref="fl-4"/>
      </object_component>
      <object_component id="oc-1ac">
         <name>.debug_info</name>
         <load_address>0xb7ad</load_address>
         <run_address>0xb7ad</run_address>
         <size>0x52b</size>
         <input_file_ref idref="fl-4"/>
      </object_component>
      <object_component id="oc-1a4">
         <name>.debug_info</name>
         <load_address>0xbcd8</load_address>
         <run_address>0xbcd8</run_address>
         <size>0x8b</size>
         <input_file_ref idref="fl-4"/>
      </object_component>
      <object_component id="oc-158">
         <name>.debug_info</name>
         <load_address>0xbd63</load_address>
         <run_address>0xbd63</run_address>
         <size>0x928</size>
         <input_file_ref idref="fl-5"/>
      </object_component>
      <object_component id="oc-f1">
         <name>.debug_info</name>
         <load_address>0xc68b</load_address>
         <run_address>0xc68b</run_address>
         <size>0x3d7</size>
         <input_file_ref idref="fl-5"/>
      </object_component>
      <object_component id="oc-1e1">
         <name>.debug_info</name>
         <load_address>0xca62</load_address>
         <run_address>0xca62</run_address>
         <size>0x4e</size>
         <input_file_ref idref="fl-5"/>
      </object_component>
      <object_component id="oc-7f">
         <name>.debug_info</name>
         <load_address>0xcab0</load_address>
         <run_address>0xcab0</run_address>
         <size>0x27a</size>
         <input_file_ref idref="fl-6"/>
      </object_component>
      <object_component id="oc-1c2">
         <name>.debug_info</name>
         <load_address>0xcd2a</load_address>
         <run_address>0xcd2a</run_address>
         <size>0x4c8</size>
         <input_file_ref idref="fl-c"/>
      </object_component>
      <object_component id="oc-146">
         <name>.debug_info</name>
         <load_address>0xd1f2</load_address>
         <run_address>0xd1f2</run_address>
         <size>0xd63</size>
         <input_file_ref idref="fl-c"/>
      </object_component>
      <object_component id="oc-18a">
         <name>.debug_info</name>
         <load_address>0xdf55</load_address>
         <run_address>0xdf55</run_address>
         <size>0x29b</size>
         <input_file_ref idref="fl-d"/>
      </object_component>
      <object_component id="oc-1cc">
         <name>.debug_info</name>
         <load_address>0xe1f0</load_address>
         <run_address>0xe1f0</run_address>
         <size>0x368</size>
         <input_file_ref idref="fl-10"/>
      </object_component>
      <object_component id="oc-153">
         <name>.debug_info</name>
         <load_address>0xe558</load_address>
         <run_address>0xe558</run_address>
         <size>0x858</size>
         <input_file_ref idref="fl-10"/>
      </object_component>
      <object_component id="oc-1f2">
         <name>.debug_info</name>
         <load_address>0xedb0</load_address>
         <run_address>0xedb0</run_address>
         <size>0x1df</size>
         <input_file_ref idref="fl-13"/>
      </object_component>
      <object_component id="oc-1ee">
         <name>.debug_info</name>
         <load_address>0xef8f</load_address>
         <run_address>0xef8f</run_address>
         <size>0xc7</size>
         <input_file_ref idref="fl-13"/>
      </object_component>
      <object_component id="oc-179">
         <name>.debug_info</name>
         <load_address>0xf056</load_address>
         <run_address>0xf056</run_address>
         <size>0xc4</size>
         <input_file_ref idref="fl-13"/>
      </object_component>
      <object_component id="oc-1d8">
         <name>.debug_info</name>
         <load_address>0xf11a</load_address>
         <run_address>0xf11a</run_address>
         <size>0x1e0</size>
         <input_file_ref idref="fl-14"/>
      </object_component>
      <object_component id="oc-1d4">
         <name>.debug_info</name>
         <load_address>0xf2fa</load_address>
         <run_address>0xf2fa</run_address>
         <size>0xca</size>
         <input_file_ref idref="fl-14"/>
      </object_component>
      <object_component id="oc-160">
         <name>.debug_info</name>
         <load_address>0xf3c4</load_address>
         <run_address>0xf3c4</run_address>
         <size>0xc7</size>
         <input_file_ref idref="fl-14"/>
      </object_component>
      <object_component id="oc-1ec">
         <name>.debug_info</name>
         <load_address>0xf48b</load_address>
         <run_address>0xf48b</run_address>
         <size>0x1df</size>
         <input_file_ref idref="fl-17"/>
      </object_component>
      <object_component id="oc-1e8">
         <name>.debug_info</name>
         <load_address>0xf66a</load_address>
         <run_address>0xf66a</run_address>
         <size>0xc7</size>
         <input_file_ref idref="fl-17"/>
      </object_component>
      <object_component id="oc-176">
         <name>.debug_info</name>
         <load_address>0xf731</load_address>
         <run_address>0xf731</run_address>
         <size>0xc5</size>
         <input_file_ref idref="fl-17"/>
      </object_component>
      <object_component id="oc-221">
         <name>.debug_info</name>
         <load_address>0xf7f6</load_address>
         <run_address>0xf7f6</run_address>
         <size>0x64d</size>
         <input_file_ref idref="fl-1a"/>
      </object_component>
      <object_component id="oc-21e">
         <name>.debug_info</name>
         <load_address>0xfe43</load_address>
         <run_address>0xfe43</run_address>
         <size>0xc9</size>
         <input_file_ref idref="fl-1a"/>
      </object_component>
      <object_component id="oc-21b">
         <name>.debug_info</name>
         <load_address>0xff0c</load_address>
         <run_address>0xff0c</run_address>
         <size>0xcb</size>
         <input_file_ref idref="fl-1a"/>
      </object_component>
      <object_component id="oc-1b1">
         <name>.debug_info</name>
         <load_address>0xffd7</load_address>
         <run_address>0xffd7</run_address>
         <size>0x1684</size>
         <input_file_ref idref="fl-1a"/>
      </object_component>
      <object_component id="oc-1a9">
         <name>.debug_info</name>
         <load_address>0x1165b</load_address>
         <run_address>0x1165b</run_address>
         <size>0x5db</size>
         <input_file_ref idref="fl-1d"/>
      </object_component>
      <object_component id="oc-192">
         <name>.debug_info</name>
         <load_address>0x11c36</load_address>
         <run_address>0x11c36</run_address>
         <size>0xc8</size>
         <input_file_ref idref="fl-1d"/>
      </object_component>
      <object_component id="oc-195">
         <name>.debug_info</name>
         <load_address>0x11cfe</load_address>
         <run_address>0x11cfe</run_address>
         <size>0xc0</size>
         <input_file_ref idref="fl-1d"/>
      </object_component>
      <object_component id="oc-198">
         <name>.debug_info</name>
         <load_address>0x11dbe</load_address>
         <run_address>0x11dbe</run_address>
         <size>0xc4</size>
         <input_file_ref idref="fl-1d"/>
      </object_component>
      <object_component id="oc-19b">
         <name>.debug_info</name>
         <load_address>0x11e82</load_address>
         <run_address>0x11e82</run_address>
         <size>0xc6</size>
         <input_file_ref idref="fl-1d"/>
      </object_component>
      <object_component id="oc-19e">
         <name>.debug_info</name>
         <load_address>0x11f48</load_address>
         <run_address>0x11f48</run_address>
         <size>0xc8</size>
         <input_file_ref idref="fl-1d"/>
      </object_component>
      <object_component id="oc-1a1">
         <name>.debug_info</name>
         <load_address>0x12010</load_address>
         <run_address>0x12010</run_address>
         <size>0xcc</size>
         <input_file_ref idref="fl-1d"/>
      </object_component>
      <object_component id="oc-18f">
         <name>.debug_info</name>
         <load_address>0x120dc</load_address>
         <run_address>0x120dc</run_address>
         <size>0xcd</size>
         <input_file_ref idref="fl-1d"/>
      </object_component>
      <object_component id="oc-13a">
         <name>.debug_info</name>
         <load_address>0x121a9</load_address>
         <run_address>0x121a9</run_address>
         <size>0xe28</size>
         <input_file_ref idref="fl-1d"/>
      </object_component>
      <object_component id="oc-15a">
         <name>.debug_info</name>
         <load_address>0x12fd1</load_address>
         <run_address>0x12fd1</run_address>
         <size>0xa94</size>
         <input_file_ref idref="fl-1e"/>
      </object_component>
      <object_component id="oc-227">
         <name>.debug_info</name>
         <load_address>0x13a65</load_address>
         <run_address>0x13a65</run_address>
         <size>0x4a8</size>
         <input_file_ref idref="fl-1f"/>
      </object_component>
      <object_component id="oc-1c4">
         <name>.debug_info</name>
         <load_address>0x13f0d</load_address>
         <run_address>0x13f0d</run_address>
         <size>0x70f</size>
         <input_file_ref idref="fl-1f"/>
      </object_component>
      <object_component id="oc-d4">
         <name>.debug_info</name>
         <load_address>0x1461c</load_address>
         <run_address>0x1461c</run_address>
         <size>0xb32</size>
         <input_file_ref idref="fl-20"/>
      </object_component>
      <object_component id="oc-cb">
         <name>.debug_info</name>
         <load_address>0x1514e</load_address>
         <run_address>0x1514e</run_address>
         <size>0x1ab</size>
         <input_file_ref idref="fl-20"/>
      </object_component>
      <object_component id="oc-b1">
         <name>.debug_info</name>
         <load_address>0x152f9</load_address>
         <run_address>0x152f9</run_address>
         <size>0x139</size>
         <input_file_ref idref="fl-20"/>
      </object_component>
      <object_component id="oc-29e">
         <name>.debug_info</name>
         <load_address>0x15432</load_address>
         <run_address>0x15432</run_address>
         <size>0x641</size>
         <input_file_ref idref="fl-29"/>
      </object_component>
      <object_component id="oc-20d">
         <name>.debug_info</name>
         <load_address>0x15a73</load_address>
         <run_address>0x15a73</run_address>
         <size>0x3504</size>
         <input_file_ref idref="fl-29"/>
      </object_component>
      <object_component id="oc-89">
         <name>.debug_info</name>
         <load_address>0x18f77</load_address>
         <run_address>0x18f77</run_address>
         <size>0x29f</size>
         <input_file_ref idref="fl-2a"/>
      </object_component>
      <object_component id="oc-2d">
         <name>.debug_info</name>
         <load_address>0x19216</load_address>
         <run_address>0x19216</run_address>
         <size>0xdd</size>
         <input_file_ref idref="fl-2a"/>
      </object_component>
      <object_component id="oc-78">
         <name>.debug_info</name>
         <load_address>0x192f3</load_address>
         <run_address>0x192f3</run_address>
         <size>0x1a4</size>
         <input_file_ref idref="fl-2a"/>
      </object_component>
      <object_component id="oc-1ca">
         <name>.debug_info</name>
         <load_address>0x19497</load_address>
         <run_address>0x19497</run_address>
         <size>0x427</size>
         <input_file_ref idref="fl-2b"/>
      </object_component>
      <object_component id="oc-14c">
         <name>.debug_info</name>
         <load_address>0x198be</load_address>
         <run_address>0x198be</run_address>
         <size>0x94d</size>
         <input_file_ref idref="fl-2b"/>
      </object_component>
      <object_component id="oc-11b">
         <name>.debug_info</name>
         <load_address>0x1a20b</load_address>
         <run_address>0x1a20b</run_address>
         <size>0xd6</size>
         <input_file_ref idref="fl-2d"/>
      </object_component>
      <object_component id="oc-c4">
         <name>.debug_info</name>
         <load_address>0x1a2e1</load_address>
         <run_address>0x1a2e1</run_address>
         <size>0x248</size>
         <input_file_ref idref="fl-2d"/>
      </object_component>
      <object_component id="oc-f9">
         <name>.debug_info</name>
         <load_address>0x1a529</load_address>
         <run_address>0x1a529</run_address>
         <size>0x5b8</size>
         <input_file_ref idref="fl-2e"/>
      </object_component>
      <object_component id="oc-27">
         <name>.debug_info</name>
         <load_address>0x1aae1</load_address>
         <run_address>0x1aae1</run_address>
         <size>0x160</size>
         <input_file_ref idref="fl-e9"/>
      </object_component>
      <object_component id="oc-8f">
         <name>.debug_info</name>
         <load_address>0x1ac41</load_address>
         <run_address>0x1ac41</run_address>
         <size>0x293</size>
         <input_file_ref idref="fl-ea"/>
      </object_component>
      <object_component id="oc-15">
         <name>.debug_info</name>
         <load_address>0x1aed4</load_address>
         <run_address>0x1aed4</run_address>
         <size>0x245</size>
         <input_file_ref idref="fl-ea"/>
      </object_component>
      <object_component id="oc-31">
         <name>.debug_info</name>
         <load_address>0x1b119</load_address>
         <run_address>0x1b119</run_address>
         <size>0x60</size>
         <input_file_ref idref="fl-ea"/>
      </object_component>
      <object_component id="oc-8a">
         <name>.debug_info</name>
         <load_address>0x1b179</load_address>
         <run_address>0x1b179</run_address>
         <size>0x46</size>
         <input_file_ref idref="fl-ea"/>
      </object_component>
      <object_component id="oc-46">
         <name>.debug_info</name>
         <load_address>0x1b1bf</load_address>
         <run_address>0x1b1bf</run_address>
         <size>0x2da</size>
         <input_file_ref idref="fl-eb"/>
      </object_component>
      <object_component id="oc-1c">
         <name>.debug_info</name>
         <load_address>0x1b499</load_address>
         <run_address>0x1b499</run_address>
         <size>0x1df</size>
         <input_file_ref idref="fl-eb"/>
      </object_component>
      <object_component id="oc-41">
         <name>.debug_info</name>
         <load_address>0x1b678</load_address>
         <run_address>0x1b678</run_address>
         <size>0x46</size>
         <input_file_ref idref="fl-eb"/>
      </object_component>
      <object_component id="oc-91">
         <name>.debug_info</name>
         <load_address>0x1b6be</load_address>
         <run_address>0x1b6be</run_address>
         <size>0x2c</size>
         <input_file_ref idref="fl-eb"/>
      </object_component>
      <object_component id="oc-52">
         <name>.debug_info</name>
         <load_address>0x1b6ea</load_address>
         <run_address>0x1b6ea</run_address>
         <size>0x2c9</size>
         <input_file_ref idref="fl-ec"/>
      </object_component>
      <object_component id="oc-23">
         <name>.debug_info</name>
         <load_address>0x1b9b3</load_address>
         <run_address>0x1b9b3</run_address>
         <size>0x1aa</size>
         <input_file_ref idref="fl-ec"/>
      </object_component>
      <object_component id="oc-4d">
         <name>.debug_info</name>
         <load_address>0x1bb5d</load_address>
         <run_address>0x1bb5d</run_address>
         <size>0x46</size>
         <input_file_ref idref="fl-ec"/>
      </object_component>
      <object_component id="oc-99">
         <name>.debug_info</name>
         <load_address>0x1bba3</load_address>
         <run_address>0x1bba3</run_address>
         <size>0x2c</size>
         <input_file_ref idref="fl-ec"/>
      </object_component>
      <object_component id="oc-bf">
         <name>.debug_info</name>
         <load_address>0x1bbcf</load_address>
         <run_address>0x1bbcf</run_address>
         <size>0x3ce</size>
         <input_file_ref idref="fl-ed"/>
      </object_component>
      <object_component id="oc-b9">
         <name>.debug_info</name>
         <load_address>0x1bf9d</load_address>
         <run_address>0x1bf9d</run_address>
         <size>0x185</size>
         <input_file_ref idref="fl-ed"/>
      </object_component>
      <object_component id="oc-6d">
         <name>.debug_info</name>
         <load_address>0x1c122</load_address>
         <run_address>0x1c122</run_address>
         <size>0x214</size>
         <input_file_ref idref="fl-ed"/>
      </object_component>
      <object_component id="oc-16a">
         <name>.debug_info</name>
         <load_address>0x1c336</load_address>
         <run_address>0x1c336</run_address>
         <size>0x124</size>
         <input_file_ref idref="fl-ee"/>
      </object_component>
      <object_component id="oc-3c">
         <name>.debug_info</name>
         <load_address>0x1c45a</load_address>
         <run_address>0x1c45a</run_address>
         <size>0x111</size>
         <input_file_ref idref="fl-ef"/>
      </object_component>
      <object_component id="oc-48">
         <name>.debug_info</name>
         <load_address>0x1c56b</load_address>
         <run_address>0x1c56b</run_address>
         <size>0x13f</size>
         <input_file_ref idref="fl-f0"/>
      </object_component>
      <object_component id="oc-55">
         <name>.debug_info</name>
         <load_address>0x1c6aa</load_address>
         <run_address>0x1c6aa</run_address>
         <size>0x138</size>
         <input_file_ref idref="fl-f1"/>
      </object_component>
      <object_component id="oc-5d">
         <name>.debug_info</name>
         <load_address>0x1c7e2</load_address>
         <run_address>0x1c7e2</run_address>
         <size>0x148</size>
         <input_file_ref idref="fl-f2"/>
      </object_component>
      <object_component id="oc-1e0">
         <name>.debug_info</name>
         <load_address>0x1c92a</load_address>
         <run_address>0x1c92a</run_address>
         <size>0x355</size>
         <input_file_ref idref="fl-f3"/>
      </object_component>
      <object_component id="oc-167">
         <name>.debug_info</name>
         <load_address>0x1cc7f</load_address>
         <run_address>0x1cc7f</run_address>
         <size>0x2e4</size>
         <input_file_ref idref="fl-f3"/>
      </object_component>
      <object_component id="oc-28e">
         <name>.debug_info</name>
         <load_address>0x1cf63</load_address>
         <run_address>0x1cf63</run_address>
         <size>0x2c</size>
         <input_file_ref idref="fl-f3"/>
      </object_component>
      <object_component id="oc-72">
         <name>.debug_info</name>
         <load_address>0x1cf8f</load_address>
         <run_address>0x1cf8f</run_address>
         <size>0x109</size>
         <input_file_ref idref="fl-f4"/>
      </object_component>
      <object_component id="oc-116">
         <name>.debug_info</name>
         <load_address>0x1d098</load_address>
         <run_address>0x1d098</run_address>
         <size>0x2be</size>
         <input_file_ref idref="fl-f5"/>
      </object_component>
      <object_component id="oc-bc">
         <name>.debug_info</name>
         <load_address>0x1d356</load_address>
         <run_address>0x1d356</run_address>
         <size>0x113</size>
         <input_file_ref idref="fl-f5"/>
      </object_component>
      <object_component id="oc-10f">
         <name>.debug_info</name>
         <load_address>0x1d469</load_address>
         <run_address>0x1d469</run_address>
         <size>0x21f</size>
         <input_file_ref idref="fl-f5"/>
      </object_component>
      <object_component id="oc-283">
         <name>.debug_info</name>
         <load_address>0x1d688</load_address>
         <run_address>0x1d688</run_address>
         <size>0x51f</size>
         <input_file_ref idref="fl-f6"/>
      </object_component>
      <object_component id="oc-1da">
         <name>.debug_info</name>
         <load_address>0x1dba7</load_address>
         <run_address>0x1dba7</run_address>
         <size>0x1543</size>
         <input_file_ref idref="fl-f6"/>
      </object_component>
      <object_component id="oc-284">
         <name>.debug_info</name>
         <load_address>0x1f0ea</load_address>
         <run_address>0x1f0ea</run_address>
         <size>0x86</size>
         <input_file_ref idref="fl-f6"/>
      </object_component>
      <object_component id="oc-2d3">
         <name>.debug_info</name>
         <load_address>0x1f170</load_address>
         <run_address>0x1f170</run_address>
         <size>0x46</size>
         <input_file_ref idref="fl-f6"/>
      </object_component>
      <object_component id="oc-289">
         <name>.debug_info</name>
         <load_address>0x1f1b6</load_address>
         <run_address>0x1f1b6</run_address>
         <size>0x39</size>
         <input_file_ref idref="fl-f6"/>
      </object_component>
      <object_component id="oc-b7">
         <name>.debug_info</name>
         <load_address>0x1f1ef</load_address>
         <run_address>0x1f1ef</run_address>
         <size>0x300</size>
         <input_file_ref idref="fl-f7"/>
      </object_component>
      <object_component id="oc-68">
         <name>.debug_info</name>
         <load_address>0x1f4ef</load_address>
         <run_address>0x1f4ef</run_address>
         <size>0x167</size>
         <input_file_ref idref="fl-f7"/>
      </object_component>
      <object_component id="oc-107">
         <name>.debug_info</name>
         <load_address>0x1f656</load_address>
         <run_address>0x1f656</run_address>
         <size>0x5e</size>
         <input_file_ref idref="fl-f7"/>
      </object_component>
      <object_component id="oc-2ce">
         <name>.debug_info</name>
         <load_address>0x1f6b4</load_address>
         <run_address>0x1f6b4</run_address>
         <size>0x2ae</size>
         <input_file_ref idref="fl-f8"/>
      </object_component>
      <object_component id="oc-277">
         <name>.debug_info</name>
         <load_address>0x1f962</load_address>
         <run_address>0x1f962</run_address>
         <size>0x171</size>
         <input_file_ref idref="fl-f8"/>
      </object_component>
      <object_component id="oc-af">
         <name>.debug_info</name>
         <load_address>0x1fad3</load_address>
         <run_address>0x1fad3</run_address>
         <size>0x483</size>
         <input_file_ref idref="fl-f9"/>
      </object_component>
      <object_component id="oc-61">
         <name>.debug_info</name>
         <load_address>0x1ff56</load_address>
         <run_address>0x1ff56</run_address>
         <size>0x190</size>
         <input_file_ref idref="fl-f9"/>
      </object_component>
      <object_component id="oc-e6">
         <name>.debug_info</name>
         <load_address>0x200e6</load_address>
         <run_address>0x200e6</run_address>
         <size>0x39</size>
         <input_file_ref idref="fl-f9"/>
      </object_component>
      <object_component id="oc-134">
         <name>.debug_info</name>
         <load_address>0x2011f</load_address>
         <run_address>0x2011f</run_address>
         <size>0x39</size>
         <input_file_ref idref="fl-f9"/>
      </object_component>
      <object_component id="oc-eb">
         <name>.debug_info</name>
         <load_address>0x20158</load_address>
         <run_address>0x20158</run_address>
         <size>0xcd</size>
         <input_file_ref idref="fl-f9"/>
      </object_component>
      <object_component id="oc-e2">
         <name>.debug_info</name>
         <load_address>0x20225</load_address>
         <run_address>0x20225</run_address>
         <size>0x37a</size>
         <input_file_ref idref="fl-fa"/>
      </object_component>
      <object_component id="oc-a3">
         <name>.debug_info</name>
         <load_address>0x2059f</load_address>
         <run_address>0x2059f</run_address>
         <size>0x183</size>
         <input_file_ref idref="fl-fa"/>
      </object_component>
      <object_component id="oc-12f">
         <name>.debug_info</name>
         <load_address>0x20722</load_address>
         <run_address>0x20722</run_address>
         <size>0x2c</size>
         <input_file_ref idref="fl-fa"/>
      </object_component>
      <object_component id="oc-2eb">
         <name>.debug_info</name>
         <load_address>0x2074e</load_address>
         <run_address>0x2074e</run_address>
         <size>0xee</size>
         <input_file_ref idref="fl-fb"/>
      </object_component>
      <object_component id="oc-2cb">
         <name>.debug_info</name>
         <load_address>0x2083c</load_address>
         <run_address>0x2083c</run_address>
         <size>0xfa</size>
         <input_file_ref idref="fl-fb"/>
      </object_component>
      <object_component id="oc-261">
         <name>.debug_info</name>
         <load_address>0x20936</load_address>
         <run_address>0x20936</run_address>
         <size>0x144</size>
         <input_file_ref idref="fl-fc"/>
      </object_component>
      <object_component id="oc-23e">
         <name>.debug_info</name>
         <load_address>0x20a7a</load_address>
         <run_address>0x20a7a</run_address>
         <size>0x120</size>
         <input_file_ref idref="fl-fd"/>
      </object_component>
      <object_component id="oc-24d">
         <name>.debug_info</name>
         <load_address>0x20b9a</load_address>
         <run_address>0x20b9a</run_address>
         <size>0x122</size>
         <input_file_ref idref="fl-fd"/>
      </object_component>
      <object_component id="oc-247">
         <name>.debug_info</name>
         <load_address>0x20cbc</load_address>
         <run_address>0x20cbc</run_address>
         <size>0x132</size>
         <input_file_ref idref="fl-fe"/>
      </object_component>
      <object_component id="oc-243">
         <name>.debug_info</name>
         <load_address>0x20dee</load_address>
         <run_address>0x20dee</run_address>
         <size>0x132</size>
         <input_file_ref idref="fl-ff"/>
      </object_component>
      <object_component id="oc-251">
         <name>.debug_info</name>
         <load_address>0x20f20</load_address>
         <run_address>0x20f20</run_address>
         <size>0x126</size>
         <input_file_ref idref="fl-100"/>
      </object_component>
      <object_component id="oc-25b">
         <name>.debug_info</name>
         <load_address>0x21046</load_address>
         <run_address>0x21046</run_address>
         <size>0x124</size>
         <input_file_ref idref="fl-101"/>
      </object_component>
      <object_component id="oc-2b3">
         <name>.debug_info</name>
         <load_address>0x2116a</load_address>
         <run_address>0x2116a</run_address>
         <size>0x2e6</size>
         <input_file_ref idref="fl-102"/>
      </object_component>
      <object_component id="oc-257">
         <name>.debug_info</name>
         <load_address>0x21450</load_address>
         <run_address>0x21450</run_address>
         <size>0x1c2</size>
         <input_file_ref idref="fl-102"/>
      </object_component>
      <object_component id="oc-2d0">
         <name>.debug_info</name>
         <load_address>0x21612</load_address>
         <run_address>0x21612</run_address>
         <size>0x28b</size>
         <input_file_ref idref="fl-103"/>
      </object_component>
      <object_component id="oc-27d">
         <name>.debug_info</name>
         <load_address>0x2189d</load_address>
         <run_address>0x2189d</run_address>
         <size>0x1ab</size>
         <input_file_ref idref="fl-103"/>
      </object_component>
      <object_component id="oc-2b7">
         <name>.debug_info</name>
         <load_address>0x21a48</load_address>
         <run_address>0x21a48</run_address>
         <size>0x2d9</size>
         <input_file_ref idref="fl-104"/>
      </object_component>
      <object_component id="oc-268">
         <name>.debug_info</name>
         <load_address>0x21d21</load_address>
         <run_address>0x21d21</run_address>
         <size>0x18a</size>
         <input_file_ref idref="fl-104"/>
      </object_component>
      <object_component id="oc-2b8">
         <name>.debug_info</name>
         <load_address>0x21eab</load_address>
         <run_address>0x21eab</run_address>
         <size>0x2c</size>
         <input_file_ref idref="fl-104"/>
      </object_component>
      <object_component id="oc-2c7">
         <name>.debug_info</name>
         <load_address>0x21ed7</load_address>
         <run_address>0x21ed7</run_address>
         <size>0x316</size>
         <input_file_ref idref="fl-105"/>
      </object_component>
      <object_component id="oc-26e">
         <name>.debug_info</name>
         <load_address>0x221ed</load_address>
         <run_address>0x221ed</run_address>
         <size>0x1d5</size>
         <input_file_ref idref="fl-105"/>
      </object_component>
      <object_component id="oc-a9">
         <name>.debug_info</name>
         <load_address>0x223c2</load_address>
         <run_address>0x223c2</run_address>
         <size>0x145</size>
[...]
         <name>EUSCI_B_SPI_getTransmitBufferAddressForDMA</name>
         <value>0x18cd</value>
         <object_component_ref idref="oc-20b"/>
      </symbol>
      <symbol id="sm-433">
         <name>EUSCI_A_SPI_disableInterrupt</name>
         <value>0x1a15</value>
         <object_component_ref idref="oc-20b"/>
      </symbol>
      <symbol id="sm-434">
         <name>SPI_unregisterInterrupt</name>
         <value>0x167d</value>
         <object_component_ref idref="oc-20b"/>
      </symbol>
      <symbol id="sm-435">
         <name>EUSCI_A_SPI_masterChangeClock</name>
         <value>0x1913</value>
         <object_component_ref idref="oc-20b"/>
      </symbol>
      <symbol id="sm-436">
         <name>EUSCI_A_SPI_isBusy</name>
         <value>0x1aa9</value>
         <object_component_ref idref="oc-20b"/>
      </symbol>
      <symbol id="sm-437">
         <name>SPI_enableInterrupt</name>
         <value>0x14f5</value>
         <object_component_ref idref="oc-20b"/>
      </symbol>
      <symbol id="sm-438">
         <name>SPI_disableInterrupt</name>
         <value>0x151b</value>
         <object_component_ref idref="oc-20b"/>
      </symbol>
      <symbol id="sm-44d">
         <name>Reset_Handler</name>
         <value>0x50cf</value>
         <object_component_ref idref="oc-75"/>
      </symbol>
      <symbol id="sm-44e">
         <name>Default_Handler</name>
         <value>0x50db</value>
         <object_component_ref idref="oc-75"/>
      </symbol>
      <symbol id="sm-44f">
         <name>interruptVectors</name>
         <value>0x0</value>
         <object_component_ref idref="oc-2c"/>
      </symbol>
      <symbol id="sm-495">
         <name>Graphics_drawStringCentered</name>
         <value>0x2709</value>
         <object_component_ref idref="oc-14b"/>
      </symbol>
      <symbol id="sm-496">
         <name>Graphics_getStringMaxWidth</name>
         <value>0x2761</value>
         <object_component_ref idref="oc-14b"/>
      </symbol>
      <symbol id="sm-497">
         <name>Graphics_getStringHeight</name>
         <value>0x2751</value>
         <object_component_ref idref="oc-14b"/>
      </symbol>
      <symbol id="sm-498">
         <name>Graphics_drawString</name>
         <value>0x227b</value>
         <object_component_ref idref="oc-14b"/>
      </symbol>
      <symbol id="sm-499">
         <name>Graphics_getStringBaseline</name>
         <value>0x26f9</value>
         <object_component_ref idref="oc-14b"/>
      </symbol>
      <symbol id="sm-49a">
         <name>Graphics_getStringWidth</name>
         <value>0x2181</value>
         <object_component_ref idref="oc-14b"/>
      </symbol>
      <symbol id="sm-4e1">
         <name>SystemInit</name>
         <value>0x36e5</value>
         <object_component_ref idref="oc-c3"/>
      </symbol>
      <symbol id="sm-4e2">
         <name>SystemCoreClockUpdate</name>
         <value>0x3471</value>
         <object_component_ref idref="oc-c3"/>
      </symbol>
      <symbol id="sm-4e3">
         <name>SystemCoreClock</name>
         <value>0x20000234</value>
         <object_component_ref idref="oc-11a"/>
      </symbol>
      <symbol id="sm-52a">
         <name>basic_Temperature</name>
         <value>0x3947</value>
         <object_component_ref idref="oc-f6"/>
      </symbol>
      <symbol id="sm-52b">
         <name>basic_watch</name>
         <value>0x379d</value>
         <object_component_ref idref="oc-f6"/>
      </symbol>
      <symbol id="sm-52c">
         <name>large_TIME</name>
         <value>0x38e9</value>
         <object_component_ref idref="oc-f6"/>
      </symbol>
      <symbol id="sm-53e">
         <name>_c_int00</name>
         <value>0x4db9</value>
         <object_component_ref idref="oc-26"/>
      </symbol>
      <symbol id="sm-53f">
         <name>__stack</name>
         <value>0x2000fe00</value>
         <object_component_ref idref="oc-2f"/>
      </symbol>
      <symbol id="sm-55d">
         <name>__TI_decompress_lzss</name>
         <value>0x4c8d</value>
         <object_component_ref idref="oc-14"/>
      </symbol>
      <symbol id="sm-574">
         <name>__TI_decompress_none</name>
         <value>0x50c1</value>
         <object_component_ref idref="oc-1a"/>
      </symbol>
      <symbol id="sm-58b">
         <name>__TI_zero_init</name>
         <value>0x50dd</value>
         <object_component_ref idref="oc-20"/>
      </symbol>
      <symbol id="sm-5ac">
         <name>C$$EXIT</name>
         <value>0x4e0d</value>
         <object_component_ref idref="oc-6b"/>
      </symbol>
      <symbol id="sm-5ad">
         <name>abort</name>
         <value>0x4e11</value>
         <object_component_ref idref="oc-6b"/>
      </symbol>
      <symbol id="sm-5ae">
         <name>exit</name>
         <value>0x4e19</value>
         <object_component_ref idref="oc-6b"/>
      </symbol>
      <symbol id="sm-5af">
         <name>__TI_dtors_ptr</name>
         <value>0x2000021c</value>
         <object_component_ref idref="oc-b8"/>
      </symbol>
      <symbol id="sm-5b0">
         <name>__TI_cleanup_ptr</name>
         <value>0x20000218</value>
         <object_component_ref idref="oc-b8"/>
      </symbol>
      <symbol id="sm-5b1">
         <name>__TI_enable_exit_profile_output</name>
         <value>0x20000220</value>
         <object_component_ref idref="oc-b8"/>
      </symbol>
      <symbol id="sm-5bc">
         <name>__aeabi_f2d</name>
         <value>0x4fd3</value>
         <object_component_ref idref="oc-169"/>
      </symbol>
      <symbol id="sm-5d7">
         <name>memcpy</name>
         <value>0x49f9</value>
         <object_component_ref idref="oc-3b"/>
      </symbol>
      <symbol id="sm-5d8">
         <name>__aeabi_memcpy</name>
         <value>0x49f9</value>
         <object_component_ref idref="oc-3b"/>
      </symbol>
      <symbol id="sm-5d9">
         <name>__aeabi_memcpy8</name>
         <value>0x49f9</value>
         <object_component_ref idref="oc-3b"/>
      </symbol>
      <symbol id="sm-5da">
         <name>__aeabi_memcpy4</name>
         <value>0x49f9</value>
         <object_component_ref idref="oc-3b"/>
      </symbol>
      <symbol id="sm-5e9">
         <name>__aeabi_memset</name>
         <value>0x4ba3</value>
         <object_component_ref idref="oc-47"/>
      </symbol>
      <symbol id="sm-5ea">
         <name>memset</name>
         <value>0x4ba9</value>
         <object_component_ref idref="oc-47"/>
      </symbol>
      <symbol id="sm-5eb">
         <name>__aeabi_memset8</name>
         <value>0x4ba3</value>
         <object_component_ref idref="oc-47"/>
      </symbol>
      <symbol id="sm-5ec">
         <name>__aeabi_memset4</name>
         <value>0x4ba3</value>
         <object_component_ref idref="oc-47"/>
      </symbol>
      <symbol id="sm-5ed">
         <name>__aeabi_memclr8</name>
         <value>0x4ba1</value>
         <object_component_ref idref="oc-47"/>
      </symbol>
      <symbol id="sm-5ee">
         <name>__aeabi_memclr4</name>
         <value>0x4ba1</value>
         <object_component_ref idref="oc-47"/>
      </symbol>
      <symbol id="sm-5ef">
         <name>__aeabi_memclr</name>
         <value>0x4ba1</value>
         <object_component_ref idref="oc-47"/>
      </symbol>
      <symbol id="sm-5f9">
         <name>__mpu_init</name>
         <value>0x1223</value>
         <object_component_ref idref="oc-53"/>
      </symbol>
      <symbol id="sm-603">
         <name>_system_pre_init</name>
         <value>0x50e9</value>
         <object_component_ref idref="oc-59"/>
      </symbol>
      <symbol id="sm-61c">
         <name>sprintf</name>
         <value>0x4d59</value>
         <object_component_ref idref="oc-163"/>
      </symbol>
      <symbol id="sm-624">
         <name>main_func_sp</name>
         <value>0x20000230</value>
         <object_component_ref idref="oc-71"/>
      </symbol>
      <symbol id="sm-63d">
         <name>_nop</name>
         <value>0x5093</value>
         <object_component_ref idref="oc-10e"/>
      </symbol>
      <symbol id="sm-63e">
         <name>_lock</name>
         <value>0x20000224</value>
         <object_component_ref idref="oc-bb"/>
      </symbol>
      <symbol id="sm-63f">
         <name>_unlock</name>
         <value>0x20000228</value>
         <object_component_ref idref="oc-bb"/>
      </symbol>
      <symbol id="sm-640">
         <name>_register_lock</name>
         <value>0x508b</value>
         <object_component_ref idref="oc-10e"/>
      </symbol>
      <symbol id="sm-641">
         <name>_register_unlock</name>
         <value>0x5085</value>
         <object_component_ref idref="oc-10e"/>
      </symbol>
      <symbol id="sm-742">
         <name>__TI_printfi</name>
         <value>0x929</value>
         <object_component_ref idref="oc-1d9"/>
      </symbol>
      <symbol id="sm-756">
         <name>_args_main</name>
         <value>0x5055</value>
         <object_component_ref idref="oc-65"/>
      </symbol>
      <symbol id="sm-76c">
         <name>atoi</name>
         <value>0x4eb5</value>
         <object_component_ref idref="oc-276"/>
      </symbol>
      <symbol id="sm-796">
         <name>__TI_auto_init</name>
         <value>0x4c1d</value>
         <object_component_ref idref="oc-5f"/>
      </symbol>
      <symbol id="sm-7b0">
         <name>copy_in</name>
         <value>0x4f01</value>
         <object_component_ref idref="oc-a2"/>
      </symbol>
      <symbol id="sm-7bb">
         <name>_ctypes_</name>
         <value>0x7af3</value>
         <object_component_ref idref="oc-2ca"/>
      </symbol>
      <symbol id="sm-7d2">
         <name>__aeabi_dsub</name>
         <value>0x3f23</value>
         <object_component_ref idref="oc-25f"/>
      </symbol>
      <symbol id="sm-7d3">
         <name>__aeabi_dadd</name>
         <value>0x3f2d</value>
         <object_component_ref idref="oc-25f"/>
      </symbol>
      <symbol id="sm-7f5">
         <name>__aeabi_cdcmpeq</name>
         <value>0x4a95</value>
         <object_component_ref idref="oc-23b"/>
      </symbol>
      <symbol id="sm-7f6">
         <name>__aeabi_cdcmple</name>
         <value>0x4a95</value>
         <object_component_ref idref="oc-23b"/>
      </symbol>
      <symbol id="sm-7f7">
         <name>__aeabi_cdrcmple</name>
         <value>0x4b1b</value>
         <object_component_ref idref="oc-24a"/>
      </symbol>
      <symbol id="sm-80b">
         <name>__aeabi_ddiv</name>
         <value>0x4355</value>
         <object_component_ref idref="oc-245"/>
      </symbol>
      <symbol id="sm-816">
         <name>__aeabi_dmul</name>
         <value>0x45bf</value>
         <object_component_ref idref="oc-240"/>
      </symbol>
      <symbol id="sm-820">
         <name>__aeabi_d2iz</name>
         <value>0x4f4d</value>
         <object_component_ref idref="oc-24f"/>
      </symbol>
      <symbol id="sm-82a">
         <name>__aeabi_i2d</name>
         <value>0x500b</value>
         <object_component_ref idref="oc-25a"/>
      </symbol>
      <symbol id="sm-839">
         <name>ltoa</name>
         <value>0x4e61</value>
         <object_component_ref idref="oc-254"/>
      </symbol>
      <symbol id="sm-849">
         <name>memccpy</name>
         <value>0x5039</value>
         <object_component_ref idref="oc-27c"/>
      </symbol>
      <symbol id="sm-864">
         <name>frexpl</name>
         <value>0x4cf5</value>
         <object_component_ref idref="oc-264"/>
      </symbol>
      <symbol id="sm-865">
         <name>frexp</name>
         <value>0x4cf5</value>
         <object_component_ref idref="oc-264"/>
      </symbol>
      <symbol id="sm-882">
         <name>scalbn</name>
         <value>0x46bd</value>
         <object_component_ref idref="oc-26a"/>
      </symbol>
      <symbol id="sm-883">
         <name>scalbnl</name>
         <value>0x46bd</value>
         <object_component_ref idref="oc-26a"/>
      </symbol>
      <symbol id="sm-884">
         <name>ldexpl</name>
         <value>0x46bd</value>
         <object_component_ref idref="oc-26a"/>
      </symbol>
      <symbol id="sm-885">
         <name>ldexp</name>
         <value>0x46bd</value>
         <object_component_ref idref="oc-26a"/>
      </symbol>
      <symbol id="sm-88f">
         <name>_system_post_cinit</name>
         <value>0x46bb</value>
         <object_component_ref idref="oc-a8"/>
      </symbol>
      <symbol id="sm-89f">
         <name>strchr</name>
         <value>0x506d</value>
         <object_component_ref idref="oc-270"/>
      </symbol>
      <symbol id="sm-8ad">
         <name>strlen</name>
         <value>0x50ad</value>
         <object_component_ref idref="oc-235"/>
      </symbol>
      <symbol id="sm-8c9">
         <name>__aeabi_uldivmod</name>
         <value>0x3d2f</value>
         <object_component_ref idref="oc-230"/>
      </symbol>
      <symbol id="sm-8d1">
         <name>errno</name>
         <value>0x2000022c</value>
         <object_component_ref idref="oc-2c3"/>
      </symbol>
      <symbol id="sm-8db">
         <name>copysign</name>
         <value>0x5099</value>
         <object_component_ref idref="oc-2bd"/>
      </symbol>
      <symbol id="sm-8dc">
         <name>copysignl</name>
         <value>0x5099</value>
         <object_component_ref idref="oc-2bd"/>
      </symbol>
      <symbol id="sm-8dd">
         <name>__TI_static_base__</name>
         <value>0x0</value>
      </symbol>
      <symbol id="sm-8e0">
         <name>SHT$$INIT_ARRAY$$Limit</name>
         <value>0x0</value>
      </symbol>
      <symbol id="sm-8e1">
         <name>SHT$$INIT_ARRAY$$Base</name>
         <value>0x0</value>
      </symbol>
      <symbol id="sm-8e2">
         <name>NMI_Handler</name>
         <value>0x50db</value>
      </symbol>
      <symbol id="sm-8e3">
         <name>HardFault_Handler</name>
         <value>0x50db</value>
      </symbol>
      <symbol id="sm-8e4">
         <name>MemManage_Handler</name>
         <value>0x50db</value>
      </symbol>
      <symbol id="sm-8e5">
         <name>BusFault_Handler</name>
         <value>0x50db</value>
      </symbol>
      <symbol id="sm-8e6">
         <name>UsageFault_Handler</name>
         <value>0x50db</value>
      </symbol>
      <symbol id="sm-8e7">
         <name>SVC_Handler</name>
         <value>0x50db</value>
      </symbol>
      <symbol id="sm-8e8">
         <name>DebugMon_Handler</name>
         <value>0x50db</value>
      </symbol>
      <symbol id="sm-8e9">
         <name>PendSV_Handler</name>
         <value>0x50db</value>
      </symbol>
      <symbol id="sm-8ea">
         <name>SysTick_Handler</name>
         <value>0x50db</value>
      </symbol>
      <symbol id="sm-8eb">
         <name>PSS_IRQHandler</name>
         <value>0x50db</value>
      </symbol>
      <symbol id="sm-8ec">
         <name>CS_IRQHandler</name>
         <value>0x50db</value>
      </symbol>
      <symbol id="sm-8ed">
         <name>PCM_IRQHandler</name>
         <value>0x50db</value>
      </symbol>
      <symbol id="sm-8ee">
         <name>WDT_A_IRQHandler</name>
         <value>0x50db</value>
      </symbol>
      <symbol id="sm-8ef">
         <name>FPU_IRQHandler</name>
         <value>0x50db</value>
      </symbol>
      <symbol id="sm-8f0">
         <name>FLCTL_IRQHandler</name>
         <value>0x50db</value>
      </symbol>
      <symbol id="sm-8f1">
         <name>COMP_E0_IRQHandler</name>
         <value>0x50db</value>
      </symbol>
      <symbol id="sm-8f2">
         <name>COMP_E1_IRQHandler</name>
         <value>0x50db</value>
      </symbol>
      <symbol id="sm-8f3">
         <name>TA0_0_IRQHandler</name>
         <value>0x50db</value>
      </symbol>
      <symbol id="sm-8f4">
         <name>TA0_N_IRQHandler</name>
         <value>0x50db</value>
      </symbol>
      <symbol id="sm-8f5">
         <name>TA1_0_IRQHandler</name>
         <value>0x50db</value>
      </symbol>
      <symbol id="sm-8f6">
         <name>TA1_N_IRQHandler</name>
         <value>0x50db</value>
      </symbol>
      <symbol id="sm-8f7">
         <name>TA2_0_IRQHandler</name>
         <value>0x50db</value>
      </symbol>
      <symbol id="sm-8f8">
         <name>TA2_N_IRQHandler</name>
         <value>0x50db</value>
      </symbol>
      <symbol id="sm-8f9">
         <name>TA3_0_IRQHandler</name>
         <value>0x50db</value>
      </symbol>
      <symbol id="sm-8fa">
         <name>TA3_N_IRQHandler</name>
         <value>0x50db</value>
      </symbol>
      <symbol id="sm-8fb">
         <name>EUSCIA0_IRQHandler</name>
         <value>0x50db</value>
      </symbol>
      <symbol id="sm-8fc">
         <name>EUSCIA1_IRQHandler</name>
         <value>0x50db</value>
      </symbol>
      <symbol id="sm-8fd">
         <name>EUSCIA2_IRQHandler</name>
         <value>0x50db</value>
      </symbol>
      <symbol id="sm-8fe">
         <name>EUSCIA3_IRQHandler</name>
         <value>0x50db</value>
      </symbol>
      <symbol id="sm-8ff">
         <name>EUSCIB0_IRQHandler</name>
         <value>0x50db</value>
      </symbol>
      <symbol id="sm-900">
         <name>EUSCIB1_IRQHandler</name>
         <value>0x50db</value>
      </symbol>
      <symbol id="sm-901">
         <name>EUSCIB2_IRQHandler</name>
         <value>0x50db</value>
      </symbol>
      <symbol id="sm-902">
         <name>EUSCIB3_IRQHandler</name>
         <value>0x50db</value>
      </symbol>
      <symbol id="sm-903">
         <name>ADC14_IRQHandler</name>
         <value>0x41a1</value>
      </symbol>
      <symbol id="sm-904">
         <name>T32_INT1_IRQHandler</name>
         <value>0x50db</value>
      </symbol>
      <symbol id="sm-905">
         <name>T32_INT2_IRQHandler</name>
         <value>0x50db</value>
      </symbol>
      <symbol id="sm-906">
         <name>T32_INTC_IRQHandler</name>
         <value>0x50db</value>
      </symbol>
      <symbol id="sm-907">
         <name>AES256_IRQHandler</name>
         <value>0x50db</value>
      </symbol>
      <symbol id="sm-908">
         <name>RTC_C_IRQHandler</name>
         <value>0x4295</value>
      </symbol>
      <symbol id="sm-909">
         <name>DMA_ERR_IRQHandler</name>
         <value>0x50db</value>
      </symbol>
      <symbol id="sm-90a">
         <name>DMA_INT3_IRQHandler</name>
         <value>0x50db</value>
      </symbol>
      <symbol id="sm-90b">
         <name>DMA_INT2_IRQHandler</name>
         <value>0x50db</value>
      </symbol>
      <symbol id="sm-90c">
         <name>DMA_INT1_IRQHandler</name>
         <value>0x50db</value>
      </symbol>
      <symbol id="sm-90d">
         <name>DMA_INT0_IRQHandler</name>
         <value>0x50db</value>
      </symbol>
      <symbol id="sm-90e">
         <name>PORT1_IRQHandler</name>
         <value>0x50db</value>
      </symbol>
      <symbol id="sm-90f">
         <name>PORT2_IRQHandler</name>
         <value>0x50db</value>
      </symbol>
      <symbol id="sm-910">
         <name>PORT3_IRQHandler</name>
         <value>0x50db</value>
      </symbol>
      <symbol id="sm-911">
         <name>PORT4_IRQHandler</name>
         <value>0x50db</value>
      </symbol>
      <symbol id="sm-912">
         <name>PORT5_IRQHandler</name>
         <value>0x50db</value>
      </symbol>
      <symbol id="sm-913">
         <name>PORT6_IRQHandler</name>
         <value>0x50db</value>
      </symbol>
   </symbol_table>
   <title>Link successful</title>
</link_info>
