******************************************************************************
                  TI ARM Linker PC v16.9.4                     
******************************************************************************
>> Linked Sat Dec 09 02:18:32 2017

OUTPUT FILE NAME:   <basic_display_v2.out>
ENTRY POINT SYMBOL: "_c_int00"  address: 00004959


MEMORY CONFIGURATION

         name            origin    length      used     unused   attr    fill
----------------------  --------  ---------  --------  --------  ----  --------
  MAIN                  00000000   00040000  0000528c  0003ad74  R  X
  INFO                  00200000   00004000  00000000  00004000  R  X
  SRAM_CODE             01000000   00010000  00000381  0000fc7f  RW X
  SRAM_DATA             20000000   00010000  00000381  0000fc7f  RW  


SEGMENT ALLOCATION MAP

run origin  load origin   length   init length attrs members
----------  ----------- ---------- ----------- ----- -------
00000000    00000000    00005290   00005290    r-x
  00000000    00000000    000000e4   000000e4    r-- .intvecs
  000000e4    000000e4    00004b70   00004b70    r-x .text
  00004c54    00004c54    000005c0   000005c0    r-- .const
  00005218    00005218    00000078   00000078    r-- .cinit
20000000    20000000    00000181   00000000    rw-
  20000000    20000000    000000e4   00000000    rw- .vtable
  200000e4    200000e4    00000058   00000000    rw- .data
  2000013c    2000013c    00000045   00000000    rw- .bss
2000fe00    2000fe00    00000200   00000000    rw-
  2000fe00    2000fe00    00000200   00000000    rw- .stack


SECTION ALLOCATION MAP

 output                                  attributes/
section   page    origin      length       input sections
--------  ----  ----------  ----------   ----------------
.intvecs   0    00000000    000000e4     
                  00000000    000000e4     startup_msp432p401r_ccs.obj (.intvecs:retain)

.binit     0    00000000    00000000     

.text      0    000000e4    00004b70     
                  000000e4    0000113e     rtsv7M4_T_le_v4SPD16_eabi.lib : _printfi.obj (.text)
                  00001222    00000002                                   : mpu_init.obj (.text)
                  00001224    000008a4     spi.obj (.text)
                  00001ac8    00000678     Crystalfontz128x128_ST7735.obj (.text)
                  00002140    00000630     string.obj (.text)
                  00002770    00000490     line.obj (.text)
                  00002c00    00000480     gpio.obj (.text)
                  00003080    000003f0     interrupt.obj (.text)
                  00003470    0000032c     system_msp432p401r.obj (.text)
                  0000379c    00000266     context.obj (.text)
                  00003a02    000001f4     rtsv7M4_T_le_v4SPD16_eabi.lib : ull_div_t2.obj (.text)
                  00003bf6    000001b6                                   : fd_add_t2.obj (.text)
                  00003dac    00000136                                   : fd_div_t2.obj (.text)
                  00003ee2    00000134     display.obj (.text)
                  00004016    00000002     rtsv7M4_T_le_v4SPD16_eabi.lib : startup.obj (.text)
                  00004018    00000118     ConfigureRTC.obj (.text)
                  00004130    00000114     main.obj (.text)
                  00004244    000000fc     rtsv7M4_T_le_v4SPD16_eabi.lib : fd_mul_t2.obj (.text)
                  00004340    000000fc                                   : s_scalbn.obj (.text)
                  0000443c    000000bc     HAL_MSP_EXP432P401R_Crystalfontz128x128_ST7735.obj (.text)
                  000044f8    000000a0     Lcd.obj (.text)
                  00004598    0000009c     rtsv7M4_T_le_v4SPD16_eabi.lib : memcpy_t2.obj (.text)
                  00004634    00000086                                   : fd_cmp_t2.obj (.text:__aeabi_cdcmple)
                  000046ba    00000086                                   : fd_cmp_t2.obj (.text:__aeabi_cdrcmple)
                  00004740    0000007a                                   : memset_t2.obj (.text)
                  000047ba    00000002     --HOLE-- [fill = 0]
                  000047bc    00000070                                   : autoinit.obj (.text)
                  0000482c    00000068                                   : copy_decompress_lzss.obj (.text:decompress:lzss)
                  00004894    00000064                                   : s_frexp.obj (.text)
                  000048f8    00000060                                   : sprintf.obj (.text)
                  00004958    00000054                                   : boot.obj (.text)
                  000049ac    00000054                                   : exit.obj (.text)
                  00004a00    00000054                                   : ltoa.obj (.text)
                  00004a54    0000004c                                   : atoi.obj (.text)
                  00004aa0    0000004c                                   : cpy_tbl.obj (.text)
                  00004aec    00000048                                   : fd_toi_t2.obj (.text)
                  00004b34    0000003e     cpu.obj (.text)
                  00004b72    0000002e     rtsv7M4_T_le_v4SPD16_eabi.lib : i_tofd_t2.obj (.text)
                  00004ba0    0000001c                                   : memccpy.obj (.text)
                  00004bbc    00000018                                   : args_main.obj (.text)
                  00004bd4    00000016                                   : strchr.obj (.text)
                  00004bea    00000002     --HOLE-- [fill = 0]
                  00004bec    00000014                                   : _lock.obj (.text)
                  00004c00    00000014                                   : s_copysign.obj (.text)
                  00004c14    00000014                                   : strlen.obj (.text)
                  00004c28    0000000e                                   : copy_decompress_none.obj (.text:decompress:none)
                  00004c36    0000000e     startup_msp432p401r_ccs.obj (.text)
                  00004c44    0000000c     rtsv7M4_T_le_v4SPD16_eabi.lib : copy_zero_init.obj (.text:decompress:ZI)
                  00004c50    00000004                                   : pre_init.obj (.text)

.const     0    00004c54    000005c0     
                  00004c54    000002f8     fontfixed6x8.obj (.const:.string:g_pucFontFixed6x8Data)
                  00004f4c    00000101     rtsv7M4_T_le_v4SPD16_eabi.lib : ctype.obj (.const:.string:_ctypes_)
                  0000504d    00000003     --HOLE-- [fill = 0]
                  00005050    000000c8     fontfixed6x8.obj (.const:g_sFontFixed6x8)
                  00005118    00000050     interrupt.obj (.const:g_pulRegs)
                  00005168    0000002c     Crystalfontz128x128_ST7735.obj (.const:g_sCrystalfontz128x128)
                  00005194    00000020     interrupt.obj (.const:g_pulPriority)
                  000051b4    0000001c     HAL_MSP_EXP432P401R_Crystalfontz128x128_ST7735.obj (.const:$P$T0$1)
                  000051d0    0000001c     gpio.obj (.const:GPIO_PORT_TO_INT)
                  000051ec    00000008     Crystalfontz128x128_ST7735.obj (.const:$P$T0$1)
                  000051f4    00000008     interrupt.obj (.const:g_pulDisRegs)
                  000051fc    00000008     interrupt.obj (.const:g_pulEnRegs)
                  00005204    00000008     interrupt.obj (.const:g_pulPendRegs)
                  0000520c    00000008     interrupt.obj (.const:g_pulUnpendRegs)

.cinit     0    00005218    00000078     
                  00005218    00000044     (.cinit..data.load) [load image, compression = lzss]
                  0000525c    0000000c     (__TI_handler_table)
                  00005268    00000008     (.cinit..bss.load) [load image, compression = zero_init]
                  00005270    00000008     (.cinit..vtable.load) [load image, compression = zero_init]
                  00005278    00000018     (__TI_cinit_table)

.init_array 
*          0    00000000    00000000     UNINITIALIZED

.vtable    0    20000000    000000e4     UNINITIALIZED
                  20000000    000000e4     interrupt.obj (.vtable)

.data      0    200000e4    00000058     UNINITIALIZED
                  200000e4    00000030     gpio.obj (.data:GPIO_PORT_TO_BASE)
                  20000114    0000000c     rtsv7M4_T_le_v4SPD16_eabi.lib : exit.obj (.data:$O1$$)
                  20000120    00000008                                   : _lock.obj (.data:$O1$$)
                  20000128    00000008     main.obj (.data)
                  20000130    00000004     rtsv7M4_T_le_v4SPD16_eabi.lib : errno.obj (.data)
                  20000134    00000004                                   : stkdepth_vars.obj (.data)
                  20000138    00000004     system_msp432p401r.obj (.data)

.bss       0    2000013c    00000045     UNINITIALIZED
                  2000013c    0000001c     (.common:g_sContext)
                  20000158    00000014     (.common:test_string)
                  2000016c    00000004     (.common:second)
                  20000170    00000002     (.common:Lcd_ScreenHeigth)
                  20000172    00000002     (.common:Lcd_ScreenWidth)
                  20000174    00000002     (.common:Lcd_TouchTrim)
                  20000176    00000002     (.common:year)
                  20000178    00000001     (.common:Lcd_FlagRead)
                  20000179    00000001     (.common:Lcd_FontSolid)
                  2000017a    00000001     (.common:Lcd_Orientation)
                  2000017b    00000001     (.common:Lcd_PenSolid)
                  2000017c    00000001     (.common:day)
                  2000017d    00000001     (.common:day_of_week)
                  2000017e    00000001     (.common:hour)
                  2000017f    00000001     (.common:minute)
                  20000180    00000001     (.common:month)

.stack     0    2000fe00    00000200     UNINITIALIZED
                  2000fe00    00000200     --HOLE--

MODULE SUMMARY

       Module                                               code    ro data   rw data
       ------                                               ----    -------   -------
    .\
       spi.obj                                              2212    0         0      
       Crystalfontz128x128_ST7735.obj                       1656    52        20     
       interrupt.obj                                        1008    144       456    
       string.obj                                           1584    0         0      
       gpio.obj                                             1152    28        96     
       line.obj                                             1168    0         0      
       fontfixed6x8.obj                                     0       960       0      
       system_msp432p401r.obj                               812     0         8      
       context.obj                                          614     0         0      
       main.obj                                             276     0         78     
       display.obj                                          308     0         0      
       ConfigureRTC.obj                                     280     0         0      
       startup_msp432p401r_ccs.obj                          14      228       0      
       HAL_MSP_EXP432P401R_Crystalfontz128x128_ST7735.obj   188     28        0      
       Lcd.obj                                              160     0         56     
       cpu.obj                                              62      0         0      
    +--+----------------------------------------------------+-------+---------+---------+
       Total:                                               11494   1440      714    
                                                                                     
    C:\Users\kwat1\Documents\ccsv7\tools\compiler\ti-cgt-arm_16.9.4.LTS\lib\rtsv7M4_T_le_v4SPD16_eabi.lib
       _printfi.obj                                         4414    0         0      
       ull_div_t2.obj                                       500     0         0      
       fd_add_t2.obj                                        438     0         0      
       fd_div_t2.obj                                        310     0         0      
       fd_cmp_t2.obj                                        268     0         0      
       ctype.obj                                            0       257       0      
       fd_mul_t2.obj                                        252     0         0      
       s_scalbn.obj                                         252     0         0      
       memcpy_t2.obj                                        156     0         0      
       memset_t2.obj                                        122     0         0      
       autoinit.obj                                         112     0         0      
       exit.obj                                             84      0         24     
       copy_decompress_lzss.obj                             104     0         0      
       s_frexp.obj                                          100     0         0      
       sprintf.obj                                          96      0         0      
       boot.obj                                             84      0         0      
       ltoa.obj                                             84      0         0      
       atoi.obj                                             76      0         0      
       cpy_tbl.obj                                          76      0         0      
       fd_toi_t2.obj                                        72      0         0      
       i_tofd_t2.obj                                        46      0         0      
       _lock.obj                                            20      0         16     
       memccpy.obj                                          28      0         0      
       args_main.obj                                        24      0         0      
       strchr.obj                                           22      0         0      
       s_copysign.obj                                       20      0         0      
       strlen.obj                                           20      0         0      
       copy_decompress_none.obj                             14      0         0      
       copy_zero_init.obj                                   12      0         0      
       errno.obj                                            0       0         8      
       stkdepth_vars.obj                                    0       0         8      
       pre_init.obj                                         4       0         0      
       mpu_init.obj                                         2       0         0      
       startup.obj                                          2       0         0      
    +--+----------------------------------------------------+-------+---------+---------+
       Total:                                               7814    257       56     
                                                                                     
       Stack:                                               0       0         1024   
       Linker Generated:                                    0       120       0      
    +--+----------------------------------------------------+-------+---------+---------+
       Grand Total:                                         19308   1817      1794   


LINKER GENERATED COPY TABLES

__TI_cinit_table @ 00005278 records: 3, size/record: 8, table size: 24
	.data: load addr=00005218, load size=00000044 bytes, run addr=200000e4, run size=00000058 bytes, compression=lzss
	.bss: load addr=00005268, load size=00000008 bytes, run addr=2000013c, run size=00000045 bytes, compression=zero_init
	.vtable: load addr=00005270, load size=00000008 bytes, run addr=20000000, run size=000000e4 bytes, compression=zero_init


LINKER GENERATED HANDLER TABLE

__TI_handler_table @ 0000525c records: 3, size/record: 4, table size: 12
	index: 0, handler: __TI_zero_init
	index: 1, handler: __TI_decompress_lzss
	index: 2, handler: __TI_decompress_none


GLOBAL SYMBOLS: SORTED ALPHABETICALLY BY Name 

address   name                                       
-------   ----                                       
00004c43  ADC14_IRQHandler                           
00004c43  AES256_IRQHandler                          
00004c43  BusFault_Handler                           
000049ad  C$$EXIT                                    
00004c43  COMP_E0_IRQHandler                         
00004c43  COMP_E1_IRQHandler                         
00004b69  CPU_basepriGet                             
00004b5b  CPU_basepriSet                             
00004b35  CPU_cpsid                                  
00004b4b  CPU_cpsie                                  
00004b41  CPU_primask                                
00004b57  CPU_wfi                                    
00004c43  CS_IRQHandler                              
00001ac9  Crystalfontz128x128_Init                   
00001bdd  Crystalfontz128x128_SetDrawFrame           
00001d0b  Crystalfontz128x128_SetOrientation         
00004c43  DMA_ERR_IRQHandler                         
00004c43  DMA_INT0_IRQHandler                        
00004c43  DMA_INT1_IRQHandler                        
00004c43  DMA_INT2_IRQHandler                        
00004c43  DMA_INT3_IRQHandler                        
00004c43  DebugMon_Handler                           
00004c43  Default_Handler                            
00004c43  EUSCIA0_IRQHandler                         
00004c43  EUSCIA1_IRQHandler                         
00004c43  EUSCIA2_IRQHandler                         
00004c43  EUSCIA3_IRQHandler                         
00004c43  EUSCIB0_IRQHandler                         
00004c43  EUSCIB1_IRQHandler                         
00004c43  EUSCIB2_IRQHandler                         
00004c43  EUSCIB3_IRQHandler                         
00001993  EUSCI_A_SPI_changeClockPhasePolarity       
00001a47  EUSCI_A_SPI_clearInterruptFlag             
00001a77  EUSCI_A_SPI_disable                        
00001a15  EUSCI_A_SPI_disableInterrupt               
00001a61  EUSCI_A_SPI_enable                         
000019fb  EUSCI_A_SPI_enableInterrupt                
00001a2f  EUSCI_A_SPI_getInterruptStatus             
00001a8d  EUSCI_A_SPI_getReceiveBufferAddressForDMA  
00001a9b  EUSCI_A_SPI_getTransmitBufferAddressForDMA 
00001aa9  EUSCI_A_SPI_isBusy                         
00001913  EUSCI_A_SPI_masterChangeClock              
000019eb  EUSCI_A_SPI_receiveData                    
000018f3  EUSCI_A_SPI_select4PinFunctionality        
00001949  EUSCI_A_SPI_slaveInit                      
000019d5  EUSCI_A_SPI_transmitData                   
000017c5  EUSCI_B_SPI_changeClockPhasePolarity       
00001879  EUSCI_B_SPI_clearInterruptFlag             
000018a9  EUSCI_B_SPI_disable                        
00001847  EUSCI_B_SPI_disableInterrupt               
00001893  EUSCI_B_SPI_enable                         
0000182d  EUSCI_B_SPI_enableInterrupt                
00001861  EUSCI_B_SPI_getInterruptStatus             
000018bf  EUSCI_B_SPI_getReceiveBufferAddressForDMA  
000018cd  EUSCI_B_SPI_getTransmitBufferAddressForDMA 
000018db  EUSCI_B_SPI_isBusy                         
00001749  EUSCI_B_SPI_masterChangeClock              
0000181d  EUSCI_B_SPI_receiveData                    
00001729  EUSCI_B_SPI_select4PinFunctionality        
0000177b  EUSCI_B_SPI_slaveInit                      
00001807  EUSCI_B_SPI_transmitData                   
00004c43  FLCTL_IRQHandler                           
00004c43  FPU_IRQHandler                             
00002f23  GPIO_clearInterruptFlag                    
00002ee3  GPIO_disableInterrupt                      
00002ec1  GPIO_enableInterrupt                       
00002f7b  GPIO_getEnabledInterruptStatus             
00002e93  GPIO_getInputPinValue                      
00002f05  GPIO_getInterruptStatus                    
00002f45  GPIO_interruptEdgeSelect                   
0000303b  GPIO_registerInterrupt                     
00002c3b  GPIO_setAsInputPin                         
00002def  GPIO_setAsInputPinWithPullDownResistor     
00002e41  GPIO_setAsInputPinWithPullUpResistor       
00002c01  GPIO_setAsOutputPin                        
00002d05  GPIO_setAsPeripheralModuleFunctionInputPin 
00002c81  GPIO_setAsPeripheralModuleFunctionOutputPin
00002ff7  GPIO_setDriveStrengthHigh                  
00003019  GPIO_setDriveStrengthLow                   
00002d89  GPIO_setOutputHighOnPin                    
00002dab  GPIO_setOutputLowOnPin                     
00002dcd  GPIO_toggleOutputOnPin                     
0000305b  GPIO_unregisterInterrupt                   
00003989  Graphics_clearDisplay                      
00003fff  Graphics_clearDisplayOnDisplay             
00003f51  Graphics_drawHorizontalLineOnDisplay       
00002a8d  Graphics_drawLine                          
00002771  Graphics_drawLineH                         
0000280d  Graphics_drawLineV                         
00003f0d  Graphics_drawMultiplePixelsOnDisplay       
0000399b  Graphics_drawPixel                         
00003ee3  Graphics_drawPixelOnDisplay                
0000227b  Graphics_drawString                        
00002709  Graphics_drawStringCentered                
00003f85  Graphics_drawVerticalLineOnDisplay         
00003fb9  Graphics_fillRectangleOnDisplay            
0000397b  Graphics_flushBuffer                       
00003fed  Graphics_flushOnDisplay                    
0000395d  Graphics_getDisplayHeight                  
0000394d  Graphics_getDisplayWidth                   
000038fb  Graphics_getFontBaseline                   
00003931  Graphics_getFontHeight                     
0000393f  Graphics_getFontMaxWidth                   
0000396d  Graphics_getHeightOfDisplay                
000026f9  Graphics_getStringBaseline                 
00002751  Graphics_getStringHeight                   
00002761  Graphics_getStringMaxWidth                 
00002181  Graphics_getStringWidth                    
000039f5  Graphics_getWidthOfDisplay                 
0000379d  Graphics_initContext                       
000038b1  Graphics_setBackgroundColor                
000038cb  Graphics_setBackgroundColorTranslated      
000037e7  Graphics_setClipRegion                     
000038e1  Graphics_setFont                           
00003909  Graphics_setForegroundColor                
0000391f  Graphics_setForegroundColorTranslated      
00003fd7  Graphics_translateColorOnDisplay           
0000443d  HAL_LCD_PortInit                           
0000446d  HAL_LCD_SpiInit                            
000044a3  HAL_LCD_writeCommand                       
000044cb  HAL_LCD_writeData                          
00004c43  HardFault_Handler                          
00003243  Interrupt_disableInterrupt                 
00003093  Interrupt_disableMaster                    
00003441  Interrupt_disableSleepOnIsrExit            
000031d1  Interrupt_enableInterrupt                  
00003083  Interrupt_enableMaster                     
0000342f  Interrupt_enableSleepOnIsrExit             
000031ab  Interrupt_getPriority                      
00003123  Interrupt_getPriorityGrouping              
0000340f  Interrupt_getPriorityMask                  
00003429  Interrupt_getVectorTableAddress            
000032b5  Interrupt_isEnabled                        
00003341  Interrupt_pendInterrupt                    
000030a3  Interrupt_registerInterrupt                
0000315b  Interrupt_setPriority                      
00003109  Interrupt_setPriorityGrouping              
000033ff  Interrupt_setPriorityMask                  
00003419  Interrupt_setVectorTableAddress            
000033b1  Interrupt_unpendInterrupt                  
000030f5  Interrupt_unregisterInterrupt              
000044f9  LCD                                        
20000178  Lcd_FlagRead                               
20000179  Lcd_FontSolid                              
2000017a  Lcd_Orientation                            
2000017b  Lcd_PenSolid                               
20000170  Lcd_ScreenHeigth                           
20000172  Lcd_ScreenWidth                            
20000174  Lcd_TouchTrim                              
00004c43  MemManage_Handler                          
00004c43  NMI_Handler                                
00004c43  PCM_IRQHandler                             
00004c43  PORT1_IRQHandler                           
00004c43  PORT2_IRQHandler                           
00004c43  PORT3_IRQHandler                           
00004c43  PORT4_IRQHandler                           
00004c43  PORT5_IRQHandler                           
00004c43  PORT6_IRQHandler                           
00004c43  PSS_IRQHandler                             
00004c43  PendSV_Handler                             
0000408f  RTC_C_IRQHandler                           
0000408f  RTC_C_IRQHandler                           
00004c37  Reset_Handler                              
UNDEFED   SHT$$INIT_ARRAY$$Base                      
UNDEFED   SHT$$INIT_ARRAY$$Limit                     
000013e7  SPI_changeClockPhasePolarity               
00001341  SPI_changeMasterClock                      
00001599  SPI_clearInterruptFlag                     
0000151b  SPI_disableInterrupt                       
00001475  SPI_disableModule                          
000014f5  SPI_enableInterrupt                        
00001459  SPI_enableModule                           
00001569  SPI_getEnabledInterruptStatus              
00001541  SPI_getInterruptStatus                     
00001491  SPI_getReceiveBufferAddressForDMA          
000014ad  SPI_getTransmitBufferAddressForDMA         
00001255  SPI_initMaster                             
00001369  SPI_initSlave                              
000014d9  SPI_isBusy                                 
0000143d  SPI_receiveData                            
000015bf  SPI_registerInterrupt                      
0000131b  SPI_selectFourPinFunctionality             
00001417  SPI_transmitData                           
0000167d  SPI_unregisterInterrupt                    
00004c43  SVC_Handler                                
00004c43  SysTick_Handler                            
20000138  SystemCoreClock                            
00003471  SystemCoreClockUpdate                      
000036e5  SystemInit                                 
00004c43  T32_INT1_IRQHandler                        
00004c43  T32_INT2_IRQHandler                        
00004c43  T32_INTC_IRQHandler                        
00004c43  TA0_0_IRQHandler                           
00004c43  TA0_N_IRQHandler                           
00004c43  TA1_0_IRQHandler                           
00004c43  TA1_N_IRQHandler                           
00004c43  TA2_0_IRQHandler                           
00004c43  TA2_N_IRQHandler                           
00004c43  TA3_0_IRQHandler                           
00004c43  TA3_N_IRQHandler                           
00004c43  UsageFault_Handler                         
4000480c  WDTCTL_SYM                                 
00004c43  WDT_A_IRQHandler                           
20010000  __STACK_END                                
00000200  __STACK_SIZE                               
00005278  __TI_CINIT_Base                            
00005290  __TI_CINIT_Limit                           
0000525c  __TI_Handler_Table_Base                    
00005268  __TI_Handler_Table_Limit                   
000047bd  __TI_auto_init                             
20000114  __TI_cleanup_ptr                           
0000482d  __TI_decompress_lzss                       
00004c29  __TI_decompress_none                       
20000118  __TI_dtors_ptr                             
2000011c  __TI_enable_exit_profile_output            
ffffffff  __TI_pprof_out_hndl                        
00000929  __TI_printfi                               
ffffffff  __TI_prof_data_size                        
ffffffff  __TI_prof_data_start                       
00000000  __TI_static_base__                         
00004c45  __TI_zero_init                             
00004635  __aeabi_cdcmpeq                            
00004635  __aeabi_cdcmple                            
000046bb  __aeabi_cdrcmple                           
00004aed  __aeabi_d2iz                               
00003c01  __aeabi_dadd                               
00003dad  __aeabi_ddiv                               
00004245  __aeabi_dmul                               
00003bf7  __aeabi_dsub                               
00004b73  __aeabi_i2d                                
00004741  __aeabi_memclr                             
00004741  __aeabi_memclr4                            
00004741  __aeabi_memclr8                            
00004599  __aeabi_memcpy                             
00004599  __aeabi_memcpy4                            
00004599  __aeabi_memcpy8                            
00004743  __aeabi_memset                             
00004743  __aeabi_memset4                            
00004743  __aeabi_memset8                            
00003a03  __aeabi_uldivmod                           
ffffffff  __binit__                                  
ffffffff  __c_args__                                 
00001223  __mpu_init                                 
2000fe00  __stack                                    
00004bbd  _args_main                                 
00004959  _c_int00                                   
00004f4c  _ctypes_                                   
20000120  _lock                                      
00004bfb  _nop                                       
00004bf3  _register_lock                             
00004bed  _register_unlock                           
00004017  _system_post_cinit                         
00004c51  _system_pre_init                           
20000124  _unlock                                    
000049b1  abort                                      
00004a55  atoi                                       
ffffffff  binit                                      
2000012c  bla                                        
00004045  configure_rtc                              
00004aa1  copy_in                                    
00004c01  copysign                                   
00004c01  copysignl                                  
2000017c  day                                        
2000017d  day_of_week                                
00004533  display_center                             
00004561  display_horizontal_Line                    
20000130  errno                                      
000049b9  exit                                       
00004895  frexp                                      
00004895  frexpl                                     
20000000  g_pfnRAMVectors                            
2000013c  g_sContext                                 
00005168  g_sCrystalfontz128x128                     
00005050  g_sFontFixed6x8                            
2000017e  hour                                       
00000000  interruptVectors                           
00004341  ldexp                                      
00004341  ldexpl                                     
00004a01  ltoa                                       
00004131  main                                       
20000134  main_func_sp                               
00004ba1  memccpy                                    
00004599  memcpy                                     
00004749  memset                                     
2000017f  minute                                     
20000180  month                                      
20000128  reset_seconds                              
00004341  scalbn                                     
00004341  scalbnl                                    
2000016c  second                                     
000048f9  sprintf                                    
00004bd5  strchr                                     
00004c15  strlen                                     
20000158  test_string                                
20000129  update_time                                
20000176  year                                       


GLOBAL SYMBOLS: SORTED BY Symbol Address 

address   name                                       
-------   ----                                       
00000000  __TI_static_base__                         
00000000  interruptVectors                           
00000200  __STACK_SIZE                               
00000929  __TI_printfi                               
00001223  __mpu_init                                 
00001255  SPI_initMaster                             
0000131b  SPI_selectFourPinFunctionality             
00001341  SPI_changeMasterClock                      
00001369  SPI_initSlave                              
000013e7  SPI_changeClockPhasePolarity               
00001417  SPI_transmitData                           
0000143d  SPI_receiveData                            
00001459  SPI_enableModule                           
00001475  SPI_disableModule                          
00001491  SPI_getReceiveBufferAddressForDMA          
000014ad  SPI_getTransmitBufferAddressForDMA         
000014d9  SPI_isBusy                                 
000014f5  SPI_enableInterrupt                        
0000151b  SPI_disableInterrupt                       
00001541  SPI_getInterruptStatus                     
00001569  SPI_getEnabledInterruptStatus              
00001599  SPI_clearInterruptFlag                     
000015bf  SPI_registerInterrupt                      
0000167d  SPI_unregisterInterrupt                    
00001729  EUSCI_B_SPI_select4PinFunctionality        
00001749  EUSCI_B_SPI_masterChangeClock              
0000177b  EUSCI_B_SPI_slaveInit                      
000017c5  EUSCI_B_SPI_changeClockPhasePolarity       
00001807  EUSCI_B_SPI_transmitData                   
0000181d  EUSCI_B_SPI_receiveData                    
0000182d  EUSCI_B_SPI_enableInterrupt                
00001847  EUSCI_B_SPI_disableInterrupt               
00001861  EUSCI_B_SPI_getInterruptStatus             
00001879  EUSCI_B_SPI_clearInterruptFlag             
00001893  EUSCI_B_SPI_enable                         
000018a9  EUSCI_B_SPI_disable                        
000018bf  EUSCI_B_SPI_getReceiveBufferAddressForDMA  
000018cd  EUSCI_B_SPI_getTransmitBufferAddressForDMA 
000018db  EUSCI_B_SPI_isBusy                         
000018f3  EUSCI_A_SPI_select4PinFunctionality        
00001913  EUSCI_A_SPI_masterChangeClock              
00001949  EUSCI_A_SPI_slaveInit                      
00001993  EUSCI_A_SPI_changeClockPhasePolarity       
000019d5  EUSCI_A_SPI_transmitData                   
000019eb  EUSCI_A_SPI_receiveData                    
000019fb  EUSCI_A_SPI_enableInterrupt                
00001a15  EUSCI_A_SPI_disableInterrupt               
00001a2f  EUSCI_A_SPI_getInterruptStatus             
00001a47  EUSCI_A_SPI_clearInterruptFlag             
00001a61  EUSCI_A_SPI_enable                         
00001a77  EUSCI_A_SPI_disable                        
00001a8d  EUSCI_A_SPI_getReceiveBufferAddressForDMA  
00001a9b  EUSCI_A_SPI_getTransmitBufferAddressForDMA 
00001aa9  EUSCI_A_SPI_isBusy                         
00001ac9  Crystalfontz128x128_Init                   
00001bdd  Crystalfontz128x128_SetDrawFrame           
00001d0b  Crystalfontz128x128_SetOrientation         
00002181  Graphics_getStringWidth                    
0000227b  Graphics_drawString                        
000026f9  Graphics_getStringBaseline                 
00002709  Graphics_drawStringCentered                
00002751  Graphics_getStringHeight                   
00002761  Graphics_getStringMaxWidth                 
00002771  Graphics_drawLineH                         
0000280d  Graphics_drawLineV                         
00002a8d  Graphics_drawLine                          
00002c01  GPIO_setAsOutputPin                        
00002c3b  GPIO_setAsInputPin                         
00002c81  GPIO_setAsPeripheralModuleFunctionOutputPin
00002d05  GPIO_setAsPeripheralModuleFunctionInputPin 
00002d89  GPIO_setOutputHighOnPin                    
00002dab  GPIO_setOutputLowOnPin                     
00002dcd  GPIO_toggleOutputOnPin                     
00002def  GPIO_setAsInputPinWithPullDownResistor     
00002e41  GPIO_setAsInputPinWithPullUpResistor       
00002e93  GPIO_getInputPinValue                      
00002ec1  GPIO_enableInterrupt                       
00002ee3  GPIO_disableInterrupt                      
00002f05  GPIO_getInterruptStatus                    
00002f23  GPIO_clearInterruptFlag                    
00002f45  GPIO_interruptEdgeSelect                   
00002f7b  GPIO_getEnabledInterruptStatus             
00002ff7  GPIO_setDriveStrengthHigh                  
00003019  GPIO_setDriveStrengthLow                   
0000303b  GPIO_registerInterrupt                     
0000305b  GPIO_unregisterInterrupt                   
00003083  Interrupt_enableMaster                     
00003093  Interrupt_disableMaster                    
000030a3  Interrupt_registerInterrupt                
000030f5  Interrupt_unregisterInterrupt              
00003109  Interrupt_setPriorityGrouping              
00003123  Interrupt_getPriorityGrouping              
0000315b  Interrupt_setPriority                      
000031ab  Interrupt_getPriority                      
000031d1  Interrupt_enableInterrupt                  
00003243  Interrupt_disableInterrupt                 
000032b5  Interrupt_isEnabled                        
00003341  Interrupt_pendInterrupt                    
000033b1  Interrupt_unpendInterrupt                  
000033ff  Interrupt_setPriorityMask                  
0000340f  Interrupt_getPriorityMask                  
00003419  Interrupt_setVectorTableAddress            
00003429  Interrupt_getVectorTableAddress            
0000342f  Interrupt_enableSleepOnIsrExit             
00003441  Interrupt_disableSleepOnIsrExit            
00003471  SystemCoreClockUpdate                      
000036e5  SystemInit                                 
0000379d  Graphics_initContext                       
000037e7  Graphics_setClipRegion                     
000038b1  Graphics_setBackgroundColor                
000038cb  Graphics_setBackgroundColorTranslated      
000038e1  Graphics_setFont                           
000038fb  Graphics_getFontBaseline                   
00003909  Graphics_setForegroundColor                
0000391f  Graphics_setForegroundColorTranslated      
00003931  Graphics_getFontHeight                     
0000393f  Graphics_getFontMaxWidth                   
0000394d  Graphics_getDisplayWidth                   
0000395d  Graphics_getDisplayHeight                  
0000396d  Graphics_getHeightOfDisplay                
0000397b  Graphics_flushBuffer                       
00003989  Graphics_clearDisplay                      
0000399b  Graphics_drawPixel                         
000039f5  Graphics_getWidthOfDisplay                 
00003a03  __aeabi_uldivmod                           
00003bf7  __aeabi_dsub                               
00003c01  __aeabi_dadd                               
00003dad  __aeabi_ddiv                               
00003ee3  Graphics_drawPixelOnDisplay                
00003f0d  Graphics_drawMultiplePixelsOnDisplay       
00003f51  Graphics_drawHorizontalLineOnDisplay       
00003f85  Graphics_drawVerticalLineOnDisplay         
00003fb9  Graphics_fillRectangleOnDisplay            
00003fd7  Graphics_translateColorOnDisplay           
00003fed  Graphics_flushOnDisplay                    
00003fff  Graphics_clearDisplayOnDisplay             
00004017  _system_post_cinit                         
00004045  configure_rtc                              
0000408f  RTC_C_IRQHandler                           
0000408f  RTC_C_IRQHandler                           
00004131  main                                       
00004245  __aeabi_dmul                               
00004341  ldexp                                      
00004341  ldexpl                                     
00004341  scalbn                                     
00004341  scalbnl                                    
0000443d  HAL_LCD_PortInit                           
0000446d  HAL_LCD_SpiInit                            
000044a3  HAL_LCD_writeCommand                       
000044cb  HAL_LCD_writeData                          
000044f9  LCD                                        
00004533  display_center                             
00004561  display_horizontal_Line                    
00004599  __aeabi_memcpy                             
00004599  __aeabi_memcpy4                            
00004599  __aeabi_memcpy8                            
00004599  memcpy                                     
00004635  __aeabi_cdcmpeq                            
00004635  __aeabi_cdcmple                            
000046bb  __aeabi_cdrcmple                           
00004741  __aeabi_memclr                             
00004741  __aeabi_memclr4                            
00004741  __aeabi_memclr8                            
00004743  __aeabi_memset                             
00004743  __aeabi_memset4                            
00004743  __aeabi_memset8                            
00004749  memset                                     
000047bd  __TI_auto_init                             
0000482d  __TI_decompress_lzss                       
00004895  frexp                                      
00004895  frexpl                                     
000048f9  sprintf                                    
00004959  _c_int00                                   
000049ad  C$$EXIT                                    
000049b1  abort                                      
000049b9  exit                                       
00004a01  ltoa                                       
00004a55  atoi                                       
00004aa1  copy_in                                    
00004aed  __aeabi_d2iz                               
00004b35  CPU_cpsid                                  
00004b41  CPU_primask                                
00004b4b  CPU_cpsie                                  
00004b57  CPU_wfi                                    
00004b5b  CPU_basepriSet                             
00004b69  CPU_basepriGet                             
00004b73  __aeabi_i2d                                
00004ba1  memccpy                                    
00004bbd  _args_main                                 
00004bd5  strchr                                     
00004bed  _register_unlock                           
00004bf3  _register_lock                             
00004bfb  _nop                                       
00004c01  copysign                                   
00004c01  copysignl                                  
00004c15  strlen                                     
00004c29  __TI_decompress_none                       
00004c37  Reset_Handler                              
00004c43  ADC14_IRQHandler                           
00004c43  AES256_IRQHandler                          
00004c43  BusFault_Handler                           
00004c43  COMP_E0_IRQHandler                         
00004c43  COMP_E1_IRQHandler                         
00004c43  CS_IRQHandler                              
00004c43  DMA_ERR_IRQHandler                         
00004c43  DMA_INT0_IRQHandler                        
00004c43  DMA_INT1_IRQHandler                        
00004c43  DMA_INT2_IRQHandler                        
00004c43  DMA_INT3_IRQHandler                        
00004c43  DebugMon_Handler                           
00004c43  Default_Handler                            
00004c43  EUSCIA0_IRQHandler                         
00004c43  EUSCIA1_IRQHandler                         
00004c43  EUSCIA2_IRQHandler                         
00004c43  EUSCIA3_IRQHandler                         
00004c43  EUSCIB0_IRQHandler                         
00004c43  EUSCIB1_IRQHandler                         
00004c43  EUSCIB2_IRQHandler                         
00004c43  EUSCIB3_IRQHandler                         
00004c43  FLCTL_IRQHandler                           
00004c43  FPU_IRQHandler                             
00004c43  HardFault_Handler                          
00004c43  MemManage_Handler                          
00004c43  NMI_Handler                                
00004c43  PCM_IRQHandler                             
00004c43  PORT1_IRQHandler                           
00004c43  PORT2_IRQHandler                           
00004c43  PORT3_IRQHandler                           
00004c43  PORT4_IRQHandler                           
00004c43  PORT5_IRQHandler                           
00004c43  PORT6_IRQHandler                           
00004c43  PSS_IRQHandler                             
00004c43  PendSV_Handler                             
00004c43  SVC_Handler                                
00004c43  SysTick_Handler                            
00004c43  T32_INT1_IRQHandler                        
00004c43  T32_INT2_IRQHandler                        
00004c43  T32_INTC_IRQHandler                        
00004c43  TA0_0_IRQHandler                           
00004c43  TA0_N_IRQHandler                           
00004c43  TA1_0_IRQHandler                           
00004c43  TA1_N_IRQHandler                           
00004c43  TA2_0_IRQHandler                           
00004c43  TA2_N_IRQHandler                           
00004c43  TA3_0_IRQHandler                           
00004c43  TA3_N_IRQHandler                           
00004c43  UsageFault_Handler                         
00004c43  WDT_A_IRQHandler                           
00004c45  __TI_zero_init                             
00004c51  _system_pre_init                           
00004f4c  _ctypes_                                   
00005050  g_sFontFixed6x8                            
00005168  g_sCrystalfontz128x128                     
0000525c  __TI_Handler_Table_Base                    
00005268  __TI_Handler_Table_Limit                   
00005278  __TI_CINIT_Base                            
00005290  __TI_CINIT_Limit                           
20000000  g_pfnRAMVectors                            
20000114  __TI_cleanup_ptr                           
20000118  __TI_dtors_ptr                             
2000011c  __TI_enable_exit_profile_output            
20000120  _lock                                      
20000124  _unlock                                    
20000128  reset_seconds                              
20000129  update_time                                
2000012c  bla                                        
20000130  errno                                      
20000134  main_func_sp                               
20000138  SystemCoreClock                            
2000013c  g_sContext                                 
20000158  test_string                                
2000016c  second                                     
20000170  Lcd_ScreenHeigth                           
20000172  Lcd_ScreenWidth                            
20000174  Lcd_TouchTrim                              
20000176  year                                       
20000178  Lcd_FlagRead                               
20000179  Lcd_FontSolid                              
2000017a  Lcd_Orientation                            
2000017b  Lcd_PenSolid                               
2000017c  day                                        
2000017d  day_of_week                                
2000017e  hour                                       
2000017f  minute                                     
20000180  month                                      
2000fe00  __stack                                    
20010000  __STACK_END                                
4000480c  WDTCTL_SYM                                 
ffffffff  __TI_pprof_out_hndl                        
ffffffff  __TI_prof_data_size                        
ffffffff  __TI_prof_data_start                       
ffffffff  __binit__                                  
ffffffff  __c_args__                                 
ffffffff  binit                                      
UNDEFED   SHT$$INIT_ARRAY$$Base                      
UNDEFED   SHT$$INIT_ARRAY$$Limit                     

[296 symbols]
