******************************************************************************
                  TI ARM Linker PC v16.9.4                     
******************************************************************************
>> Linked Sat Dec 09 01:19:42 2017

OUTPUT FILE NAME:   <basic_display_v2.out>
ENTRY POINT SYMBOL: "_c_int00"  address: 00004a09


MEMORY CONFIGURATION

         name            origin    length      used     unused   attr    fill
----------------------  --------  ---------  --------  --------  ----  --------
  MAIN                  00000000   00040000  0000533c  0003acc4  R  X
  INFO                  00200000   00004000  00000000  00004000  R  X
  SRAM_CODE             01000000   00010000  000003a9  0000fc57  RW X
  SRAM_DATA             20000000   00010000  000003a9  0000fc57  RW  


SEGMENT ALLOCATION MAP

run origin  load origin   length   init length attrs members
----------  ----------- ---------- ----------- ----- -------
00000000    00000000    00005340   00005340    r-x
  00000000    00000000    000000e4   000000e4    r-- .intvecs
  000000e4    000000e4    00004c20   00004c20    r-x .text
  00004d04    00004d04    000005c0   000005c0    r-- .const
  000052c8    000052c8    00000078   00000078    r-- .cinit
20000000    20000000    000001ac   00000000    rw-
  20000000    20000000    000000e4   00000000    rw- .vtable
  200000e4    200000e4    0000006d   00000000    rw- .bss
  20000154    20000154    00000058   00000000    rw- .data
2000fe00    2000fe00    00000200   00000000    rw-
  2000fe00    2000fe00    00000200   00000000    rw- .stack


SECTION ALLOCATION MAP

 output                                  attributes/
section   page    origin      length       input sections
--------  ----  ----------  ----------   ----------------
.intvecs   0    00000000    000000e4     
                  00000000    000000e4     startup_msp432p401r_ccs.obj (.intvecs:retain)

.binit     0    00000000    00000000     

.text      0    000000e4    00004c20     
                  000000e4    0000113e     rtsv7M4_T_le_v4SPD16_eabi.lib : _printfi.obj (.text)
                  00001222    00000002                                   : mpu_init.obj (.text)
                  00001224    000008a4     spi.obj (.text)
                  00001ac8    00000678     Crystalfontz128x128_ST7735.obj (.text)
                  00002140    00000630     string.obj (.text)
                  00002770    00000490     line.obj (.text)
                  00002c00    00000480     gpio.obj (.text)
                  00003080    000003f0     interrupt.obj (.text)
                  00003470    0000032c     system_msp432p401r.obj (.text)
                  0000379c    00000266     context.obj (.text)
                  00003a02    000001f4     rtsv7M4_T_le_v4SPD16_eabi.lib : ull_div_t2.obj (.text)
                  00003bf6    00000002                                   : startup.obj (.text)
                  00003bf8    000001c4     main.obj (.text)
                  00003dbc    000001b6     rtsv7M4_T_le_v4SPD16_eabi.lib : fd_add_t2.obj (.text)
                  00003f72    00000136                                   : fd_div_t2.obj (.text)
                  000040a8    00000134     display.obj (.text)
                  000041dc    00000118     ConfigureRTC.obj (.text)
                  000042f4    000000fc     rtsv7M4_T_le_v4SPD16_eabi.lib : fd_mul_t2.obj (.text)
                  000043f0    000000fc                                   : s_scalbn.obj (.text)
                  000044ec    000000bc     HAL_MSP_EXP432P401R_Crystalfontz128x128_ST7735.obj (.text)
                  000045a8    000000a0     Lcd.obj (.text)
                  00004648    0000009c     rtsv7M4_T_le_v4SPD16_eabi.lib : memcpy_t2.obj (.text)
                  000046e4    00000086                                   : fd_cmp_t2.obj (.text:__aeabi_cdcmple)
                  0000476a    00000086                                   : fd_cmp_t2.obj (.text:__aeabi_cdrcmple)
                  000047f0    0000007a                                   : memset_t2.obj (.text)
                  0000486a    00000002     --HOLE-- [fill = 0]
                  0000486c    00000070                                   : autoinit.obj (.text)
                  000048dc    00000068                                   : copy_decompress_lzss.obj (.text:decompress:lzss)
                  00004944    00000064                                   : s_frexp.obj (.text)
                  000049a8    00000060                                   : sprintf.obj (.text)
                  00004a08    00000054                                   : boot.obj (.text)
                  00004a5c    00000054                                   : exit.obj (.text)
                  00004ab0    00000054                                   : ltoa.obj (.text)
                  00004b04    0000004c                                   : atoi.obj (.text)
                  00004b50    0000004c                                   : cpy_tbl.obj (.text)
                  00004b9c    00000048                                   : fd_toi_t2.obj (.text)
                  00004be4    0000003e     cpu.obj (.text)
                  00004c22    0000002e     rtsv7M4_T_le_v4SPD16_eabi.lib : i_tofd_t2.obj (.text)
                  00004c50    0000001c                                   : memccpy.obj (.text)
                  00004c6c    00000018                                   : args_main.obj (.text)
                  00004c84    00000016                                   : strchr.obj (.text)
                  00004c9a    00000002     --HOLE-- [fill = 0]
                  00004c9c    00000014                                   : _lock.obj (.text)
                  00004cb0    00000014                                   : s_copysign.obj (.text)
                  00004cc4    00000014                                   : strlen.obj (.text)
                  00004cd8    0000000e                                   : copy_decompress_none.obj (.text:decompress:none)
                  00004ce6    0000000e     startup_msp432p401r_ccs.obj (.text)
                  00004cf4    0000000c     rtsv7M4_T_le_v4SPD16_eabi.lib : copy_zero_init.obj (.text:decompress:ZI)
                  00004d00    00000004                                   : pre_init.obj (.text)

.const     0    00004d04    000005c0     
                  00004d04    000002f8     fontfixed6x8.obj (.const:.string:g_pucFontFixed6x8Data)
                  00004ffc    00000101     rtsv7M4_T_le_v4SPD16_eabi.lib : ctype.obj (.const:.string:_ctypes_)
                  000050fd    00000003     --HOLE-- [fill = 0]
                  00005100    000000c8     fontfixed6x8.obj (.const:g_sFontFixed6x8)
                  000051c8    00000050     interrupt.obj (.const:g_pulRegs)
                  00005218    0000002c     Crystalfontz128x128_ST7735.obj (.const:g_sCrystalfontz128x128)
                  00005244    00000020     interrupt.obj (.const:g_pulPriority)
                  00005264    0000001c     HAL_MSP_EXP432P401R_Crystalfontz128x128_ST7735.obj (.const:$P$T0$1)
                  00005280    0000001c     gpio.obj (.const:GPIO_PORT_TO_INT)
                  0000529c    00000008     Crystalfontz128x128_ST7735.obj (.const:$P$T0$1)
                  000052a4    00000008     interrupt.obj (.const:g_pulDisRegs)
                  000052ac    00000008     interrupt.obj (.const:g_pulEnRegs)
                  000052b4    00000008     interrupt.obj (.const:g_pulPendRegs)
                  000052bc    00000008     interrupt.obj (.const:g_pulUnpendRegs)

.cinit     0    000052c8    00000078     
                  000052c8    00000044     (.cinit..data.load) [load image, compression = lzss]
                  0000530c    0000000c     (__TI_handler_table)
                  00005318    00000008     (.cinit..bss.load) [load image, compression = zero_init]
                  00005320    00000008     (.cinit..vtable.load) [load image, compression = zero_init]
                  00005328    00000018     (__TI_cinit_table)

.init_array 
*          0    00000000    00000000     UNINITIALIZED

.vtable    0    20000000    000000e4     UNINITIALIZED
                  20000000    000000e4     interrupt.obj (.vtable)

.bss       0    200000e4    0000006d     UNINITIALIZED
                  200000e4    0000001c     (.common:g_sContext)
                  20000100    00000014     (.common:minutes_string)
                  20000114    00000014     (.common:seconds_string)
                  20000128    00000014     (.common:test_string)
                  2000013c    00000004     (.common:second)
                  20000140    00000002     (.common:Lcd_ScreenHeigth)
                  20000142    00000002     (.common:Lcd_ScreenWidth)
                  20000144    00000002     (.common:Lcd_TouchTrim)
                  20000146    00000002     (.common:year)
                  20000148    00000001     (.common:Lcd_FlagRead)
                  20000149    00000001     (.common:Lcd_FontSolid)
                  2000014a    00000001     (.common:Lcd_Orientation)
                  2000014b    00000001     (.common:Lcd_PenSolid)
                  2000014c    00000001     (.common:day)
                  2000014d    00000001     (.common:day_of_week)
                  2000014e    00000001     (.common:hour)
                  2000014f    00000001     (.common:minute)
                  20000150    00000001     (.common:month)

.data      0    20000154    00000058     UNINITIALIZED
                  20000154    00000030     gpio.obj (.data:GPIO_PORT_TO_BASE)
                  20000184    0000000c     rtsv7M4_T_le_v4SPD16_eabi.lib : exit.obj (.data:$O1$$)
                  20000190    00000008                                   : _lock.obj (.data:$O1$$)
                  20000198    00000008     main.obj (.data)
                  200001a0    00000004     rtsv7M4_T_le_v4SPD16_eabi.lib : errno.obj (.data)
                  200001a4    00000004                                   : stkdepth_vars.obj (.data)
                  200001a8    00000004     system_msp432p401r.obj (.data)

.stack     0    2000fe00    00000200     UNINITIALIZED
                  2000fe00    00000200     --HOLE--

MODULE SUMMARY

       Module                                               code    ro data   rw data
       ------                                               ----    -------   -------
    .\
       spi.obj                                              2212    0         0      
       Crystalfontz128x128_ST7735.obj                       1656    52        20     
       interrupt.obj                                        1008    144       456    
       string.obj                                           1584    0         0      
       gpio.obj                                             1152    28        96     
       line.obj                                             1168    0         0      
       fontfixed6x8.obj                                     0       960       0      
       system_msp432p401r.obj                               812     0         8      
       context.obj                                          614     0         0      
       main.obj                                             452     0         158    
       display.obj                                          308     0         0      
       ConfigureRTC.obj                                     280     0         0      
       startup_msp432p401r_ccs.obj                          14      228       0      
       HAL_MSP_EXP432P401R_Crystalfontz128x128_ST7735.obj   188     28        0      
       Lcd.obj                                              160     0         56     
       cpu.obj                                              62      0         0      
    +--+----------------------------------------------------+-------+---------+---------+
       Total:                                               11670   1440      794    
                                                                                     
    C:\Users\kwat1\Documents\ccsv7\tools\compiler\ti-cgt-arm_16.9.4.LTS\lib\rtsv7M4_T_le_v4SPD16_eabi.lib
       _printfi.obj                                         4414    0         0      
       ull_div_t2.obj                                       500     0         0      
       fd_add_t2.obj                                        438     0         0      
       fd_div_t2.obj                                        310     0         0      
       fd_cmp_t2.obj                                        268     0         0      
       ctype.obj                                            0       257       0      
       fd_mul_t2.obj                                        252     0         0      
       s_scalbn.obj                                         252     0         0      
       memcpy_t2.obj                                        156     0         0      
       memset_t2.obj                                        122     0         0      
       autoinit.obj                                         112     0         0      
       exit.obj                                             84      0         24     
       copy_decompress_lzss.obj                             104     0         0      
       s_frexp.obj                                          100     0         0      
       sprintf.obj                                          96      0         0      
       boot.obj                                             84      0         0      
       ltoa.obj                                             84      0         0      
       atoi.obj                                             76      0         0      
       cpy_tbl.obj                                          76      0         0      
       fd_toi_t2.obj                                        72      0         0      
       i_tofd_t2.obj                                        46      0         0      
       _lock.obj                                            20      0         16     
       memccpy.obj                                          28      0         0      
       args_main.obj                                        24      0         0      
       strchr.obj                                           22      0         0      
       s_copysign.obj                                       20      0         0      
       strlen.obj                                           20      0         0      
       copy_decompress_none.obj                             14      0         0      
       copy_zero_init.obj                                   12      0         0      
       errno.obj                                            0       0         8      
       stkdepth_vars.obj                                    0       0         8      
       pre_init.obj                                         4       0         0      
       mpu_init.obj                                         2       0         0      
       startup.obj                                          2       0         0      
    +--+----------------------------------------------------+-------+---------+---------+
       Total:                                               7814    257       56     
                                                                                     
       Stack:                                               0       0         1024   
       Linker Generated:                                    0       120       0      
    +--+----------------------------------------------------+-------+---------+---------+
       Grand Total:                                         19484   1817      1874   


LINKER GENERATED COPY TABLES

__TI_cinit_table @ 00005328 records: 3, size/record: 8, table size: 24
	.data: load addr=000052c8, load size=00000044 bytes, run addr=20000154, run size=00000058 bytes, compression=lzss
	.bss: load addr=00005318, load size=00000008 bytes, run addr=200000e4, run size=0000006d bytes, compression=zero_init
	.vtable: load addr=00005320, load size=00000008 bytes, run addr=20000000, run size=000000e4 bytes, compression=zero_init


LINKER GENERATED HANDLER TABLE

__TI_handler_table @ 0000530c records: 3, size/record: 4, table size: 12
	index: 0, handler: __TI_zero_init
	index: 1, handler: __TI_decompress_lzss
	index: 2, handler: __TI_decompress_none


GLOBAL SYMBOLS: SORTED ALPHABETICALLY BY Name 

address   name                                       
-------   ----                                       
00004cf3  ADC14_IRQHandler                           
00004cf3  AES256_IRQHandler                          
00004cf3  BusFault_Handler                           
00004a5d  C$$EXIT                                    
00004cf3  COMP_E0_IRQHandler                         
00004cf3  COMP_E1_IRQHandler                         
00004c19  CPU_basepriGet                             
00004c0b  CPU_basepriSet                             
00004be5  CPU_cpsid                                  
00004bfb  CPU_cpsie                                  
00004bf1  CPU_primask                                
00004c07  CPU_wfi                                    
00004cf3  CS_IRQHandler                              
00001ac9  Crystalfontz128x128_Init                   
00001bdd  Crystalfontz128x128_SetDrawFrame           
00001d0b  Crystalfontz128x128_SetOrientation         
00004cf3  DMA_ERR_IRQHandler                         
00004cf3  DMA_INT0_IRQHandler                        
00004cf3  DMA_INT1_IRQHandler                        
00004cf3  DMA_INT2_IRQHandler                        
00004cf3  DMA_INT3_IRQHandler                        
00004cf3  DebugMon_Handler                           
00004cf3  Default_Handler                            
00004cf3  EUSCIA0_IRQHandler                         
00004cf3  EUSCIA1_IRQHandler                         
00004cf3  EUSCIA2_IRQHandler                         
00004cf3  EUSCIA3_IRQHandler                         
00004cf3  EUSCIB0_IRQHandler                         
00004cf3  EUSCIB1_IRQHandler                         
00004cf3  EUSCIB2_IRQHandler                         
00004cf3  EUSCIB3_IRQHandler                         
00001993  EUSCI_A_SPI_changeClockPhasePolarity       
00001a47  EUSCI_A_SPI_clearInterruptFlag             
00001a77  EUSCI_A_SPI_disable                        
00001a15  EUSCI_A_SPI_disableInterrupt               
00001a61  EUSCI_A_SPI_enable                         
000019fb  EUSCI_A_SPI_enableInterrupt                
00001a2f  EUSCI_A_SPI_getInterruptStatus             
00001a8d  EUSCI_A_SPI_getReceiveBufferAddressForDMA  
00001a9b  EUSCI_A_SPI_getTransmitBufferAddressForDMA 
00001aa9  EUSCI_A_SPI_isBusy                         
00001913  EUSCI_A_SPI_masterChangeClock              
000019eb  EUSCI_A_SPI_receiveData                    
000018f3  EUSCI_A_SPI_select4PinFunctionality        
00001949  EUSCI_A_SPI_slaveInit                      
000019d5  EUSCI_A_SPI_transmitData                   
000017c5  EUSCI_B_SPI_changeClockPhasePolarity       
00001879  EUSCI_B_SPI_clearInterruptFlag             
000018a9  EUSCI_B_SPI_disable                        
00001847  EUSCI_B_SPI_disableInterrupt               
00001893  EUSCI_B_SPI_enable                         
0000182d  EUSCI_B_SPI_enableInterrupt                
00001861  EUSCI_B_SPI_getInterruptStatus             
000018bf  EUSCI_B_SPI_getReceiveBufferAddressForDMA  
000018cd  EUSCI_B_SPI_getTransmitBufferAddressForDMA 
000018db  EUSCI_B_SPI_isBusy                         
00001749  EUSCI_B_SPI_masterChangeClock              
0000181d  EUSCI_B_SPI_receiveData                    
00001729  EUSCI_B_SPI_select4PinFunctionality        
0000177b  EUSCI_B_SPI_slaveInit                      
00001807  EUSCI_B_SPI_transmitData                   
00004cf3  FLCTL_IRQHandler                           
00004cf3  FPU_IRQHandler                             
00002f23  GPIO_clearInterruptFlag                    
00002ee3  GPIO_disableInterrupt                      
00002ec1  GPIO_enableInterrupt                       
00002f7b  GPIO_getEnabledInterruptStatus             
00002e93  GPIO_getInputPinValue                      
00002f05  GPIO_getInterruptStatus                    
00002f45  GPIO_interruptEdgeSelect                   
0000303b  GPIO_registerInterrupt                     
00002c3b  GPIO_setAsInputPin                         
00002def  GPIO_setAsInputPinWithPullDownResistor     
00002e41  GPIO_setAsInputPinWithPullUpResistor       
00002c01  GPIO_setAsOutputPin                        
00002d05  GPIO_setAsPeripheralModuleFunctionInputPin 
00002c81  GPIO_setAsPeripheralModuleFunctionOutputPin
00002ff7  GPIO_setDriveStrengthHigh                  
00003019  GPIO_setDriveStrengthLow                   
00002d89  GPIO_setOutputHighOnPin                    
00002dab  GPIO_setOutputLowOnPin                     
00002dcd  GPIO_toggleOutputOnPin                     
0000305b  GPIO_unregisterInterrupt                   
00003989  Graphics_clearDisplay                      
000041c5  Graphics_clearDisplayOnDisplay             
00004117  Graphics_drawHorizontalLineOnDisplay       
00002a8d  Graphics_drawLine                          
00002771  Graphics_drawLineH                         
0000280d  Graphics_drawLineV                         
000040d3  Graphics_drawMultiplePixelsOnDisplay       
0000399b  Graphics_drawPixel                         
000040a9  Graphics_drawPixelOnDisplay                
0000227b  Graphics_drawString                        
00002709  Graphics_drawStringCentered                
0000414b  Graphics_drawVerticalLineOnDisplay         
0000417f  Graphics_fillRectangleOnDisplay            
0000397b  Graphics_flushBuffer                       
000041b3  Graphics_flushOnDisplay                    
0000395d  Graphics_getDisplayHeight                  
0000394d  Graphics_getDisplayWidth                   
000038fb  Graphics_getFontBaseline                   
00003931  Graphics_getFontHeight                     
0000393f  Graphics_getFontMaxWidth                   
0000396d  Graphics_getHeightOfDisplay                
000026f9  Graphics_getStringBaseline                 
00002751  Graphics_getStringHeight                   
00002761  Graphics_getStringMaxWidth                 
00002181  Graphics_getStringWidth                    
000039f5  Graphics_getWidthOfDisplay                 
0000379d  Graphics_initContext                       
000038b1  Graphics_setBackgroundColor                
000038cb  Graphics_setBackgroundColorTranslated      
000037e7  Graphics_setClipRegion                     
000038e1  Graphics_setFont                           
00003909  Graphics_setForegroundColor                
0000391f  Graphics_setForegroundColorTranslated      
0000419d  Graphics_translateColorOnDisplay           
000044ed  HAL_LCD_PortInit                           
0000451d  HAL_LCD_SpiInit                            
00004553  HAL_LCD_writeCommand                       
0000457b  HAL_LCD_writeData                          
00004cf3  HardFault_Handler                          
00003243  Interrupt_disableInterrupt                 
00003093  Interrupt_disableMaster                    
00003441  Interrupt_disableSleepOnIsrExit            
000031d1  Interrupt_enableInterrupt                  
00003083  Interrupt_enableMaster                     
0000342f  Interrupt_enableSleepOnIsrExit             
000031ab  Interrupt_getPriority                      
00003123  Interrupt_getPriorityGrouping              
0000340f  Interrupt_getPriorityMask                  
00003429  Interrupt_getVectorTableAddress            
000032b5  Interrupt_isEnabled                        
00003341  Interrupt_pendInterrupt                    
000030a3  Interrupt_registerInterrupt                
0000315b  Interrupt_setPriority                      
00003109  Interrupt_setPriorityGrouping              
000033ff  Interrupt_setPriorityMask                  
00003419  Interrupt_setVectorTableAddress            
000033b1  Interrupt_unpendInterrupt                  
000030f5  Interrupt_unregisterInterrupt              
000045a9  LCD                                        
20000148  Lcd_FlagRead                               
20000149  Lcd_FontSolid                              
2000014a  Lcd_Orientation                            
2000014b  Lcd_PenSolid                               
20000140  Lcd_ScreenHeigth                           
20000142  Lcd_ScreenWidth                            
20000144  Lcd_TouchTrim                              
00004cf3  MemManage_Handler                          
00004cf3  NMI_Handler                                
00004cf3  PCM_IRQHandler                             
00004cf3  PORT1_IRQHandler                           
00004cf3  PORT2_IRQHandler                           
00004cf3  PORT3_IRQHandler                           
00004cf3  PORT4_IRQHandler                           
00004cf3  PORT5_IRQHandler                           
00004cf3  PORT6_IRQHandler                           
00004cf3  PSS_IRQHandler                             
00004cf3  PendSV_Handler                             
00004253  RTC_C_IRQHandler                           
00004253  RTC_C_IRQHandler                           
00004ce7  Reset_Handler                              
UNDEFED   SHT$$INIT_ARRAY$$Base                      
UNDEFED   SHT$$INIT_ARRAY$$Limit                     
000013e7  SPI_changeClockPhasePolarity               
00001341  SPI_changeMasterClock                      
00001599  SPI_clearInterruptFlag                     
0000151b  SPI_disableInterrupt                       
00001475  SPI_disableModule                          
000014f5  SPI_enableInterrupt                        
00001459  SPI_enableModule                           
00001569  SPI_getEnabledInterruptStatus              
00001541  SPI_getInterruptStatus                     
00001491  SPI_getReceiveBufferAddressForDMA          
000014ad  SPI_getTransmitBufferAddressForDMA         
00001255  SPI_initMaster                             
00001369  SPI_initSlave                              
000014d9  SPI_isBusy                                 
0000143d  SPI_receiveData                            
000015bf  SPI_registerInterrupt                      
0000131b  SPI_selectFourPinFunctionality             
00001417  SPI_transmitData                           
0000167d  SPI_unregisterInterrupt                    
00004cf3  SVC_Handler                                
00004cf3  SysTick_Handler                            
200001a8  SystemCoreClock                            
00003471  SystemCoreClockUpdate                      
000036e5  SystemInit                                 
00004cf3  T32_INT1_IRQHandler                        
00004cf3  T32_INT2_IRQHandler                        
00004cf3  T32_INTC_IRQHandler                        
00004cf3  TA0_0_IRQHandler                           
00004cf3  TA0_N_IRQHandler                           
00004cf3  TA1_0_IRQHandler                           
00004cf3  TA1_N_IRQHandler                           
00004cf3  TA2_0_IRQHandler                           
00004cf3  TA2_N_IRQHandler                           
00004cf3  TA3_0_IRQHandler                           
00004cf3  TA3_N_IRQHandler                           
00004cf3  UsageFault_Handler                         
4000480c  WDTCTL_SYM                                 
00004cf3  WDT_A_IRQHandler                           
20010000  __STACK_END                                
00000200  __STACK_SIZE                               
00005328  __TI_CINIT_Base                            
00005340  __TI_CINIT_Limit                           
0000530c  __TI_Handler_Table_Base                    
00005318  __TI_Handler_Table_Limit                   
0000486d  __TI_auto_init                             
20000184  __TI_cleanup_ptr                           
000048dd  __TI_decompress_lzss                       
00004cd9  __TI_decompress_none                       
20000188  __TI_dtors_ptr                             
2000018c  __TI_enable_exit_profile_output            
ffffffff  __TI_pprof_out_hndl                        
00000929  __TI_printfi                               
ffffffff  __TI_prof_data_size                        
ffffffff  __TI_prof_data_start                       
00000000  __TI_static_base__                         
00004cf5  __TI_zero_init                             
000046e5  __aeabi_cdcmpeq                            
000046e5  __aeabi_cdcmple                            
0000476b  __aeabi_cdrcmple                           
00004b9d  __aeabi_d2iz                               
00003dc7  __aeabi_dadd                               
00003f73  __aeabi_ddiv                               
000042f5  __aeabi_dmul                               
00003dbd  __aeabi_dsub                               
00004c23  __aeabi_i2d                                
000047f1  __aeabi_memclr                             
000047f1  __aeabi_memclr4                            
000047f1  __aeabi_memclr8                            
00004649  __aeabi_memcpy                             
00004649  __aeabi_memcpy4                            
00004649  __aeabi_memcpy8                            
000047f3  __aeabi_memset                             
000047f3  __aeabi_memset4                            
000047f3  __aeabi_memset8                            
00003a03  __aeabi_uldivmod                           
ffffffff  __binit__                                  
ffffffff  __c_args__                                 
00001223  __mpu_init                                 
2000fe00  __stack                                    
00004c6d  _args_main                                 
00004a09  _c_int00                                   
00004ffc  _ctypes_                                   
20000190  _lock                                      
00004cab  _nop                                       
00004ca3  _register_lock                             
00004c9d  _register_unlock                           
00003bf7  _system_post_cinit                         
00004d01  _system_pre_init                           
20000194  _unlock                                    
00004a61  abort                                      
00004b05  atoi                                       
ffffffff  binit                                      
2000019c  bla                                        
00004209  configure_rtc                              
00004b51  copy_in                                    
00004cb1  copysign                                   
00004cb1  copysignl                                  
2000014c  day                                        
2000014d  day_of_week                                
000045e3  display_center                             
00004611  display_horizontal_Line                    
200001a0  errno                                      
00004a69  exit                                       
00004945  frexp                                      
00004945  frexpl                                     
20000000  g_pfnRAMVectors                            
200000e4  g_sContext                                 
00005218  g_sCrystalfontz128x128                     
00005100  g_sFontFixed6x8                            
2000014e  hour                                       
00000000  interruptVectors                           
000043f1  ldexp                                      
000043f1  ldexpl                                     
00004ab1  ltoa                                       
00003bf9  main                                       
200001a4  main_func_sp                               
00004c51  memccpy                                    
00004649  memcpy                                     
000047f9  memset                                     
2000014f  minute                                     
20000100  minutes_string                             
20000150  month                                      
20000198  reset_seconds                              
000043f1  scalbn                                     
000043f1  scalbnl                                    
2000013c  second                                     
20000114  seconds_string                             
000049a9  sprintf                                    
00004c85  strchr                                     
00004cc5  strlen                                     
20000128  test_string                                
20000199  update_time                                
20000146  year                                       


GLOBAL SYMBOLS: SORTED BY Symbol Address 

address   name                                       
-------   ----                                       
00000000  __TI_static_base__                         
00000000  interruptVectors                           
00000200  __STACK_SIZE                               
00000929  __TI_printfi                               
00001223  __mpu_init                                 
00001255  SPI_initMaster                             
0000131b  SPI_selectFourPinFunctionality             
00001341  SPI_changeMasterClock                      
00001369  SPI_initSlave                              
000013e7  SPI_changeClockPhasePolarity               
00001417  SPI_transmitData                           
0000143d  SPI_receiveData                            
00001459  SPI_enableModule                           
00001475  SPI_disableModule                          
00001491  SPI_getReceiveBufferAddressForDMA          
000014ad  SPI_getTransmitBufferAddressForDMA         
000014d9  SPI_isBusy                                 
000014f5  SPI_enableInterrupt                        
0000151b  SPI_disableInterrupt                       
00001541  SPI_getInterruptStatus                     
00001569  SPI_getEnabledInterruptStatus              
00001599  SPI_clearInterruptFlag                     
000015bf  SPI_registerInterrupt                      
0000167d  SPI_unregisterInterrupt                    
00001729  EUSCI_B_SPI_select4PinFunctionality        
00001749  EUSCI_B_SPI_masterChangeClock              
0000177b  EUSCI_B_SPI_slaveInit                      
000017c5  EUSCI_B_SPI_changeClockPhasePolarity       
00001807  EUSCI_B_SPI_transmitData                   
0000181d  EUSCI_B_SPI_receiveData                    
0000182d  EUSCI_B_SPI_enableInterrupt                
00001847  EUSCI_B_SPI_disableInterrupt               
00001861  EUSCI_B_SPI_getInterruptStatus             
00001879  EUSCI_B_SPI_clearInterruptFlag             
00001893  EUSCI_B_SPI_enable                         
000018a9  EUSCI_B_SPI_disable                        
000018bf  EUSCI_B_SPI_getReceiveBufferAddressForDMA  
000018cd  EUSCI_B_SPI_getTransmitBufferAddressForDMA 
000018db  EUSCI_B_SPI_isBusy                         
000018f3  EUSCI_A_SPI_select4PinFunctionality        
00001913  EUSCI_A_SPI_masterChangeClock              
00001949  EUSCI_A_SPI_slaveInit                      
00001993  EUSCI_A_SPI_changeClockPhasePolarity       
000019d5  EUSCI_A_SPI_transmitData                   
000019eb  EUSCI_A_SPI_receiveData                    
000019fb  EUSCI_A_SPI_enableInterrupt                
00001a15  EUSCI_A_SPI_disableInterrupt               
00001a2f  EUSCI_A_SPI_getInterruptStatus             
00001a47  EUSCI_A_SPI_clearInterruptFlag             
00001a61  EUSCI_A_SPI_enable                         
00001a77  EUSCI_A_SPI_disable                        
00001a8d  EUSCI_A_SPI_getReceiveBufferAddressForDMA  
00001a9b  EUSCI_A_SPI_getTransmitBufferAddressForDMA 
00001aa9  EUSCI_A_SPI_isBusy                         
00001ac9  Crystalfontz128x128_Init                   
00001bdd  Crystalfontz128x128_SetDrawFrame           
00001d0b  Crystalfontz128x128_SetOrientation         
00002181  Graphics_getStringWidth                    
0000227b  Graphics_drawString                        
000026f9  Graphics_getStringBaseline                 
00002709  Graphics_drawStringCentered                
00002751  Graphics_getStringHeight                   
00002761  Graphics_getStringMaxWidth                 
00002771  Graphics_drawLineH                         
0000280d  Graphics_drawLineV                         
00002a8d  Graphics_drawLine                          
00002c01  GPIO_setAsOutputPin                        
00002c3b  GPIO_setAsInputPin                         
00002c81  GPIO_setAsPeripheralModuleFunctionOutputPin
00002d05  GPIO_setAsPeripheralModuleFunctionInputPin 
00002d89  GPIO_setOutputHighOnPin                    
00002dab  GPIO_setOutputLowOnPin                     
00002dcd  GPIO_toggleOutputOnPin                     
00002def  GPIO_setAsInputPinWithPullDownResistor     
00002e41  GPIO_setAsInputPinWithPullUpResistor       
00002e93  GPIO_getInputPinValue                      
00002ec1  GPIO_enableInterrupt                       
00002ee3  GPIO_disableInterrupt                      
00002f05  GPIO_getInterruptStatus                    
00002f23  GPIO_clearInterruptFlag                    
00002f45  GPIO_interruptEdgeSelect                   
00002f7b  GPIO_getEnabledInterruptStatus             
00002ff7  GPIO_setDriveStrengthHigh                  
00003019  GPIO_setDriveStrengthLow                   
0000303b  GPIO_registerInterrupt                     
0000305b  GPIO_unregisterInterrupt                   
00003083  Interrupt_enableMaster                     
00003093  Interrupt_disableMaster                    
000030a3  Interrupt_registerInterrupt                
000030f5  Interrupt_unregisterInterrupt              
00003109  Interrupt_setPriorityGrouping              
00003123  Interrupt_getPriorityGrouping              
0000315b  Interrupt_setPriority                      
000031ab  Interrupt_getPriority                      
000031d1  Interrupt_enableInterrupt                  
00003243  Interrupt_disableInterrupt                 
000032b5  Interrupt_isEnabled                        
00003341  Interrupt_pendInterrupt                    
000033b1  Interrupt_unpendInterrupt                  
000033ff  Interrupt_setPriorityMask                  
0000340f  Interrupt_getPriorityMask                  
00003419  Interrupt_setVectorTableAddress            
00003429  Interrupt_getVectorTableAddress            
0000342f  Interrupt_enableSleepOnIsrExit             
00003441  Interrupt_disableSleepOnIsrExit            
00003471  SystemCoreClockUpdate                      
000036e5  SystemInit                                 
0000379d  Graphics_initContext                       
000037e7  Graphics_setClipRegion                     
000038b1  Graphics_setBackgroundColor                
000038cb  Graphics_setBackgroundColorTranslated      
000038e1  Graphics_setFont                           
000038fb  Graphics_getFontBaseline                   
00003909  Graphics_setForegroundColor                
0000391f  Graphics_setForegroundColorTranslated      
00003931  Graphics_getFontHeight                     
0000393f  Graphics_getFontMaxWidth                   
0000394d  Graphics_getDisplayWidth                   
0000395d  Graphics_getDisplayHeight                  
0000396d  Graphics_getHeightOfDisplay                
0000397b  Graphics_flushBuffer                       
00003989  Graphics_clearDisplay                      
0000399b  Graphics_drawPixel                         
000039f5  Graphics_getWidthOfDisplay                 
00003a03  __aeabi_uldivmod                           
00003bf7  _system_post_cinit                         
00003bf9  main                                       
00003dbd  __aeabi_dsub                               
00003dc7  __aeabi_dadd                               
00003f73  __aeabi_ddiv                               
000040a9  Graphics_drawPixelOnDisplay                
000040d3  Graphics_drawMultiplePixelsOnDisplay       
00004117  Graphics_drawHorizontalLineOnDisplay       
0000414b  Graphics_drawVerticalLineOnDisplay         
0000417f  Graphics_fillRectangleOnDisplay            
0000419d  Graphics_translateColorOnDisplay           
000041b3  Graphics_flushOnDisplay                    
000041c5  Graphics_clearDisplayOnDisplay             
00004209  configure_rtc                              
00004253  RTC_C_IRQHandler                           
00004253  RTC_C_IRQHandler                           
000042f5  __aeabi_dmul                               
000043f1  ldexp                                      
000043f1  ldexpl                                     
000043f1  scalbn                                     
000043f1  scalbnl                                    
000044ed  HAL_LCD_PortInit                           
0000451d  HAL_LCD_SpiInit                            
00004553  HAL_LCD_writeCommand                       
0000457b  HAL_LCD_writeData                          
000045a9  LCD                                        
000045e3  display_center                             
00004611  display_horizontal_Line                    
00004649  __aeabi_memcpy                             
00004649  __aeabi_memcpy4                            
00004649  __aeabi_memcpy8                            
00004649  memcpy                                     
000046e5  __aeabi_cdcmpeq                            
000046e5  __aeabi_cdcmple                            
0000476b  __aeabi_cdrcmple                           
000047f1  __aeabi_memclr                             
000047f1  __aeabi_memclr4                            
000047f1  __aeabi_memclr8                            
000047f3  __aeabi_memset                             
000047f3  __aeabi_memset4                            
000047f3  __aeabi_memset8                            
000047f9  memset                                     
0000486d  __TI_auto_init                             
000048dd  __TI_decompress_lzss                       
00004945  frexp                                      
00004945  frexpl                                     
000049a9  sprintf                                    
00004a09  _c_int00                                   
00004a5d  C$$EXIT                                    
00004a61  abort                                      
00004a69  exit                                       
00004ab1  ltoa                                       
00004b05  atoi                                       
00004b51  copy_in                                    
00004b9d  __aeabi_d2iz                               
00004be5  CPU_cpsid                                  
00004bf1  CPU_primask                                
00004bfb  CPU_cpsie                                  
00004c07  CPU_wfi                                    
00004c0b  CPU_basepriSet                             
00004c19  CPU_basepriGet                             
00004c23  __aeabi_i2d                                
00004c51  memccpy                                    
00004c6d  _args_main                                 
00004c85  strchr                                     
00004c9d  _register_unlock                           
00004ca3  _register_lock                             
00004cab  _nop                                       
00004cb1  copysign                                   
00004cb1  copysignl                                  
00004cc5  strlen                                     
00004cd9  __TI_decompress_none                       
00004ce7  Reset_Handler                              
00004cf3  ADC14_IRQHandler                           
00004cf3  AES256_IRQHandler                          
00004cf3  BusFault_Handler                           
00004cf3  COMP_E0_IRQHandler                         
00004cf3  COMP_E1_IRQHandler                         
00004cf3  CS_IRQHandler                              
00004cf3  DMA_ERR_IRQHandler                         
00004cf3  DMA_INT0_IRQHandler                        
00004cf3  DMA_INT1_IRQHandler                        
00004cf3  DMA_INT2_IRQHandler                        
00004cf3  DMA_INT3_IRQHandler                        
00004cf3  DebugMon_Handler                           
00004cf3  Default_Handler                            
00004cf3  EUSCIA0_IRQHandler                         
00004cf3  EUSCIA1_IRQHandler                         
00004cf3  EUSCIA2_IRQHandler                         
00004cf3  EUSCIA3_IRQHandler                         
00004cf3  EUSCIB0_IRQHandler                         
00004cf3  EUSCIB1_IRQHandler                         
00004cf3  EUSCIB2_IRQHandler                         
00004cf3  EUSCIB3_IRQHandler                         
00004cf3  FLCTL_IRQHandler                           
00004cf3  FPU_IRQHandler                             
00004cf3  HardFault_Handler                          
00004cf3  MemManage_Handler                          
00004cf3  NMI_Handler                                
00004cf3  PCM_IRQHandler                             
00004cf3  PORT1_IRQHandler                           
00004cf3  PORT2_IRQHandler                           
00004cf3  PORT3_IRQHandler                           
00004cf3  PORT4_IRQHandler                           
00004cf3  PORT5_IRQHandler                           
00004cf3  PORT6_IRQHandler                           
00004cf3  PSS_IRQHandler                             
00004cf3  PendSV_Handler                             
00004cf3  SVC_Handler                                
00004cf3  SysTick_Handler                            
00004cf3  T32_INT1_IRQHandler                        
00004cf3  T32_INT2_IRQHandler                        
00004cf3  T32_INTC_IRQHandler                        
00004cf3  TA0_0_IRQHandler                           
00004cf3  TA0_N_IRQHandler                           
00004cf3  TA1_0_IRQHandler                           
00004cf3  TA1_N_IRQHandler                           
00004cf3  TA2_0_IRQHandler                           
00004cf3  TA2_N_IRQHandler                           
00004cf3  TA3_0_IRQHandler                           
00004cf3  TA3_N_IRQHandler                           
00004cf3  UsageFault_Handler                         
00004cf3  WDT_A_IRQHandler                           
00004cf5  __TI_zero_init                             
00004d01  _system_pre_init                           
00004ffc  _ctypes_                                   
00005100  g_sFontFixed6x8                            
00005218  g_sCrystalfontz128x128                     
0000530c  __TI_Handler_Table_Base                    
00005318  __TI_Handler_Table_Limit                   
00005328  __TI_CINIT_Base                            
00005340  __TI_CINIT_Limit                           
20000000  g_pfnRAMVectors                            
200000e4  g_sContext                                 
20000100  minutes_string                             
20000114  seconds_string                             
20000128  test_string                                
2000013c  second                                     
20000140  Lcd_ScreenHeigth                           
20000142  Lcd_ScreenWidth                            
20000144  Lcd_TouchTrim                              
20000146  year                                       
20000148  Lcd_FlagRead                               
20000149  Lcd_FontSolid                              
2000014a  Lcd_Orientation                            
2000014b  Lcd_PenSolid                               
2000014c  day                                        
2000014d  day_of_week                                
2000014e  hour                                       
2000014f  minute                                     
20000150  month                                      
20000184  __TI_cleanup_ptr                           
20000188  __TI_dtors_ptr                             
2000018c  __TI_enable_exit_profile_output            
20000190  _lock                                      
20000194  _unlock                                    
20000198  reset_seconds                              
20000199  update_time                                
2000019c  bla                                        
200001a0  errno                                      
200001a4  main_func_sp                               
200001a8  SystemCoreClock                            
2000fe00  __stack                                    
20010000  __STACK_END                                
4000480c  WDTCTL_SYM                                 
ffffffff  __TI_pprof_out_hndl                        
ffffffff  __TI_prof_data_size                        
ffffffff  __TI_prof_data_start                       
ffffffff  __binit__                                  
ffffffff  __c_args__                                 
ffffffff  binit                                      
UNDEFED   SHT$$INIT_ARRAY$$Base                      
UNDEFED   SHT$$INIT_ARRAY$$Limit                     

[298 symbols]
