******************************************************************************
                  TI ARM Linker PC v16.9.4                     
******************************************************************************
>> Linked Sun Dec 10 18:13:51 2017

OUTPUT FILE NAME:   <basic_display_v2.out>
ENTRY POINT SYMBOL: "_c_int00"  address: 00006189


MEMORY CONFIGURATION

         name            origin    length      used     unused   attr    fill
----------------------  --------  ---------  --------  --------  ----  --------
  MAIN                  00000000   00040000  000093c8  00036c38  R  X
  INFO                  00200000   00004000  00000000  00004000  R  X
  SRAM_CODE             01000000   00010000  0000045f  0000fba1  RW X
  SRAM_DATA             20000000   00010000  0000045f  0000fba1  RW  


SEGMENT ALLOCATION MAP

run origin  load origin   length   init length attrs members
----------  ----------- ---------- ----------- ----- -------
00000000    00000000    000093d0   000093d0    r-x
  00000000    00000000    000000e4   000000e4    r-- .intvecs
  000000e4    000000e4    000063d8   000063d8    r-x .text
  000064c0    000064c0    00002e8c   00002e8c    r-- .const
  00009350    00009350    00000080   00000080    r-- .cinit
20000000    20000000    00000261   00000000    rw-
  20000000    20000000    000000e4   00000000    rw- .vtable
  200000e4    200000e4    0000010a   00000000    rw- .bss
  200001f0    200001f0    00000071   00000000    rw- .data
2000fe00    2000fe00    00000200   00000000    rw-
  2000fe00    2000fe00    00000200   00000000    rw- .stack


SECTION ALLOCATION MAP

 output                                  attributes/
section   page    origin      length       input sections
--------  ----  ----------  ----------   ----------------
.intvecs   0    00000000    000000e4     
                  00000000    000000e4     startup_msp432p401r_ccs.obj (.intvecs:retain)

.binit     0    00000000    00000000     

.text      0    000000e4    000063d8     
                  000000e4    0000113e     rtsv7M4_T_le_v4SPD16_eabi.lib : _printfi.obj (.text)
                  00001222    00000002                                   : mpu_init.obj (.text)
                  00001224    000009ac                                   : e_pow.obj (.text)
                  00001bd0    000008a4     spi.obj (.text)
                  00002474    00000698     tmp006.obj (.text)
                  00002b0c    00000678     Crystalfontz128x128_ST7735.obj (.text)
                  00003184    00000630     string.obj (.text)
                  000037b4    00000490     line.obj (.text)
                  00003c44    00000480     gpio.obj (.text)
                  000040c4    000003f0     interrupt.obj (.text)
                  000044b4    0000032c     system_msp432p401r.obj (.text)
                  000047e0    0000032c     watch_face_themes.obj (.text)
                  00004b0c    00000266     context.obj (.text)
                  00004d72    000001f4     rtsv7M4_T_le_v4SPD16_eabi.lib : ull_div_t2.obj (.text)
                  00004f66    00000002                                   : startup.obj (.text)
                  00004f68    000001c4     kk_gpio.obj (.text)
                  0000512c    000001b6     rtsv7M4_T_le_v4SPD16_eabi.lib : fd_add_t2.obj (.text)
                  000052e2    00000002     --HOLE-- [fill = 0]
                  000052e4    00000170                                   : e_sqrt.obj (.text)
                  00005454    00000144     adc_driver.obj (.text)
                  00005598    00000138     ConfigureRTC.obj (.text)
                  000056d0    00000136     rtsv7M4_T_le_v4SPD16_eabi.lib : fd_div_t2.obj (.text)
                  00005806    00000134     display.obj (.text)
                  0000593a    000000fc     rtsv7M4_T_le_v4SPD16_eabi.lib : fd_mul_t2.obj (.text)
                  00005a36    00000002     --HOLE-- [fill = 0]
                  00005a38    000000fc                                   : s_scalbn.obj (.text)
                  00005b34    000000c8     main.obj (.text)
                  00005bfc    000000bc     HAL_MSP_EXP432P401R_Crystalfontz128x128_ST7735.obj (.text)
                  00005cb8    000000a0     Lcd.obj (.text)
                  00005d58    0000009c     rtsv7M4_T_le_v4SPD16_eabi.lib : memcpy_t2.obj (.text)
                  00005df4    00000086                                   : fd_cmp_t2.obj (.text:__aeabi_cdcmple)
                  00005e7a    00000086                                   : fd_cmp_t2.obj (.text:__aeabi_cdrcmple)
                  00005f00    0000007a                                   : memset_t2.obj (.text)
                  00005f7a    00000002     --HOLE-- [fill = 0]
                  00005f7c    00000070                                   : autoinit.obj (.text)
                  00005fec    0000006e                                   : fd_tos_t2.obj (.text)
                  0000605a    00000068                                   : copy_decompress_lzss.obj (.text:decompress:lzss)
                  000060c2    00000002     --HOLE-- [fill = 0]
                  000060c4    00000064                                   : s_frexp.obj (.text)
                  00006128    00000060                                   : sprintf.obj (.text)
                  00006188    00000054                                   : boot.obj (.text)
                  000061dc    00000054                                   : exit.obj (.text)
                  00006230    00000054                                   : ltoa.obj (.text)
                  00006284    0000004c                                   : atoi.obj (.text)
                  000062d0    0000004c                                   : cpy_tbl.obj (.text)
                  0000631c    00000048                                   : fd_toi_t2.obj (.text)
                  00006364    0000003e     cpu.obj (.text)
                  000063a2    00000038     rtsv7M4_T_le_v4SPD16_eabi.lib : fs_tod_t2.obj (.text)
                  000063da    0000002e                                   : i_tofd_t2.obj (.text)
                  00006408    0000001c                                   : memccpy.obj (.text)
                  00006424    00000018                                   : args_main.obj (.text)
                  0000643c    00000016                                   : strchr.obj (.text)
                  00006452    00000002     --HOLE-- [fill = 0]
                  00006454    00000014                                   : _lock.obj (.text)
                  00006468    00000014                                   : s_copysign.obj (.text)
                  0000647c    00000014                                   : strlen.obj (.text)
                  00006490    0000000e                                   : copy_decompress_none.obj (.text:decompress:none)
                  0000649e    0000000e     startup_msp432p401r_ccs.obj (.text)
                  000064ac    0000000c     rtsv7M4_T_le_v4SPD16_eabi.lib : copy_zero_init.obj (.text:decompress:ZI)
                  000064b8    00000004                                   : pre_init.obj (.text)

.const     0    000064c0    00002e8c     
                  000064c0    000018df     fontcm48.obj (.const:.string:g_pucCm48Data)
                  00007d9f    000008ba     fontcm18i.obj (.const:.string:g_pucCm18iData)
                  00008659    0000086e     fontcm18.obj (.const:.string:g_pucCm18Data)
                  00008ec7    00000101     rtsv7M4_T_le_v4SPD16_eabi.lib : ctype.obj (.const:.string:_ctypes_)
                  00008fc8    000000c8     fontcm18.obj (.const:g_sFontCm18)
                  00009090    000000c8     fontcm18i.obj (.const:g_sFontCm18i)
                  00009158    000000c8     fontcm48.obj (.const:g_sFontCm48)
                  00009220    00000050     interrupt.obj (.const:g_pulRegs)
                  00009270    00000030     rtsv7M4_T_le_v4SPD16_eabi.lib : e_pow.obj (.const:$O1$$)
                  000092a0    0000002c     Crystalfontz128x128_ST7735.obj (.const:g_sCrystalfontz128x128)
                  000092cc    00000020     interrupt.obj (.const:g_pulPriority)
                  000092ec    0000001c     HAL_MSP_EXP432P401R_Crystalfontz128x128_ST7735.obj (.const:$P$T0$1)
                  00009308    0000001c     gpio.obj (.const:GPIO_PORT_TO_INT)
                  00009324    00000008     Crystalfontz128x128_ST7735.obj (.const:$P$T0$1)
                  0000932c    00000008     interrupt.obj (.const:g_pulDisRegs)
                  00009334    00000008     interrupt.obj (.const:g_pulEnRegs)
                  0000933c    00000008     interrupt.obj (.const:g_pulPendRegs)
                  00009344    00000008     interrupt.obj (.const:g_pulUnpendRegs)

.cinit     0    00009350    00000080     
                  00009350    00000046     (.cinit..data.load) [load image, compression = lzss]
                  00009396    00000002     --HOLE-- [fill = 0]
                  00009398    0000000c     (__TI_handler_table)
                  000093a4    00000004     --HOLE-- [fill = 0]
                  000093a8    00000008     (.cinit..bss.load) [load image, compression = zero_init]
                  000093b0    00000008     (.cinit..vtable.load) [load image, compression = zero_init]
                  000093b8    00000018     (__TI_cinit_table)

.init_array 
*          0    00000000    00000000     UNINITIALIZED

.vtable    0    20000000    000000e4     UNINITIALIZED
                  20000000    000000e4     interrupt.obj (.vtable)

.bss       0    200000e4    0000010a     UNINITIALIZED
                  200000e4    0000001c     (.common:g_sContext)
                  20000100    00000014     (.common:days_string_number)
                  20000114    00000014     (.common:hours_string)
                  20000128    00000014     (.common:minutes_string)
                  2000013c    00000014     (.common:months_string)
                  20000150    00000014     (.common:seconds_string)
                  20000164    00000014     (.common:temp_array)
                  20000178    00000014     (.common:temperature_C_string)
                  2000018c    00000014     (.common:temperature_F_string)
                  200001a0    00000014     (.common:temperature_K_string)
                  200001b4    00000014     (.common:years_string)
                  200001c8    00000004     (.common:Temperature_C)
                  200001cc    00000004     (.common:Temperature_F)
                  200001d0    00000004     (.common:Temperature_K)
                  200001d4    00000004     (.common:second)
                  200001d8    00000004     (.common:temp)
                  200001dc    00000002     (.common:Lcd_ScreenHeigth)
                  200001de    00000002     (.common:Lcd_ScreenWidth)
                  200001e0    00000002     (.common:Lcd_TouchTrim)
                  200001e2    00000002     (.common:year)
                  200001e4    00000001     (.common:AM)
                  200001e5    00000001     (.common:Lcd_FlagRead)
                  200001e6    00000001     (.common:Lcd_FontSolid)
                  200001e7    00000001     (.common:Lcd_Orientation)
                  200001e8    00000001     (.common:Lcd_PenSolid)
                  200001e9    00000001     (.common:day)
                  200001ea    00000001     (.common:day_of_week)
                  200001eb    00000001     (.common:hour)
                  200001ec    00000001     (.common:minute)
                  200001ed    00000001     (.common:month)

.data      0    200001f0    00000071     UNINITIALIZED
                  200001f0    00000030     gpio.obj (.data:GPIO_PORT_TO_BASE)
                  20000220    00000020     main.obj (.data)
                  20000240    0000000c     rtsv7M4_T_le_v4SPD16_eabi.lib : exit.obj (.data:$O1$$)
                  2000024c    00000008                                   : _lock.obj (.data:$O1$$)
                  20000254    00000004                                   : errno.obj (.data)
                  20000258    00000004                                   : stkdepth_vars.obj (.data)
                  2000025c    00000004     system_msp432p401r.obj (.data)
                  20000260    00000001     tmp006.obj (.data)

.stack     0    2000fe00    00000200     UNINITIALIZED
                  2000fe00    00000200     --HOLE--

MODULE SUMMARY

       Module                                               code    ro data   rw data
       ------                                               ----    -------   -------
    .\
       fontcm48.obj                                         0       6567      0      
       fontcm18i.obj                                        0       2434      0      
       fontcm18.obj                                         0       2358      0      
       spi.obj                                              2212    0         0      
       tmp006.obj                                           1688    0         42     
       Crystalfontz128x128_ST7735.obj                       1656    52        20     
       interrupt.obj                                        1008    144       456    
       string.obj                                           1584    0         0      
       gpio.obj                                             1152    28        96     
       line.obj                                             1168    0         0      
       system_msp432p401r.obj                               812     0         8      
       watch_face_themes.obj                                812     0         0      
       main.obj                                             200     0         480    
       context.obj                                          614     0         0      
       kk_gpio.obj                                          452     0         0      
       adc_driver.obj                                       324     0         0      
       ConfigureRTC.obj                                     312     0         0      
       display.obj                                          308     0         0      
       startup_msp432p401r_ccs.obj                          14      228       0      
       HAL_MSP_EXP432P401R_Crystalfontz128x128_ST7735.obj   188     28        0      
       Lcd.obj                                              160     0         56     
       cpu.obj                                              62      0         0      
    +--+----------------------------------------------------+-------+---------+---------+
       Total:                                               14726   11839     1158   
                                                                                     
    C:\Users\kwat1\Documents\ccsv7\tools\compiler\ti-cgt-arm_16.9.4.LTS\lib\rtsv7M4_T_le_v4SPD16_eabi.lib
       _printfi.obj                                         4414    0         0      
       e_pow.obj                                            2476    48        0      
       ull_div_t2.obj                                       500     0         0      
       fd_add_t2.obj                                        438     0         0      
       e_sqrt.obj                                           368     0         0      
       fd_div_t2.obj                                        310     0         0      
       fd_cmp_t2.obj                                        268     0         0      
       ctype.obj                                            0       257       0      
       fd_mul_t2.obj                                        252     0         0      
       s_scalbn.obj                                         252     0         0      
       memcpy_t2.obj                                        156     0         0      
       memset_t2.obj                                        122     0         0      
       autoinit.obj                                         112     0         0      
       fd_tos_t2.obj                                        110     0         0      
       exit.obj                                             84      0         24     
       copy_decompress_lzss.obj                             104     0         0      
       s_frexp.obj                                          100     0         0      
       sprintf.obj                                          96      0         0      
       boot.obj                                             84      0         0      
       ltoa.obj                                             84      0         0      
       atoi.obj                                             76      0         0      
       cpy_tbl.obj                                          76      0         0      
       fd_toi_t2.obj                                        72      0         0      
       fs_tod_t2.obj                                        56      0         0      
       i_tofd_t2.obj                                        46      0         0      
       _lock.obj                                            20      0         16     
       memccpy.obj                                          28      0         0      
       args_main.obj                                        24      0         0      
       strchr.obj                                           22      0         0      
       s_copysign.obj                                       20      0         0      
       strlen.obj                                           20      0         0      
       copy_decompress_none.obj                             14      0         0      
       copy_zero_init.obj                                   12      0         0      
       errno.obj                                            0       0         8      
       stkdepth_vars.obj                                    0       0         8      
       pre_init.obj                                         4       0         0      
       mpu_init.obj                                         2       0         0      
       startup.obj                                          2       0         0      
    +--+----------------------------------------------------+-------+---------+---------+
       Total:                                               10824   305       56     
                                                                                     
       Stack:                                               0       0         1024   
       Linker Generated:                                    0       122       0      
    +--+----------------------------------------------------+-------+---------+---------+
       Grand Total:                                         25550   12266     2238   


LINKER GENERATED COPY TABLES

__TI_cinit_table @ 000093b8 records: 3, size/record: 8, table size: 24
	.data: load addr=00009350, load size=00000046 bytes, run addr=200001f0, run size=00000071 bytes, compression=lzss
	.bss: load addr=000093a8, load size=00000008 bytes, run addr=200000e4, run size=0000010a bytes, compression=zero_init
	.vtable: load addr=000093b0, load size=00000008 bytes, run addr=20000000, run size=000000e4 bytes, compression=zero_init


LINKER GENERATED HANDLER TABLE

__TI_handler_table @ 00009398 records: 3, size/record: 4, table size: 12
	index: 0, handler: __TI_zero_init
	index: 1, handler: __TI_decompress_lzss
	index: 2, handler: __TI_decompress_none


GLOBAL SYMBOLS: SORTED ALPHABETICALLY BY Name 

address   name                                       
-------   ----                                       
0000551d  ADC14_IRQHandler                           
0000551d  ADC14_IRQHandler                           
00005481  ADC_CONFIG_Accelerometer                   
000064ab  AES256_IRQHandler                          
200001e4  AM                                         
000064ab  BusFault_Handler                           
000061dd  C$$EXIT                                    
000064ab  COMP_E0_IRQHandler                         
000064ab  COMP_E1_IRQHandler                         
00006399  CPU_basepriGet                             
0000638b  CPU_basepriSet                             
00006365  CPU_cpsid                                  
0000637b  CPU_cpsie                                  
00006371  CPU_primask                                
00006387  CPU_wfi                                    
000064ab  CS_IRQHandler                              
00002b0d  Crystalfontz128x128_Init                   
00002c21  Crystalfontz128x128_SetDrawFrame           
00002d4f  Crystalfontz128x128_SetOrientation         
000064ab  DMA_ERR_IRQHandler                         
000064ab  DMA_INT0_IRQHandler                        
000064ab  DMA_INT1_IRQHandler                        
000064ab  DMA_INT2_IRQHandler                        
000064ab  DMA_INT3_IRQHandler                        
000064ab  DebugMon_Handler                           
000064ab  Default_Handler                            
000064ab  EUSCIA0_IRQHandler                         
000064ab  EUSCIA1_IRQHandler                         
000064ab  EUSCIA2_IRQHandler                         
000064ab  EUSCIA3_IRQHandler                         
000064ab  EUSCIB0_IRQHandler                         
000064ab  EUSCIB1_IRQHandler                         
000064ab  EUSCIB2_IRQHandler                         
000064ab  EUSCIB3_IRQHandler                         
0000233f  EUSCI_A_SPI_changeClockPhasePolarity       
000023f3  EUSCI_A_SPI_clearInterruptFlag             
00002423  EUSCI_A_SPI_disable                        
000023c1  EUSCI_A_SPI_disableInterrupt               
0000240d  EUSCI_A_SPI_enable                         
000023a7  EUSCI_A_SPI_enableInterrupt                
000023db  EUSCI_A_SPI_getInterruptStatus             
00002439  EUSCI_A_SPI_getReceiveBufferAddressForDMA  
00002447  EUSCI_A_SPI_getTransmitBufferAddressForDMA 
00002455  EUSCI_A_SPI_isBusy                         
000022bf  EUSCI_A_SPI_masterChangeClock              
00002397  EUSCI_A_SPI_receiveData                    
0000229f  EUSCI_A_SPI_select4PinFunctionality        
000022f5  EUSCI_A_SPI_slaveInit                      
00002381  EUSCI_A_SPI_transmitData                   
00002171  EUSCI_B_SPI_changeClockPhasePolarity       
00002225  EUSCI_B_SPI_clearInterruptFlag             
00002255  EUSCI_B_SPI_disable                        
000021f3  EUSCI_B_SPI_disableInterrupt               
0000223f  EUSCI_B_SPI_enable                         
000021d9  EUSCI_B_SPI_enableInterrupt                
0000220d  EUSCI_B_SPI_getInterruptStatus             
0000226b  EUSCI_B_SPI_getReceiveBufferAddressForDMA  
00002279  EUSCI_B_SPI_getTransmitBufferAddressForDMA 
00002287  EUSCI_B_SPI_isBusy                         
000020f5  EUSCI_B_SPI_masterChangeClock              
000021c9  EUSCI_B_SPI_receiveData                    
000020d5  EUSCI_B_SPI_select4PinFunctionality        
00002127  EUSCI_B_SPI_slaveInit                      
000021b3  EUSCI_B_SPI_transmitData                   
000064ab  FLCTL_IRQHandler                           
000064ab  FPU_IRQHandler                             
00003f67  GPIO_clearInterruptFlag                    
00002475  GPIO_configure_TMP006                      
00003f27  GPIO_disableInterrupt                      
00003f05  GPIO_enableInterrupt                       
00003fbf  GPIO_getEnabledInterruptStatus             
00003ed7  GPIO_getInputPinValue                      
00003f49  GPIO_getInterruptStatus                    
00003f89  GPIO_interruptEdgeSelect                   
0000407f  GPIO_registerInterrupt                     
00003c7f  GPIO_setAsInputPin                         
00003e33  GPIO_setAsInputPinWithPullDownResistor     
00003e85  GPIO_setAsInputPinWithPullUpResistor       
00003c45  GPIO_setAsOutputPin                        
00003d49  GPIO_setAsPeripheralModuleFunctionInputPin 
00003cc5  GPIO_setAsPeripheralModuleFunctionOutputPin
0000403b  GPIO_setDriveStrengthHigh                  
0000405d  GPIO_setDriveStrengthLow                   
00003dcd  GPIO_setOutputHighOnPin                    
00003def  GPIO_setOutputLowOnPin                     
00003e11  GPIO_toggleOutputOnPin                     
0000409f  GPIO_unregisterInterrupt                   
00004cf9  Graphics_clearDisplay                      
00005923  Graphics_clearDisplayOnDisplay             
00005875  Graphics_drawHorizontalLineOnDisplay       
00003ad1  Graphics_drawLine                          
000037b5  Graphics_drawLineH                         
00003851  Graphics_drawLineV                         
00005831  Graphics_drawMultiplePixelsOnDisplay       
00004d0b  Graphics_drawPixel                         
00005807  Graphics_drawPixelOnDisplay                
000032bf  Graphics_drawString                        
0000374d  Graphics_drawStringCentered                
000058a9  Graphics_drawVerticalLineOnDisplay         
000058dd  Graphics_fillRectangleOnDisplay            
00004ceb  Graphics_flushBuffer                       
00005911  Graphics_flushOnDisplay                    
00004ccd  Graphics_getDisplayHeight                  
00004cbd  Graphics_getDisplayWidth                   
00004c6b  Graphics_getFontBaseline                   
00004ca1  Graphics_getFontHeight                     
00004caf  Graphics_getFontMaxWidth                   
00004cdd  Graphics_getHeightOfDisplay                
0000373d  Graphics_getStringBaseline                 
00003795  Graphics_getStringHeight                   
000037a5  Graphics_getStringMaxWidth                 
000031c5  Graphics_getStringWidth                    
00004d65  Graphics_getWidthOfDisplay                 
00004b0d  Graphics_initContext                       
00004c21  Graphics_setBackgroundColor                
00004c3b  Graphics_setBackgroundColorTranslated      
00004b57  Graphics_setClipRegion                     
00004c51  Graphics_setFont                           
00004c79  Graphics_setForegroundColor                
00004c8f  Graphics_setForegroundColorTranslated      
000058fb  Graphics_translateColorOnDisplay           
00005bfd  HAL_LCD_PortInit                           
00005c2d  HAL_LCD_SpiInit                            
00005c63  HAL_LCD_writeCommand                       
00005c8b  HAL_LCD_writeData                          
000064ab  HardFault_Handler                          
0000248b  I2C_configure_tmp006                       
00002515  I2C_read16                                 
00002625  I2C_setslave                               
000024ab  I2C_write16                                
00004287  Interrupt_disableInterrupt                 
000040d7  Interrupt_disableMaster                    
00004485  Interrupt_disableSleepOnIsrExit            
00004215  Interrupt_enableInterrupt                  
000040c7  Interrupt_enableMaster                     
00004473  Interrupt_enableSleepOnIsrExit             
000041ef  Interrupt_getPriority                      
00004167  Interrupt_getPriorityGrouping              
00004453  Interrupt_getPriorityMask                  
0000446d  Interrupt_getVectorTableAddress            
000042f9  Interrupt_isEnabled                        
00004385  Interrupt_pendInterrupt                    
000040e7  Interrupt_registerInterrupt                
0000419f  Interrupt_setPriority                      
0000414d  Interrupt_setPriorityGrouping              
00004443  Interrupt_setPriorityMask                  
0000445d  Interrupt_setVectorTableAddress            
000043f5  Interrupt_unpendInterrupt                  
00004139  Interrupt_unregisterInterrupt              
00005cb9  LCD                                        
200001e5  Lcd_FlagRead                               
200001e6  Lcd_FontSolid                              
200001e7  Lcd_Orientation                            
200001e8  Lcd_PenSolid                               
200001dc  Lcd_ScreenHeigth                           
200001de  Lcd_ScreenWidth                            
200001e0  Lcd_TouchTrim                              
00004f95  Left_Right_Button_Config                   
000064ab  MemManage_Handler                          
000064ab  NMI_Handler                                
000064ab  PCM_IRQHandler                             
00005069  PORT1_IRQHandler                           
00005069  PORT1_IRQHandler                           
000064ab  PORT2_IRQHandler                           
000064ab  PORT3_IRQHandler                           
000064ab  PORT4_IRQHandler                           
000064ab  PORT5_IRQHandler                           
000064ab  PORT6_IRQHandler                           
000064ab  PSS_IRQHandler                             
000064ab  PendSV_Handler                             
00005611  RTC_C_IRQHandler                           
00005611  RTC_C_IRQHandler                           
0000649f  Reset_Handler                              
20000238  S0                                         
UNDEFED   SHT$$INIT_ARRAY$$Base                      
UNDEFED   SHT$$INIT_ARRAY$$Limit                     
00001d93  SPI_changeClockPhasePolarity               
00001ced  SPI_changeMasterClock                      
00001f45  SPI_clearInterruptFlag                     
00001ec7  SPI_disableInterrupt                       
00001e21  SPI_disableModule                          
00001ea1  SPI_enableInterrupt                        
00001e05  SPI_enableModule                           
00001f15  SPI_getEnabledInterruptStatus              
00001eed  SPI_getInterruptStatus                     
00001e3d  SPI_getReceiveBufferAddressForDMA          
00001e59  SPI_getTransmitBufferAddressForDMA         
00001c01  SPI_initMaster                             
00001d15  SPI_initSlave                              
00001e85  SPI_isBusy                                 
00001de9  SPI_receiveData                            
00001f6b  SPI_registerInterrupt                      
00001cc7  SPI_selectFourPinFunctionality             
00001dc3  SPI_transmitData                           
00002029  SPI_unregisterInterrupt                    
000064ab  SVC_Handler                                
000064ab  SysTick_Handler                            
2000025c  SystemCoreClock                            
000044b5  SystemCoreClockUpdate                      
00004729  SystemInit                                 
000064ab  T32_INT1_IRQHandler                        
000064ab  T32_INT2_IRQHandler                        
000064ab  T32_INTC_IRQHandler                        
000064ab  TA0_0_IRQHandler                           
000064ab  TA0_N_IRQHandler                           
000064ab  TA1_0_IRQHandler                           
000064ab  TA1_N_IRQHandler                           
000064ab  TA2_0_IRQHandler                           
000064ab  TA2_N_IRQHandler                           
000064ab  TA3_0_IRQHandler                           
000064ab  TA3_N_IRQHandler                           
0000268d  TMP006_getTemp                             
000025df  TMP006_init                                
00002651  TMP006_readAmbientTemperature              
00002615  TMP006_readDeviceId                        
00002641  TMP006_readObjectVoltage                   
20000234  Tdie                                       
200001c8  Temperature_C                              
200001cc  Temperature_F                              
200001d0  Temperature_K                              
000064ab  UsageFault_Handler                         
20000230  Vobj                                       
4000480c  WDTCTL_SYM                                 
000064ab  WDT_A_IRQHandler                           
2000022a  X_ADC                                      
2000022c  Y_ADC                                      
2000022e  Z_ADC                                      
20010000  __STACK_END                                
00000200  __STACK_SIZE                               
000093b8  __TI_CINIT_Base                            
000093d0  __TI_CINIT_Limit                           
00009398  __TI_Handler_Table_Base                    
000093a4  __TI_Handler_Table_Limit                   
00005f7d  __TI_auto_init                             
20000240  __TI_cleanup_ptr                           
0000605b  __TI_decompress_lzss                       
00006491  __TI_decompress_none                       
20000244  __TI_dtors_ptr                             
20000248  __TI_enable_exit_profile_output            
ffffffff  __TI_pprof_out_hndl                        
00000929  __TI_printfi                               
ffffffff  __TI_prof_data_size                        
ffffffff  __TI_prof_data_start                       
00000000  __TI_static_base__                         
000064ad  __TI_zero_init                             
00005df5  __aeabi_cdcmpeq                            
00005df5  __aeabi_cdcmple                            
00005e7b  __aeabi_cdrcmple                           
00005fed  __aeabi_d2f                                
0000631d  __aeabi_d2iz                               
00005137  __aeabi_dadd                               
000056d1  __aeabi_ddiv                               
0000593b  __aeabi_dmul                               
0000512d  __aeabi_dsub                               
000063a3  __aeabi_f2d                                
000063db  __aeabi_i2d                                
00005f01  __aeabi_memclr                             
00005f01  __aeabi_memclr4                            
00005f01  __aeabi_memclr8                            
00005d59  __aeabi_memcpy                             
00005d59  __aeabi_memcpy4                            
00005d59  __aeabi_memcpy8                            
00005f03  __aeabi_memset                             
00005f03  __aeabi_memset4                            
00005f03  __aeabi_memset8                            
00004d73  __aeabi_uldivmod                           
ffffffff  __binit__                                  
ffffffff  __c_args__                                 
00001223  __mpu_init                                 
2000fe00  __stack                                    
00006425  _args_main                                 
00006189  _c_int00                                   
00008ec7  _ctypes_                                   
2000024c  _lock                                      
00006463  _nop                                       
0000645b  _register_lock                             
00006455  _register_unlock                           
00004f67  _system_post_cinit                         
000064b9  _system_pre_init                           
20000250  _unlock                                    
000061e1  abort                                      
00006285  atoi                                       
0000498b  basic_Temperature                          
000047e1  basic_watch                                
ffffffff  binit                                      
20000224  bla                                        
20000228  change_watch_face                          
0000503f  config_redLED                              
000055c5  configure_rtc                              
000062d1  copy_in                                    
00006469  copysign                                   
00006469  copysignl                                  
200001e9  day                                        
200001ea  day_of_week                                
20000100  days_string_number                         
00005ce1  display_center                             
00005d0f  display_horizontal_Line                    
20000254  errno                                      
000061e9  exit                                       
000060c5  frexp                                      
000060c5  frexpl                                     
20000000  g_pfnRAMVectors                            
200000e4  g_sContext                                 
000092a0  g_sCrystalfontz128x128                     
00008fc8  g_sFontCm18                                
00009090  g_sFontCm18i                               
00009158  g_sFontCm48                                
200001eb  hour                                       
20000114  hours_string                               
00000000  interruptVectors                           
0000492d  large_TIME                                 
00005a39  ldexp                                      
00005a39  ldexpl                                     
00006231  ltoa                                       
00005b35  main                                       
20000258  main_func_sp                               
00006409  memccpy                                    
00005d59  memcpy                                     
00005f09  memset                                     
200001ec  minute                                     
20000128  minutes_string                             
200001ed  month                                      
2000013c  months_string                              
00001225  pow                                        
00001225  powl                                       
20000220  reset_seconds                              
00005a39  scalbn                                     
00005a39  scalbnl                                    
200001d4  second                                     
20000150  seconds_string                             
00005d37  set_font                                   
00006129  sprintf                                    
000052e5  sqrt                                       
000052e5  sqrtl                                      
0000643d  strchr                                     
0000647d  strlen                                     
200001d8  temp                                       
20000164  temp_array                                 
000029cd  temp_array_fxn                             
20000260  temp_num                                   
20000178  temperature_C_string                       
2000018c  temperature_F_string                       
200001a0  temperature_K_string                       
20000221  update_time                                
20000229  which_face                                 
200001e2  year                                       
200001b4  years_string                               


GLOBAL SYMBOLS: SORTED BY Symbol Address 

address   name                                       
-------   ----                                       
00000000  __TI_static_base__                         
00000000  interruptVectors                           
00000200  __STACK_SIZE                               
00000929  __TI_printfi                               
00001223  __mpu_init                                 
00001225  pow                                        
00001225  powl                                       
00001c01  SPI_initMaster                             
00001cc7  SPI_selectFourPinFunctionality             
00001ced  SPI_changeMasterClock                      
00001d15  SPI_initSlave                              
00001d93  SPI_changeClockPhasePolarity               
00001dc3  SPI_transmitData                           
00001de9  SPI_receiveData                            
00001e05  SPI_enableModule                           
00001e21  SPI_disableModule                          
00001e3d  SPI_getReceiveBufferAddressForDMA          
00001e59  SPI_getTransmitBufferAddressForDMA         
00001e85  SPI_isBusy                                 
00001ea1  SPI_enableInterrupt                        
00001ec7  SPI_disableInterrupt                       
00001eed  SPI_getInterruptStatus                     
00001f15  SPI_getEnabledInterruptStatus              
00001f45  SPI_clearInterruptFlag                     
00001f6b  SPI_registerInterrupt                      
00002029  SPI_unregisterInterrupt                    
000020d5  EUSCI_B_SPI_select4PinFunctionality        
000020f5  EUSCI_B_SPI_masterChangeClock              
00002127  EUSCI_B_SPI_slaveInit                      
00002171  EUSCI_B_SPI_changeClockPhasePolarity       
000021b3  EUSCI_B_SPI_transmitData                   
000021c9  EUSCI_B_SPI_receiveData                    
000021d9  EUSCI_B_SPI_enableInterrupt                
000021f3  EUSCI_B_SPI_disableInterrupt               
0000220d  EUSCI_B_SPI_getInterruptStatus             
00002225  EUSCI_B_SPI_clearInterruptFlag             
0000223f  EUSCI_B_SPI_enable                         
00002255  EUSCI_B_SPI_disable                        
0000226b  EUSCI_B_SPI_getReceiveBufferAddressForDMA  
00002279  EUSCI_B_SPI_getTransmitBufferAddressForDMA 
00002287  EUSCI_B_SPI_isBusy                         
0000229f  EUSCI_A_SPI_select4PinFunctionality        
000022bf  EUSCI_A_SPI_masterChangeClock              
000022f5  EUSCI_A_SPI_slaveInit                      
0000233f  EUSCI_A_SPI_changeClockPhasePolarity       
00002381  EUSCI_A_SPI_transmitData                   
00002397  EUSCI_A_SPI_receiveData                    
000023a7  EUSCI_A_SPI_enableInterrupt                
000023c1  EUSCI_A_SPI_disableInterrupt               
000023db  EUSCI_A_SPI_getInterruptStatus             
000023f3  EUSCI_A_SPI_clearInterruptFlag             
0000240d  EUSCI_A_SPI_enable                         
00002423  EUSCI_A_SPI_disable                        
00002439  EUSCI_A_SPI_getReceiveBufferAddressForDMA  
00002447  EUSCI_A_SPI_getTransmitBufferAddressForDMA 
00002455  EUSCI_A_SPI_isBusy                         
00002475  GPIO_configure_TMP006                      
0000248b  I2C_configure_tmp006                       
000024ab  I2C_write16                                
00002515  I2C_read16                                 
000025df  TMP006_init                                
00002615  TMP006_readDeviceId                        
00002625  I2C_setslave                               
00002641  TMP006_readObjectVoltage                   
00002651  TMP006_readAmbientTemperature              
0000268d  TMP006_getTemp                             
000029cd  temp_array_fxn                             
00002b0d  Crystalfontz128x128_Init                   
00002c21  Crystalfontz128x128_SetDrawFrame           
00002d4f  Crystalfontz128x128_SetOrientation         
000031c5  Graphics_getStringWidth                    
000032bf  Graphics_drawString                        
0000373d  Graphics_getStringBaseline                 
0000374d  Graphics_drawStringCentered                
00003795  Graphics_getStringHeight                   
000037a5  Graphics_getStringMaxWidth                 
000037b5  Graphics_drawLineH                         
00003851  Graphics_drawLineV                         
00003ad1  Graphics_drawLine                          
00003c45  GPIO_setAsOutputPin                        
00003c7f  GPIO_setAsInputPin                         
00003cc5  GPIO_setAsPeripheralModuleFunctionOutputPin
00003d49  GPIO_setAsPeripheralModuleFunctionInputPin 
00003dcd  GPIO_setOutputHighOnPin                    
00003def  GPIO_setOutputLowOnPin                     
00003e11  GPIO_toggleOutputOnPin                     
00003e33  GPIO_setAsInputPinWithPullDownResistor     
00003e85  GPIO_setAsInputPinWithPullUpResistor       
00003ed7  GPIO_getInputPinValue                      
00003f05  GPIO_enableInterrupt                       
00003f27  GPIO_disableInterrupt                      
00003f49  GPIO_getInterruptStatus                    
00003f67  GPIO_clearInterruptFlag                    
00003f89  GPIO_interruptEdgeSelect                   
00003fbf  GPIO_getEnabledInterruptStatus             
0000403b  GPIO_setDriveStrengthHigh                  
0000405d  GPIO_setDriveStrengthLow                   
0000407f  GPIO_registerInterrupt                     
0000409f  GPIO_unregisterInterrupt                   
000040c7  Interrupt_enableMaster                     
000040d7  Interrupt_disableMaster                    
000040e7  Interrupt_registerInterrupt                
00004139  Interrupt_unregisterInterrupt              
0000414d  Interrupt_setPriorityGrouping              
00004167  Interrupt_getPriorityGrouping              
0000419f  Interrupt_setPriority                      
000041ef  Interrupt_getPriority                      
00004215  Interrupt_enableInterrupt                  
00004287  Interrupt_disableInterrupt                 
000042f9  Interrupt_isEnabled                        
00004385  Interrupt_pendInterrupt                    
000043f5  Interrupt_unpendInterrupt                  
00004443  Interrupt_setPriorityMask                  
00004453  Interrupt_getPriorityMask                  
0000445d  Interrupt_setVectorTableAddress            
0000446d  Interrupt_getVectorTableAddress            
00004473  Interrupt_enableSleepOnIsrExit             
00004485  Interrupt_disableSleepOnIsrExit            
000044b5  SystemCoreClockUpdate                      
00004729  SystemInit                                 
000047e1  basic_watch                                
0000492d  large_TIME                                 
0000498b  basic_Temperature                          
00004b0d  Graphics_initContext                       
00004b57  Graphics_setClipRegion                     
00004c21  Graphics_setBackgroundColor                
00004c3b  Graphics_setBackgroundColorTranslated      
00004c51  Graphics_setFont                           
00004c6b  Graphics_getFontBaseline                   
00004c79  Graphics_setForegroundColor                
00004c8f  Graphics_setForegroundColorTranslated      
00004ca1  Graphics_getFontHeight                     
00004caf  Graphics_getFontMaxWidth                   
00004cbd  Graphics_getDisplayWidth                   
00004ccd  Graphics_getDisplayHeight                  
00004cdd  Graphics_getHeightOfDisplay                
00004ceb  Graphics_flushBuffer                       
00004cf9  Graphics_clearDisplay                      
00004d0b  Graphics_drawPixel                         
00004d65  Graphics_getWidthOfDisplay                 
00004d73  __aeabi_uldivmod                           
00004f67  _system_post_cinit                         
00004f95  Left_Right_Button_Config                   
0000503f  config_redLED                              
00005069  PORT1_IRQHandler                           
00005069  PORT1_IRQHandler                           
0000512d  __aeabi_dsub                               
00005137  __aeabi_dadd                               
000052e5  sqrt                                       
000052e5  sqrtl                                      
00005481  ADC_CONFIG_Accelerometer                   
0000551d  ADC14_IRQHandler                           
0000551d  ADC14_IRQHandler                           
000055c5  configure_rtc                              
00005611  RTC_C_IRQHandler                           
00005611  RTC_C_IRQHandler                           
000056d1  __aeabi_ddiv                               
00005807  Graphics_drawPixelOnDisplay                
00005831  Graphics_drawMultiplePixelsOnDisplay       
00005875  Graphics_drawHorizontalLineOnDisplay       
000058a9  Graphics_drawVerticalLineOnDisplay         
000058dd  Graphics_fillRectangleOnDisplay            
000058fb  Graphics_translateColorOnDisplay           
00005911  Graphics_flushOnDisplay                    
00005923  Graphics_clearDisplayOnDisplay             
0000593b  __aeabi_dmul                               
00005a39  ldexp                                      
00005a39  ldexpl                                     
00005a39  scalbn                                     
00005a39  scalbnl                                    
00005b35  main                                       
00005bfd  HAL_LCD_PortInit                           
00005c2d  HAL_LCD_SpiInit                            
00005c63  HAL_LCD_writeCommand                       
00005c8b  HAL_LCD_writeData                          
00005cb9  LCD                                        
00005ce1  display_center                             
00005d0f  display_horizontal_Line                    
00005d37  set_font                                   
00005d59  __aeabi_memcpy                             
00005d59  __aeabi_memcpy4                            
00005d59  __aeabi_memcpy8                            
00005d59  memcpy                                     
00005df5  __aeabi_cdcmpeq                            
00005df5  __aeabi_cdcmple                            
00005e7b  __aeabi_cdrcmple                           
00005f01  __aeabi_memclr                             
00005f01  __aeabi_memclr4                            
00005f01  __aeabi_memclr8                            
00005f03  __aeabi_memset                             
00005f03  __aeabi_memset4                            
00005f03  __aeabi_memset8                            
00005f09  memset                                     
00005f7d  __TI_auto_init                             
00005fed  __aeabi_d2f                                
0000605b  __TI_decompress_lzss                       
000060c5  frexp                                      
000060c5  frexpl                                     
00006129  sprintf                                    
00006189  _c_int00                                   
000061dd  C$$EXIT                                    
000061e1  abort                                      
000061e9  exit                                       
00006231  ltoa                                       
00006285  atoi                                       
000062d1  copy_in                                    
0000631d  __aeabi_d2iz                               
00006365  CPU_cpsid                                  
00006371  CPU_primask                                
0000637b  CPU_cpsie                                  
00006387  CPU_wfi                                    
0000638b  CPU_basepriSet                             
00006399  CPU_basepriGet                             
000063a3  __aeabi_f2d                                
000063db  __aeabi_i2d                                
00006409  memccpy                                    
00006425  _args_main                                 
0000643d  strchr                                     
00006455  _register_unlock                           
0000645b  _register_lock                             
00006463  _nop                                       
00006469  copysign                                   
00006469  copysignl                                  
0000647d  strlen                                     
00006491  __TI_decompress_none                       
0000649f  Reset_Handler                              
000064ab  AES256_IRQHandler                          
000064ab  BusFault_Handler                           
000064ab  COMP_E0_IRQHandler                         
000064ab  COMP_E1_IRQHandler                         
000064ab  CS_IRQHandler                              
000064ab  DMA_ERR_IRQHandler                         
000064ab  DMA_INT0_IRQHandler                        
000064ab  DMA_INT1_IRQHandler                        
000064ab  DMA_INT2_IRQHandler                        
000064ab  DMA_INT3_IRQHandler                        
000064ab  DebugMon_Handler                           
000064ab  Default_Handler                            
000064ab  EUSCIA0_IRQHandler                         
000064ab  EUSCIA1_IRQHandler                         
000064ab  EUSCIA2_IRQHandler                         
000064ab  EUSCIA3_IRQHandler                         
000064ab  EUSCIB0_IRQHandler                         
000064ab  EUSCIB1_IRQHandler                         
000064ab  EUSCIB2_IRQHandler                         
000064ab  EUSCIB3_IRQHandler                         
000064ab  FLCTL_IRQHandler                           
000064ab  FPU_IRQHandler                             
000064ab  HardFault_Handler                          
000064ab  MemManage_Handler                          
000064ab  NMI_Handler                                
000064ab  PCM_IRQHandler                             
000064ab  PORT2_IRQHandler                           
000064ab  PORT3_IRQHandler                           
000064ab  PORT4_IRQHandler                           
000064ab  PORT5_IRQHandler                           
000064ab  PORT6_IRQHandler                           
000064ab  PSS_IRQHandler                             
000064ab  PendSV_Handler                             
000064ab  SVC_Handler                                
000064ab  SysTick_Handler                            
000064ab  T32_INT1_IRQHandler                        
000064ab  T32_INT2_IRQHandler                        
000064ab  T32_INTC_IRQHandler                        
000064ab  TA0_0_IRQHandler                           
000064ab  TA0_N_IRQHandler                           
000064ab  TA1_0_IRQHandler                           
000064ab  TA1_N_IRQHandler                           
000064ab  TA2_0_IRQHandler                           
000064ab  TA2_N_IRQHandler                           
000064ab  TA3_0_IRQHandler                           
000064ab  TA3_N_IRQHandler                           
000064ab  UsageFault_Handler                         
000064ab  WDT_A_IRQHandler                           
000064ad  __TI_zero_init                             
000064b9  _system_pre_init                           
00008ec7  _ctypes_                                   
00008fc8  g_sFontCm18                                
00009090  g_sFontCm18i                               
00009158  g_sFontCm48                                
000092a0  g_sCrystalfontz128x128                     
00009398  __TI_Handler_Table_Base                    
000093a4  __TI_Handler_Table_Limit                   
000093b8  __TI_CINIT_Base                            
000093d0  __TI_CINIT_Limit                           
20000000  g_pfnRAMVectors                            
200000e4  g_sContext                                 
20000100  days_string_number                         
20000114  hours_string                               
20000128  minutes_string                             
2000013c  months_string                              
20000150  seconds_string                             
20000164  temp_array                                 
20000178  temperature_C_string                       
2000018c  temperature_F_string                       
200001a0  temperature_K_string                       
200001b4  years_string                               
200001c8  Temperature_C                              
200001cc  Temperature_F                              
200001d0  Temperature_K                              
200001d4  second                                     
200001d8  temp                                       
200001dc  Lcd_ScreenHeigth                           
200001de  Lcd_ScreenWidth                            
200001e0  Lcd_TouchTrim                              
200001e2  year                                       
200001e4  AM                                         
200001e5  Lcd_FlagRead                               
200001e6  Lcd_FontSolid                              
200001e7  Lcd_Orientation                            
200001e8  Lcd_PenSolid                               
200001e9  day                                        
200001ea  day_of_week                                
200001eb  hour                                       
200001ec  minute                                     
200001ed  month                                      
20000220  reset_seconds                              
20000221  update_time                                
20000224  bla                                        
20000228  change_watch_face                          
20000229  which_face                                 
2000022a  X_ADC                                      
2000022c  Y_ADC                                      
2000022e  Z_ADC                                      
20000230  Vobj                                       
20000234  Tdie                                       
20000238  S0                                         
20000240  __TI_cleanup_ptr                           
20000244  __TI_dtors_ptr                             
20000248  __TI_enable_exit_profile_output            
2000024c  _lock                                      
20000250  _unlock                                    
20000254  errno                                      
20000258  main_func_sp                               
2000025c  SystemCoreClock                            
20000260  temp_num                                   
2000fe00  __stack                                    
20010000  __STACK_END                                
4000480c  WDTCTL_SYM                                 
ffffffff  __TI_pprof_out_hndl                        
ffffffff  __TI_prof_data_size                        
ffffffff  __TI_prof_data_start                       
ffffffff  __binit__                                  
ffffffff  __c_args__                                 
ffffffff  binit                                      
UNDEFED   SHT$$INIT_ARRAY$$Base                      
UNDEFED   SHT$$INIT_ARRAY$$Limit                     

[347 symbols]
